Component: ARM Compiler 5.06 update 7 (build 960) Tool: armlink [4d3601]

==============================================================================

Section Cross References

    startup_stm32f10x_md.o(RESET) refers to startup_stm32f10x_md.o(STACK) for __initial_sp
    startup_stm32f10x_md.o(RESET) refers to startup_stm32f10x_md.o(.text) for Reset_Handler
    startup_stm32f10x_md.o(RESET) refers to stm32f10x_it.o(i.NMI_Handler) for NMI_Handler
    startup_stm32f10x_md.o(RESET) refers to stm32f10x_it.o(i.HardFault_Handler) for HardFault_Handler
    startup_stm32f10x_md.o(RESET) refers to stm32f10x_it.o(i.MemManage_Handler) for MemManage_Handler
    startup_stm32f10x_md.o(RESET) refers to stm32f10x_it.o(i.BusFault_Handler) for BusFault_Handler
    startup_stm32f10x_md.o(RESET) refers to stm32f10x_it.o(i.UsageFault_Handler) for UsageFault_Handler
    startup_stm32f10x_md.o(RESET) refers to stm32f10x_it.o(i.SVC_Handler) for SVC_Handler
    startup_stm32f10x_md.o(RESET) refers to stm32f10x_it.o(i.DebugMon_Handler) for DebugMon_Handler
    startup_stm32f10x_md.o(RESET) refers to stm32f10x_it.o(i.PendSV_Handler) for PendSV_Handler
    startup_stm32f10x_md.o(RESET) refers to stm32f10x_it.o(i.SysTick_Handler) for SysTick_Handler
    startup_stm32f10x_md.o(RESET) refers to stm32f10x_it.o(i.DMA1_Channel1_IRQHandler) for DMA1_Channel1_IRQHandler
    startup_stm32f10x_md.o(RESET) refers to stm32f10x_it.o(i.USART1_IRQHandler) for USART1_IRQHandler
    startup_stm32f10x_md.o(RESET) refers to stm32f10x_it.o(i.USART2_IRQHandler) for USART2_IRQHandler
    startup_stm32f10x_md.o(.text) refers to system_stm32f10x.o(i.SystemInit) for SystemInit
    startup_stm32f10x_md.o(.text) refers to entry.o(.ARM.Collect$$$$00000000) for __main
    system_stm32f10x.o(i.SetSysClock) refers to system_stm32f10x.o(i.SetSysClockTo72) for SetSysClockTo72
    system_stm32f10x.o(i.SystemCoreClockUpdate) refers to system_stm32f10x.o(.data) for .data
    system_stm32f10x.o(i.SystemInit) refers to system_stm32f10x.o(i.SetSysClock) for SetSysClock
    stm32f10x_bkp.o(i.BKP_DeInit) refers to stm32f10x_rcc.o(i.RCC_BackupResetCmd) for RCC_BackupResetCmd
    stm32f10x_can.o(i.CAN_DeInit) refers to stm32f10x_rcc.o(i.RCC_APB1PeriphResetCmd) for RCC_APB1PeriphResetCmd
    stm32f10x_can.o(i.CAN_GetITStatus) refers to stm32f10x_can.o(i.CheckITStatus) for CheckITStatus
    stm32f10x_cec.o(i.CEC_DeInit) refers to stm32f10x_rcc.o(i.RCC_APB1PeriphResetCmd) for RCC_APB1PeriphResetCmd
    stm32f10x_dac.o(i.DAC_DeInit) refers to stm32f10x_rcc.o(i.RCC_APB1PeriphResetCmd) for RCC_APB1PeriphResetCmd
    stm32f10x_flash.o(i.FLASH_EnableWriteProtection) refers to stm32f10x_flash.o(i.FLASH_WaitForLastOperation) for FLASH_WaitForLastOperation
    stm32f10x_flash.o(i.FLASH_EraseAllBank1Pages) refers to stm32f10x_flash.o(i.FLASH_WaitForLastBank1Operation) for FLASH_WaitForLastBank1Operation
    stm32f10x_flash.o(i.FLASH_EraseAllPages) refers to stm32f10x_flash.o(i.FLASH_WaitForLastOperation) for FLASH_WaitForLastOperation
    stm32f10x_flash.o(i.FLASH_EraseOptionBytes) refers to stm32f10x_flash.o(i.FLASH_GetReadOutProtectionStatus) for FLASH_GetReadOutProtectionStatus
    stm32f10x_flash.o(i.FLASH_EraseOptionBytes) refers to stm32f10x_flash.o(i.FLASH_WaitForLastOperation) for FLASH_WaitForLastOperation
    stm32f10x_flash.o(i.FLASH_ErasePage) refers to stm32f10x_flash.o(i.FLASH_WaitForLastOperation) for FLASH_WaitForLastOperation
    stm32f10x_flash.o(i.FLASH_ProgramHalfWord) refers to stm32f10x_flash.o(i.FLASH_WaitForLastOperation) for FLASH_WaitForLastOperation
    stm32f10x_flash.o(i.FLASH_ProgramOptionByteData) refers to stm32f10x_flash.o(i.FLASH_WaitForLastOperation) for FLASH_WaitForLastOperation
    stm32f10x_flash.o(i.FLASH_ProgramWord) refers to stm32f10x_flash.o(i.FLASH_WaitForLastOperation) for FLASH_WaitForLastOperation
    stm32f10x_flash.o(i.FLASH_ReadOutProtection) refers to stm32f10x_flash.o(i.FLASH_WaitForLastOperation) for FLASH_WaitForLastOperation
    stm32f10x_flash.o(i.FLASH_UserOptionByteConfig) refers to stm32f10x_flash.o(i.FLASH_WaitForLastOperation) for FLASH_WaitForLastOperation
    stm32f10x_flash.o(i.FLASH_WaitForLastBank1Operation) refers to stm32f10x_flash.o(i.FLASH_GetBank1Status) for FLASH_GetBank1Status
    stm32f10x_flash.o(i.FLASH_WaitForLastOperation) refers to stm32f10x_flash.o(i.FLASH_GetBank1Status) for FLASH_GetBank1Status
    stm32f10x_gpio.o(i.GPIO_AFIODeInit) refers to stm32f10x_rcc.o(i.RCC_APB2PeriphResetCmd) for RCC_APB2PeriphResetCmd
    stm32f10x_gpio.o(i.GPIO_DeInit) refers to stm32f10x_rcc.o(i.RCC_APB2PeriphResetCmd) for RCC_APB2PeriphResetCmd
    stm32f10x_adc.o(i.ADC_DeInit) refers to stm32f10x_rcc.o(i.RCC_APB2PeriphResetCmd) for RCC_APB2PeriphResetCmd
    stm32f10x_i2c.o(i.I2C_DeInit) refers to stm32f10x_rcc.o(i.RCC_APB1PeriphResetCmd) for RCC_APB1PeriphResetCmd
    stm32f10x_i2c.o(i.I2C_Init) refers to stm32f10x_rcc.o(i.RCC_GetClocksFreq) for RCC_GetClocksFreq
[...]
    i.ESP8266_UnvarnishSend                  0x08001c14   Section        0  esp8266.o(i.ESP8266_UnvarnishSend)
    i.ESP8266_WaitResponse                   0x08001c38   Section        0  esp8266.o(i.ESP8266_WaitResponse)
    i.ESP8266_WaitRxQuiet                    0x08001c98   Section        0  esp8266.o(i.ESP8266_WaitRxQuiet)
    ESP8266_WaitRxQuiet                      0x08001c99   Thumb Code    86  esp8266.o(i.ESP8266_WaitRxQuiet)
    i.GPIO_Init                              0x08001cf4   Section        0  stm32f10x_gpio.o(i.GPIO_Init)
    i.GPIO_ReadInputDataBit                  0x08001d9a   Section        0  stm32f10x_gpio.o(i.GPIO_ReadInputDataBit)
    i.GPIO_ResetBits                         0x08001da8   Section        0  stm32f10x_gpio.o(i.GPIO_ResetBits)
    i.GPIO_SetBits                           0x08001dac   Section        0  stm32f10x_gpio.o(i.GPIO_SetBits)
    i.General_alarm                          0x08001db0   Section        0  alarm.o(i.General_alarm)
    i.Get_STM32_UID                          0x08001e00   Section        0  main.o(i.Get_STM32_UID)
    i.HardFault_Handler                      0x08001e34   Section        0  stm32f10x_it.o(i.HardFault_Handler)
    i.Key_GetNum                             0x08001e38   Section        0  key.o(i.Key_GetNum)
    i.Key_Init                               0x08001e94   Section        0  key.o(i.Key_Init)
    i.LED0_OFF                               0x08001ec0   Section        0  led.o(i.LED0_OFF)
    i.LED0_ON                                0x08001ecc   Section        0  led.o(i.LED0_ON)
    i.LED_Init                               0x08001ed8   Section        0  led.o(i.LED_Init)
    i.MemManage_Handler                      0x08001f0c   Section        0  stm32f10x_it.o(i.MemManage_Handler)
    i.Month_Str_To_Num                       0x08001f10   Section        0  esp8266.o(i.Month_Str_To_Num)
    i.NMI_Handler                            0x08001ff8   Section        0  stm32f10x_it.o(i.NMI_Handler)
    i.NVIC_Configuration                     0x08001ffa   Section        0  usart.o(i.NVIC_Configuration)
    NVIC_Configuration                       0x08001ffb   Thumb Code    38  usart.o(i.NVIC_Configuration)
    i.NVIC_Init                              0x08002020   Section        0  misc.o(i.NVIC_Init)
    i.NVIC_PriorityGroupConfig               0x08002084   Section        0  misc.o(i.NVIC_PriorityGroupConfig)
    i.Open_Penetmode                         0x08002098   Section        0  main.o(i.Open_Penetmode)
    i.PendSV_Handler                         0x080020d0   Section        0  stm32f10x_it.o(i.PendSV_Handler)
    i.ProcessMQTTSubRecv                     0x080020d4   Section        0  esp8266.o(i.ProcessMQTTSubRecv)
    i.RCC_ADCCLKConfig                       0x08002250   Section        0  stm32f10x_rcc.o(i.RCC_ADCCLKConfig)
    i.RCC_AHBPeriphClockCmd                  0x08002264   Section        0  stm32f10x_rcc.o(i.RCC_AHBPeriphClockCmd)
    i.RCC_APB1PeriphClockCmd                 0x08002280   Section        0  stm32f10x_rcc.o(i.RCC_APB1PeriphClockCmd)
    i.RCC_APB1PeriphResetCmd                 0x0800229c   Section        0  stm32f10x_rcc.o(i.RCC_APB1PeriphResetCmd)
    i.RCC_APB2PeriphClockCmd                 0x080022b8   Section        0  stm32f10x_rcc.o(i.RCC_APB2PeriphClockCmd)
    i.RCC_APB2PeriphResetCmd                 0x080022d4   Section        0  stm32f10x_rcc.o(i.RCC_APB2PeriphResetCmd)
    i.RCC_GetClocksFreq                      0x080022f0   Section        0  stm32f10x_rcc.o(i.RCC_GetClocksFreq)
    i.SD_SPI_GPIO_Init                       0x0800239c   Section        0  sd_spi.o(i.SD_SPI_GPIO_Init)
    SD_SPI_GPIO_Init                         0x0800239d   Thumb Code    98  sd_spi.o(i.SD_SPI_GPIO_Init)
    i.SD_SPI_GetSectorCount                  0x08002404   Section        0  sd_spi.o(i.SD_SPI_GetSectorCount)
    i.SD_SPI_HighSpeed                       0x08002410   Section        0  sd_spi.o(i.SD_SPI_HighSpeed)
    SD_SPI_HighSpeed                         0x08002411   Thumb Code     6  sd_spi.o(i.SD_SPI_HighSpeed)
    i.SD_SPI_Init                            0x08002418   Section        0  sd_spi.o(i.SD_SPI_Init)
    i.SD_SPI_LowSpeed                        0x08002584   Section        0  sd_spi.o(i.SD_SPI_LowSpeed)
    SD_SPI_LowSpeed                          0x08002585   Thumb Code     6  sd_spi.o(i.SD_SPI_LowSpeed)
    i.SD_SPI_Peripheral_Init                 0x0800258c   Section        0  sd_spi.o(i.SD_SPI_Peripheral_Init)
    SD_SPI_Peripheral_Init                   0x0800258d   Thumb Code    88  sd_spi.o(i.SD_SPI_Peripheral_Init)
    i.SD_SPI_ReadBlocks                      0x080025e8   Section        0  sd_spi.o(i.SD_SPI_ReadBlocks)
    i.SD_SPI_SetPrescaler                    0x0800265c   Section        0  sd_spi.o(i.SD_SPI_SetPrescaler)
    SD_SPI_SetPrescaler                      0x0800265d   Thumb Code    40  sd_spi.o(i.SD_SPI_SetPrescaler)
    i.SD_SPI_WriteBlocks                     0x08002688   Section        0  sd_spi.o(i.SD_SPI_WriteBlocks)
    i.SPI_Cmd                                0x080026fc   Section        0  stm32f10x_spi.o(i.SPI_Cmd)
    i.SPI_I2S_DeInit                         0x08002714   Section        0  stm32f10x_spi.o(i.SPI_I2S_DeInit)
    i.SPI_I2S_GetFlagStatus                  0x08002778   Section        0  stm32f10x_spi.o(i.SPI_I2S_GetFlagStatus)
    i.SPI_I2S_ReceiveData                    0x08002786   Section        0  stm32f10x_spi.o(i.SPI_I2S_ReceiveData)
    i.SPI_I2S_SendData                       0x0800278a   Section        0  stm32f10x_spi.o(i.SPI_I2S_SendData)
    i.SPI_Init                               0x0800278e   Section        0  stm32f10x_spi.o(i.SPI_Init)
    i.SPI_NSSInternalSoftwareConfig          0x080027c6   Section        0  stm32f10x_spi.o(i.SPI_NSSInternalSoftwareConfig)
    i.SVC_Handler                            0x080027e2   Section        0  stm32f10x_it.o(i.SVC_Handler)
    i.Serial_Init                            0x080027e4   Section        0  serial.o(i.Serial_Init)
    i.Serial_SendByte                        0x0800286c   Section        0  serial.o(i.Serial_SendByte)
    i.Serial_SendString                      0x0800288c   Section        0  serial.o(i.Serial_SendString)
    i.SetSysClock                            0x080028a4   Section        0  system_stm32f10x.o(i.SetSysClock)
    SetSysClock                              0x080028a5   Thumb Code     4  system_stm32f10x.o(i.SetSysClock)
    i.SetSysClockTo72                        0x080028a8   Section        0  system_stm32f10x.o(i.SetSysClockTo72)
    SetSysClockTo72                          0x080028a9   Thumb Code   166  system_stm32f10x.o(i.SetSysClockTo72)
    i.SysTick_Handler                        0x08002958   Section        0  stm32f10x_it.o(i.SysTick_Handler)
    i.SystemInit                             0x0800295c   Section        0  system_stm32f10x.o(i.SystemInit)
    i.TF_Card_Mount                          0x080029ac   Section        0  tf_card.o(i.TF_Card_Mount)
    i.TIM3_TRGO_Init                         0x080029dc   Section        0  main.o(i.TIM3_TRGO_Init)
    TIM3_TRGO_Init                           0x080029dd   Thumb Code    80  main.o(i.TIM3_TRGO_Init)
    i.TIM_Cmd                                0x08002a38   Section        0  stm32f10x_tim.o(i.TIM_Cmd)
    i.TIM_SelectOutputTrigger                0x08002a50   Section        0  stm32f10x_tim.o(i.TIM_SelectOutputTrigger)
    i.TIM_TimeBaseInit                       0x08002a60   Section        0  stm32f10x_tim.o(i.TIM_TimeBaseInit)
    i.Time_GenerateRecordPath                0x08002afc   Section        0  time.o(i.Time_GenerateRecordPath)
    i.USART1_IRQHandler                      0x08002ba8   Section        0  stm32f10x_it.o(i.USART1_IRQHandler)
    i.USART2_IRQHandler                      0x08002bec   Section        0  stm32f10x_it.o(i.USART2_IRQHandler)
    i.USART_Cmd                              0x08002d8c   Section        0  stm32f10x_usart.o(i.USART_Cmd)
    i.USART_Config                           0x08002da4   Section        0  usart.o(i.USART_Config)
    i.USART_GetFlagStatus                    0x08002e38   Section        0  stm32f10x_usart.o(i.USART_GetFlagStatus)
    i.USART_GetITStatus                      0x08002e46   Section        0  stm32f10x_usart.o(i.USART_GetITStatus)
    i.USART_ITConfig                         0x08002e86   Section        0  stm32f10x_usart.o(i.USART_ITConfig)
    i.USART_Init                             0x08002ebc   Section        0  stm32f10x_usart.o(i.USART_Init)
    i.USART_ReceiveData                      0x08002f78   Section        0  stm32f10x_usart.o(i.USART_ReceiveData)
    i.USART_SendData                         0x08002f80   Section        0  stm32f10x_usart.o(i.USART_SendData)
    i.USART_printf                           0x08002f88   Section        0  common.o(i.USART_printf)
    i.UTF8_To_UnicodeEscaped                 0x08003070   Section        0  esp8266.o(i.UTF8_To_UnicodeEscaped)
    UTF8_To_UnicodeEscaped                   0x08003071   Thumb Code   140  esp8266.o(i.UTF8_To_UnicodeEscaped)
    i.UsageFault_Handler                     0x08003104   Section        0  stm32f10x_it.o(i.UsageFault_Handler)
    i.Wav_BuildOssObjectKey                  0x08003108   Section        0  main.o(i.Wav_BuildOssObjectKey)
    Wav_BuildOssObjectKey                    0x08003109   Thumb Code    96  main.o(i.Wav_BuildOssObjectKey)
    i.Wav_Start                              0x08003180   Section        0  main.o(i.Wav_Start)
    Wav_Start                                0x08003181   Thumb Code   166  main.o(i.Wav_Start)
    i.Wav_Stop                               0x080032a4   Section        0  main.o(i.Wav_Stop)
    Wav_Stop                                 0x080032a5   Thumb Code    84  main.o(i.Wav_Stop)
    i.Wav_UploadToOss                        0x08003354   Section        0  main.o(i.Wav_UploadToOss)
    Wav_UploadToOss                          0x08003355   Thumb Code   538  main.o(i.Wav_UploadToOss)
    i.Wav_WriteHeader                        0x080037ac   Section        0  main.o(i.Wav_WriteHeader)
    Wav_WriteHeader                          0x080037ad   Thumb Code   312  main.o(i.Wav_WriteHeader)
    i.__0printf$8                            0x0800392c   Section        0  printf8.o(i.__0printf$8)
    i.__0snprintf$8                          0x0800394c   Section        0  printf8.o(i.__0snprintf$8)
    i.__0sprintf$8                           0x08003980   Section        0  printf8.o(i.__0sprintf$8)
    i.__scatterload_copy                     0x080039a8   Section       14  handlers.o(i.__scatterload_copy)
    i.__scatterload_null                     0x080039b6   Section        2  handlers.o(i.__scatterload_null)
    i.__scatterload_zeroinit                 0x080039b8   Section       14  handlers.o(i.__scatterload_zeroinit)
    i._printf_core                           0x080039c8   Section        0  printf8.o(i._printf_core)
    _printf_core                             0x080039c9   Thumb Code   984  printf8.o(i._printf_core)
    i._printf_post_padding                   0x08003dcc   Section        0  printf8.o(i._printf_post_padding)
    _printf_post_padding                     0x08003dcd   Thumb Code    36  printf8.o(i._printf_post_padding)
    i._printf_pre_padding                    0x08003df0   Section        0  printf8.o(i._printf_pre_padding)
    _printf_pre_padding                      0x08003df1   Thumb Code    46  printf8.o(i._printf_pre_padding)
    i._snputc                                0x08003e1e   Section        0  printf8.o(i._snputc)
    _snputc                                  0x08003e1f   Thumb Code    22  printf8.o(i._snputc)
    i._sputc                                 0x08003e34   Section        0  printf8.o(i._sputc)
    _sputc                                   0x08003e35   Thumb Code    10  printf8.o(i._sputc)
    i.check_fs                               0x08003e40   Section        0  ff.o(i.check_fs)
    check_fs                                 0x08003e41   Thumb Code   198  ff.o(i.check_fs)
    i.clst2sect                              0x08003f14   Section        0  ff.o(i.clst2sect)
    clst2sect                                0x08003f15   Thumb Code    24  ff.o(i.clst2sect)
    i.cmp_lfn                                0x08003f2c   Section        0  ff.o(i.cmp_lfn)
    cmp_lfn                                  0x08003f2d   Thumb Code   142  ff.o(i.cmp_lfn)
    i.create_chain                           0x08003fc0   Section        0  ff.o(i.create_chain)
    create_chain                             0x08003fc1   Thumb Code   238  ff.o(i.create_chain)
    i.create_name                            0x080040b0   Section        0  ff.o(i.create_name)
    create_name                              0x080040b1   Thumb Code   542  ff.o(i.create_name)
    i.dbc_1st                                0x080042e8   Section        0  ff.o(i.dbc_1st)
    dbc_1st                                  0x080042e9   Thumb Code    12  ff.o(i.dbc_1st)
    i.dbc_2nd                                0x080042f4   Section        0  ff.o(i.dbc_2nd)
    dbc_2nd                                  0x080042f5   Thumb Code    12  ff.o(i.dbc_2nd)
    i.dir_alloc                              0x08004300   Section        0  ff.o(i.dir_alloc)
    dir_alloc                                0x08004301   Thumb Code    74  ff.o(i.dir_alloc)
    i.dir_clear                              0x0800434a   Section        0  ff.o(i.dir_clear)
    dir_clear                                0x0800434b   Thumb Code    92  ff.o(i.dir_clear)
    i.dir_find                               0x080043a6   Section        0  ff.o(i.dir_find)
    dir_find                                 0x080043a7   Thumb Code   210  ff.o(i.dir_find)
    i.dir_next                               0x08004478   Section        0  ff.o(i.dir_next)
    dir_next                                 0x08004479   Thumb Code   198  ff.o(i.dir_next)
    i.dir_register                           0x0800453e   Section        0  ff.o(i.dir_register)
    dir_register                             0x0800453f   Thumb Code   296  ff.o(i.dir_register)
    i.dir_sdi                                0x08004666   Section        0  ff.o(i.dir_sdi)
    dir_sdi                                  0x08004667   Thumb Code   148  ff.o(i.dir_sdi)
    i.disk_initialize                        0x080046fc   Section        0  diskio.o(i.disk_initialize)
    i.disk_ioctl                             0x08004730   Section        0  diskio.o(i.disk_ioctl)
    i.disk_read                              0x08004780   Section        0  diskio.o(i.disk_read)
    i.disk_status                            0x080047b4   Section        0  diskio.o(i.disk_status)
    i.disk_write                             0x080047c8   Section        0  diskio.o(i.disk_write)
    i.f_close                                0x080047fc   Section        0  ff.o(i.f_close)
    i.f_lseek                                0x0800481c   Section        0  ff.o(i.f_lseek)
    i.f_mount                                0x0800497c   Section        0  ff.o(i.f_mount)
    i.f_open                                 0x080049c4   Section        0  ff.o(i.f_open)
    i.f_read                                 0x08004b7c   Section        0  ff.o(i.f_read)
    i.f_sync                                 0x08004ce0   Section        0  ff.o(i.f_sync)
    i.f_write                                0x08004d70   Section        0  ff.o(i.f_write)
    i.ff_oem2uni                             0x08004f14   Section        0  ffunicode.o(i.ff_oem2uni)
    i.ff_uni2oem                             0x08004f3c   Section        0  ffunicode.o(i.ff_uni2oem)
    i.ff_wtoupper                            0x08004f78   Section        0  ffunicode.o(i.ff_wtoupper)
    i.find_volume                            0x0800500c   Section        0  ff.o(i.find_volume)
    find_volume                              0x0800500d   Thumb Code    98  ff.o(i.find_volume)
    i.follow_path                            0x0800506e   Section        0  ff.o(i.follow_path)
    follow_path                              0x0800506f   Thumb Code   122  ff.o(i.follow_path)
    i.fputc                                  0x080050e8   Section        0  serial.o(i.fputc)
    i.gen_numname                            0x0800510c   Section        0  ff.o(i.gen_numname)
    gen_numname                              0x0800510d   Thumb Code   158  ff.o(i.gen_numname)
    i.get_fat                                0x080051b0   Section        0  ff.o(i.get_fat)
    get_fat                                  0x080051b1   Thumb Code   196  ff.o(i.get_fat)
    i.get_ldnumber                           0x08005274   Section        0  ff.o(i.get_ldnumber)
    get_ldnumber                             0x08005275   Thumb Code    64  ff.o(i.get_ldnumber)
    i.itoa                                   0x080052b4   Section        0  common.o(i.itoa)
    itoa                                     0x080052b5   Thumb Code    92  common.o(i.itoa)
    i.ld_clust                               0x08005310   Section        0  ff.o(i.ld_clust)
    ld_clust                                 0x08005311   Thumb Code    38  ff.o(i.ld_clust)
    i.ld_dword                               0x08005336   Section        0  ff.o(i.ld_dword)
    ld_dword                                 0x08005337   Thumb Code    22  ff.o(i.ld_dword)
    i.ld_word                                0x0800534c   Section        0  ff.o(i.ld_word)
    ld_word                                  0x0800534d   Thumb Code    10  ff.o(i.ld_word)
    i.main                                   0x08005358   Section        0  main.o(i.main)
    i.mount_volume                           0x0800563c   Section        0  ff.o(i.mount_volume)
    mount_volume                             0x0800563d   Thumb Code   566  ff.o(i.mount_volume)
    i.move_window                            0x08005888   Section        0  ff.o(i.move_window)
    move_window                              0x08005889   Thumb Code    52  ff.o(i.move_window)
    i.put_fat                                0x080058bc   Section        0  ff.o(i.put_fat)
    put_fat                                  0x080058bd   Thumb Code   250  ff.o(i.put_fat)
    i.put_lfn                                0x080059b8   Section        0  ff.o(i.put_lfn)
    put_lfn                                  0x080059b9   Thumb Code   110  ff.o(i.put_lfn)
    i.remove_chain                           0x08005a2c   Section        0  ff.o(i.remove_chain)
    remove_chain                             0x08005a2d   Thumb Code   120  ff.o(i.remove_chain)
    i.sd_deselect                            0x08005aa4   Section        0  sd_spi.o(i.sd_deselect)
    sd_deselect                              0x08005aa5   Thumb Code    20  sd_spi.o(i.sd_deselect)
    i.sd_get_sector_count_from_csd           0x08005abc   Section        0  sd_spi.o(i.sd_get_sector_count_from_csd)
    sd_get_sector_count_from_csd             0x08005abd   Thumb Code   144  sd_spi.o(i.sd_get_sector_count_from_csd)
    i.sd_recv_datablock                      0x08005b4c   Section        0  sd_spi.o(i.sd_recv_datablock)
    sd_recv_datablock                        0x08005b4d   Thumb Code    64  sd_spi.o(i.sd_recv_datablock)
    i.sd_select                              0x08005b90   Section        0  sd_spi.o(i.sd_select)
    sd_select                                0x08005b91   Thumb Code    32  sd_spi.o(i.sd_select)
    i.sd_send_cmd                            0x08005bb8   Section        0  sd_spi.o(i.sd_send_cmd)
    sd_send_cmd                              0x08005bb9   Thumb Code   142  sd_spi.o(i.sd_send_cmd)
    i.sd_send_dummy_clocks                   0x08005c4c   Section        0  sd_spi.o(i.sd_send_dummy_clocks)
    sd_send_dummy_clocks                     0x08005c4d   Thumb Code    32  sd_spi.o(i.sd_send_dummy_clocks)
    i.sd_wait_ready                          0x08005c70   Section        0  sd_spi.o(i.sd_wait_ready)
    sd_wait_ready                            0x08005c71   Thumb Code    30  sd_spi.o(i.sd_wait_ready)
    i.sd_xmit_datablock                      0x08005c94   Section        0  sd_spi.o(i.sd_xmit_datablock)
    sd_xmit_datablock                        0x08005c95   Thumb Code    96  sd_spi.o(i.sd_xmit_datablock)
    i.spi_txrx                               0x08005cf8   Section        0  sd_spi.o(i.spi_txrx)
    spi_txrx                                 0x08005cf9   Thumb Code    48  sd_spi.o(i.spi_txrx)
    i.st_clust                               0x08005d2c   Section        0  ff.o(i.st_clust)
    st_clust                                 0x08005d2d   Thumb Code    40  ff.o(i.st_clust)
    i.st_dword                               0x08005d54   Section        0  ff.o(i.st_dword)
    st_dword                                 0x08005d55   Thumb Code    16  ff.o(i.st_dword)
    i.st_word                                0x08005d64   Section        0  ff.o(i.st_word)
    st_word                                  0x08005d65   Thumb Code     8  ff.o(i.st_word)
    i.sum_sfn                                0x08005d6c   Section        0  ff.o(i.sum_sfn)
    sum_sfn                                  0x08005d6d   Thumb Code    26  ff.o(i.sum_sfn)
    i.sync_fs                                0x08005d88   Section        0  ff.o(i.sync_fs)
    sync_fs                                  0x08005d89   Thumb Code   126  ff.o(i.sync_fs)
    i.sync_window                            0x08005e10   Section        0  ff.o(i.sync_window)
    sync_window                              0x08005e11   Thumb Code    72  ff.o(i.sync_window)
    i.tchar2uni                              0x08005e58   Section        0  ff.o(i.tchar2uni)
    tchar2uni                                0x08005e59   Thumb Code    74  ff.o(i.tchar2uni)
    i.validate                               0x08005ea2   Section        0  ff.o(i.validate)
    validate                                 0x08005ea3   Thumb Code    54  ff.o(i.validate)
    .constdata                               0x08005ed8   Section      188  ff.o(.constdata)
    LfnOfs                                   0x08005ed8   Data          13  ff.o(.constdata)
    ExCvt                                    0x08005ee5   Data         128  ff.o(.constdata)
    cst                                      0x08005f66   Data          14  ff.o(.constdata)
    cst32                                    0x08005f74   Data          14  ff.o(.constdata)
    defopt                                   0x08005f84   Data          16  ff.o(.constdata)
    .constdata                               0x08005f94   Section      942  ffunicode.o(.constdata)
    uc437                                    0x08005f94   Data         256  ffunicode.o(.constdata)
    cvt1                                     0x08006094   Data         498  ffunicode.o(.constdata)
    cvt2                                     0x08006286   Data         188  ffunicode.o(.constdata)
    .constdata                               0x08006342   Section       64  ctype_c.o(.constdata)
    .conststring                             0x08006384   Section      643  esp8266.o(.conststring)
    .conststring                             0x08006608   Section      233  main.o(.conststring)
    .conststring                             0x080066f4   Section     2532  alarm.o(.conststring)
    .data                                    0x20000000   Section       20  system_stm32f10x.o(.data)
    .data                                    0x20000014   Section       20  stm32f10x_rcc.o(.data)
    ADCPrescTable                            0x20000014   Data           4  stm32f10x_rcc.o(.data)
    APBAHBPrescTable                         0x20000018   Data          16  stm32f10x_rcc.o(.data)
    .data                                    0x20000028   Section        1  esp8266.o(.data)
    .data                                    0x20000029   Section        1  esp8266.o(.data)
    .data                                    0x2000002a   Section        3  esp8266.o(.data)
    .data                                    0x20000030   Section       12  main.o(.data)
    g_WavRecording                           0x20000034   Data           1  main.o(.data)
    g_AudioCaptureRunning                    0x20000035   Data           1  main.o(.data)
    g_WavDataBytes                           0x20000038   Data           4  main.o(.data)
    .data                                    0x2000003c   Section       34  time.o(.data)
    record_index                             0x2000003c   Data           2  time.o(.data)
    last_time_fmt                            0x2000003e   Data          32  time.o(.data)
    .data                                    0x2000005e   Section        1  tf_card.o(.data)
    s_mounted                                0x2000005e   Data           1  tf_card.o(.data)
    .data                                    0x20000060   Section        8  ff.o(.data)
    Fsid                                     0x20000060   Data           2  ff.o(.data)
    FatFs                                    0x20000064   Data           4  ff.o(.data)
    .data                                    0x20000068   Section       16  sd_spi.o(.data)
    s_sd_type                                0x20000068   Data           1  sd_spi.o(.data)
    s_sector_count                           0x20000070   Data           4  sd_spi.o(.data)
    .data                                    0x20000078   Section        1  diskio.o(.data)
    s_sd_stat                                0x20000078   Data           1  diskio.o(.data)
    .data                                    0x2000007c   Section        4  stdout.o(.data)
    .bss                                     0x20000080   Section     5408  esp8266.o(.bss)
    g_MqttReplyCmdBuf                        0x20000880   Data         512  esp8266.o(.bss)
    g_MqttPostCmdBuf                         0x20000a80   Data         512  esp8266.o(.bss)
    g_MqttMsgIdBuf                           0x20000c80   Data          32  esp8266.o(.bss)
    g_MqttDeviceNameBuf                      0x20000ca0   Data         128  esp8266.o(.bss)
    g_MqttDeviceNameUnicodeBuf               0x20000d20   Data         256  esp8266.o(.bss)
    g_MqttDeviceIdCmdBuf                     0x20000e20   Data         512  esp8266.o(.bss)
    g_MqttAlarmTimeCmdBuf                    0x20001020   Data         350  esp8266.o(.bss)
    g_MqttTimeStrBuf                         0x2000117e   Data          32  esp8266.o(.bss)
    .bss                                     0x200015a0   Section     4452  main.o(.bss)
    g_WavFile                                0x20001ff4   Data         552  main.o(.bss)
    g_OssUploadFile                          0x2000221c   Data         552  main.o(.bss)
    g_WavPath                                0x20002444   Data          64  main.o(.bss)
    g_OssUploadBuf                           0x20002484   Data         256  main.o(.bss)
    g_OssObjectKey                           0x20002584   Data         128  main.o(.bss)
    g_OssHttpHead                            0x20002604   Data         256  main.o(.bss)
    .bss                                     0x20002704   Section      564  tf_card.o(.bss)
    s_fs                                     0x20002704   Data         564  tf_card.o(.bss)
    .bss                                     0x20002938   Section      512  ff.o(.bss)
    LfnBuf                                   0x20002938   Data         512  ff.o(.bss)
    STACK                                    0x20002b38   Section     4096  startup_stm32f10x_md.o(STACK)

    Global Symbols

    Symbol Name                              Value     Ov Type        Size  Object(Section)

    BuildAttributes$$THM_ISAv4$P$D$K$B$S$PE$A:L22UL41UL21$X:L11$S22US41US21$IEEE1$IW$USESV6$~STKCKD$USESV7$~SHL$OSPACE$ROPI$EBA8$MICROLIB$REQ8$PRES8$EABIv2 0x00000000   Number         0  anon$$obj.o ABSOLUTE
    __ARM_use_no_argv                        0x00000000   Number         0  main.o ABSOLUTE
    _printf_a                                0x00000000   Number         0  stubs.o ABSOLUTE
    _printf_c                                0x00000000   Number         0  stubs.o ABSOLUTE
    _printf_charcount                        0x00000000   Number         0  stubs.o ABSOLUTE
    _printf_d                                0x00000000   Number         0  stubs.o ABSOLUTE
    _printf_e                                0x00000000   Number         0  stubs.o ABSOLUTE
    _printf_f                                0x00000000   Number         0  stubs.o ABSOLUTE
    _printf_flags                            0x00000000   Number         0  stubs.o ABSOLUTE
    _printf_fp_dec                           0x00000000   Number         0  stubs.o ABSOLUTE
    _printf_fp_hex                           0x00000000   Number         0  stubs.o ABSOLUTE
    _printf_g                                0x00000000   Number         0  stubs.o ABSOLUTE
    _printf_i                                0x00000000   Number         0  stubs.o ABSOLUTE
    _printf_int_dec                          0x00000000   Number         0  stubs.o ABSOLUTE
    _printf_l                                0x00000000   Number         0  stubs.o ABSOLUTE
    _printf_lc                               0x00000000   Number         0  stubs.o ABSOLUTE
    _printf_ll                               0x00000000   Number         0  stubs.o ABSOLUTE
    _printf_lld                              0x00000000   Number         0  stubs.o ABSOLUTE
    _printf_lli                              0x00000000   Number         0  stubs.o ABSOLUTE
    _printf_llo                              0x00000000   Number         0  stubs.o ABSOLUTE
    _printf_llu                              0x00000000   Number         0  stubs.o ABSOLUTE
    _printf_llx                              0x00000000   Number         0  stubs.o ABSOLUTE
    _printf_longlong_dec                     0x00000000   Number         0  stubs.o ABSOLUTE
    _printf_longlong_hex                     0x00000000   Number         0  stubs.o ABSOLUTE
    _printf_longlong_oct                     0x00000000   Number         0  stubs.o ABSOLUTE
    _printf_ls                               0x00000000   Number         0  stubs.o ABSOLUTE
    _printf_mbtowc                           0x00000000   Number         0  stubs.o ABSOLUTE
    _printf_n                                0x00000000   Number         0  stubs.o ABSOLUTE
    _printf_o                                0x00000000   Number         0  stubs.o ABSOLUTE
    _printf_p                                0x00000000   Number         0  stubs.o ABSOLUTE
    _printf_percent                          0x00000000   Number         0  stubs.o ABSOLUTE
    _printf_pre_padding                      0x00000000   Number         0  stubs.o ABSOLUTE
    _printf_return_value                     0x00000000   Number         0  stubs.o ABSOLUTE
    _printf_s                                0x00000000   Number         0  stubs.o ABSOLUTE
    _printf_sizespec                         0x00000000   Number         0  stubs.o ABSOLUTE
    _printf_str                              0x00000000   Number         0  stubs.o ABSOLUTE
    _printf_truncate_signed                  0x00000000   Number         0  stubs.o ABSOLUTE
    _printf_truncate_unsigned                0x00000000   Number         0  stubs.o ABSOLUTE
    _printf_u                                0x00000000   Number         0  stubs.o ABSOLUTE
    _printf_wc                               0x00000000   Number         0  stubs.o ABSOLUTE
    _printf_wctomb                           0x00000000   Number         0  stubs.o ABSOLUTE
    _printf_widthprec                        0x00000000   Number         0  stubs.o ABSOLUTE
    _printf_x                                0x00000000   Number         0  stubs.o ABSOLUTE
    __arm_fini_                               - Undefined Weak Reference
    __cpp_initialize__aeabi_                  - Undefined Weak Reference
    __cxa_finalize                            - Undefined Weak Reference
    __decompress                              - Undefined Weak Reference
    _clock_init                               - Undefined Weak Reference
    _microlib_exit                            - Undefined Weak Reference
    _scanf_longlong                           - Undefined Weak Reference
    _scanf_real                               - Undefined Weak Reference
    __Vectors_Size                           0x000000ec   Number         0  startup_stm32f10x_md.o ABSOLUTE
    __Vectors                                0x08000000   Data           4  startup_stm32f10x_md.o(RESET)
    __Vectors_End                            0x080000ec   Data           0  startup_stm32f10x_md.o(RESET)
    __main                                   0x080000ed   Thumb Code     0  entry.o(.ARM.Collect$$$$00000000)
    _main_stk                                0x080000ed   Thumb Code     0  entry2.o(.ARM.Collect$$$$00000001)
    _main_scatterload                        0x080000f1   Thumb Code     0  entry5.o(.ARM.Collect$$$$00000004)
    __main_after_scatterload                 0x080000f5   Thumb Code     0  entry5.o(.ARM.Collect$$$$00000004)
    _main_clock                              0x080000f5   Thumb Code     0  entry7b.o(.ARM.Collect$$$$00000008)
    _main_cpp_init                           0x080000f5   Thumb Code     0  entry8b.o(.ARM.Collect$$$$0000000A)
    _main_init                               0x080000f5   Thumb Code     0  entry9a.o(.ARM.Collect$$$$0000000B)
    __rt_lib_shutdown_fini                   0x080000fd   Thumb Code     0  entry12b.o(.ARM.Collect$$$$0000000E)
    __rt_final_cpp                           0x08000101   Thumb Code     0  entry10a.o(.ARM.Collect$$$$0000000F)
    __rt_final_exit                          0x08000101   Thumb Code     0  entry11a.o(.ARM.Collect$$$$00000011)
    Reset_Handler                            0x08000105   Thumb Code     8  startup_stm32f10x_md.o(.text)
    ADC1_2_IRQHandler                        0x0800011f   Thumb Code     0  startup_stm32f10x_md.o(.text)
    CAN1_RX1_IRQHandler                      0x0800011f   Thumb Code     0  startup_stm32f10x_md.o(.text)
    CAN1_SCE_IRQHandler                      0x0800011f   Thumb Code     0  startup_stm32f10x_md.o(.text)
    DMA1_Channel2_IRQHandler                 0x0800011f   Thumb Code     0  startup_stm32f10x_md.o(.text)
    DMA1_Channel3_IRQHandler                 0x0800011f   Thumb Code     0  startup_stm32f10x_md.o(.text)
    DMA1_Channel4_IRQHandler                 0x0800011f   Thumb Code     0  startup_stm32f10x_md.o(.text)
    DMA1_Channel5_IRQHandler                 0x0800011f   Thumb Code     0  startup_stm32f10x_md.o(.text)
    DMA1_Channel6_IRQHandler                 0x0800011f   Thumb Code     0  startup_stm32f10x_md.o(.text)
    DMA1_Channel7_IRQHandler                 0x0800011f   Thumb Code     0  startup_stm32f10x_md.o(.text)
    EXTI0_IRQHandler                         0x0800011f   Thumb Code     0  startup_stm32f10x_md.o(.text)
    EXTI15_10_IRQHandler                     0x0800011f   Thumb Code     0  startup_stm32f10x_md.o(.text)
    EXTI1_IRQHandler                         0x0800011f   Thumb Code     0  startup_stm32f10x_md.o(.text)
    EXTI2_IRQHandler                         0x0800011f   Thumb Code     0  startup_stm32f10x_md.o(.text)
    EXTI3_IRQHandler                         0x0800011f   Thumb Code     0  startup_stm32f10x_md.o(.text)
    EXTI4_IRQHandler                         0x0800011f   Thumb Code     0  startup_stm32f10x_md.o(.text)
    EXTI9_5_IRQHandler                       0x0800011f   Thumb Code     0  startup_stm32f10x_md.o(.text)
    FLASH_IRQHandler                         0x0800011f   Thumb Code     0  startup_stm32f10x_md.o(.text)
    I2C1_ER_IRQHandler                       0x0800011f   Thumb Code     0  startup_stm32f10x_md.o(.text)
    I2C1_EV_IRQHandler                       0x0800011f   Thumb Code     0  startup_stm32f10x_md.o(.text)
    I2C2_ER_IRQHandler                       0x0800011f   Thumb Code     0  startup_stm32f10x_md.o(.text)
    I2C2_EV_IRQHandler                       0x0800011f   Thumb Code     0  startup_stm32f10x_md.o(.text)
    PVD_IRQHandler                           0x0800011f   Thumb Code     0  startup_stm32f10x_md.o(.text)
    RCC_IRQHandler                           0x0800011f   Thumb Code     0  startup_stm32f10x_md.o(.text)
    RTCAlarm_IRQHandler                      0x0800011f   Thumb Code     0  startup_stm32f10x_md.o(.text)
    RTC_IRQHandler                           0x0800011f   Thumb Code     0  startup_stm32f10x_md.o(.text)
    SPI1_IRQHandler                          0x0800011f   Thumb Code     0  startup_stm32f10x_md.o(.text)
    SPI2_IRQHandler                          0x0800011f   Thumb Code     0  startup_stm32f10x_md.o(.text)
    TAMPER_IRQHandler                        0x0800011f   Thumb Code     0  startup_stm32f10x_md.o(.text)
    TIM1_BRK_IRQHandler                      0x0800011f   Thumb Code     0  startup_stm32f10x_md.o(.text)
    TIM1_CC_IRQHandler                       0x0800011f   Thumb Code     0  startup_stm32f10x_md.o(.text)
    TIM1_TRG_COM_IRQHandler                  0x0800011f   Thumb Code     0  startup_stm32f10x_md.o(.text)
    TIM1_UP_IRQHandler                       0x0800011f   Thumb Code     0  startup_stm32f10x_md.o(.text)
    TIM2_IRQHandler                          0x0800011f   Thumb Code     0  startup_stm32f10x_md.o(.text)
    TIM3_IRQHandler                          0x0800011f   Thumb Code     0  startup_stm32f10x_md.o(.text)
    TIM4_IRQHandler                          0x0800011f   Thumb Code     0  startup_stm32f10x_md.o(.text)
    USART3_IRQHandler                        0x0800011f   Thumb Code     0  startup_stm32f10x_md.o(.text)
    USBWakeUp_IRQHandler                     0x0800011f   Thumb Code     0  startup_stm32f10x_md.o(.text)
    USB_HP_CAN1_TX_IRQHandler                0x0800011f   Thumb Code     0  startup_stm32f10x_md.o(.text)
    USB_LP_CAN1_RX0_IRQHandler               0x0800011f   Thumb Code     0  startup_stm32f10x_md.o(.text)
    WWDG_IRQHandler                          0x0800011f   Thumb Code     0  startup_stm32f10x_md.o(.text)
    __aeabi_memcpy                           0x08000129   Thumb Code    36  memcpya.o(.text)
    __aeabi_memcpy4                          0x08000129   Thumb Code     0  memcpya.o(.text)
    __aeabi_memcpy8                          0x08000129   Thumb Code     0  memcpya.o(.text)
    __aeabi_memset                           0x0800014d   Thumb Code    14  memseta.o(.text)
    __aeabi_memset4                          0x0800014d   Thumb Code     0  memseta.o(.text)
    __aeabi_memset8                          0x0800014d   Thumb Code     0  memseta.o(.text)
    __aeabi_memclr                           0x0800015b   Thumb Code     4  memseta.o(.text)
    __aeabi_memclr4                          0x0800015b   Thumb Code     0  memseta.o(.text)
    __aeabi_memclr8                          0x0800015b   Thumb Code     0  memseta.o(.text)
    _memset$wrapper                          0x0800015f   Thumb Code    18  memseta.o(.text)
    strstr                                   0x08000171   Thumb Code    36  strstr.o(.text)
    strncpy                                  0x08000195   Thumb Code    24  strncpy.o(.text)
    strchr                                   0x080001ad   Thumb Code    20  strchr.o(.text)
    strlen                                   0x080001c1   Thumb Code    14  strlen.o(.text)
    strcmp                                   0x080001cf   Thumb Code    28  strcmp.o(.text)
    memcmp                                   0x080001eb   Thumb Code    26  memcmp.o(.text)
    __0sscanf                                0x08000205   Thumb Code    48  __0sscanf.o(.text)
    _scanf_int                               0x0800023d   Thumb Code   332  _scanf_int.o(.text)
    _scanf_string                            0x08000389   Thumb Code   224  _scanf_str.o(.text)
    __aeabi_uldivmod                         0x08000469   Thumb Code    98  uldiv.o(.text)
    _chval                                   0x080004cb   Thumb Code    28  _chval.o(.text)
    __vfscanf_char                           0x080004f5   Thumb Code    20  scanf_char.o(.text)
    _sgetc                                   0x08000511   Thumb Code    30  _sgetc.o(.text)
    _sbackspace                              0x0800052f   Thumb Code    34  _sgetc.o(.text)
    __scatterload                            0x08000551   Thumb Code    28  init.o(.text)
    __scatterload_rt2                        0x08000551   Thumb Code     0  init.o(.text)
    __aeabi_llsl                             0x08000575   Thumb Code    30  llshl.o(.text)
    _ll_shift_l                              0x08000575   Thumb Code     0  llshl.o(.text)
    __aeabi_llsr                             0x08000593   Thumb Code    32  llushr.o(.text)
    _ll_ushift_r                             0x08000593   Thumb Code     0  llushr.o(.text)
    isspace                                  0x080005b3   Thumb Code    10  isspace_c.o(.text)
    __vfscanf                                0x080005bd   Thumb Code   810  _scanf.o(.text)
    __ctype_lookup                           0x080008ed   Thumb Code    34  ctype_c.o(.text)
    ADC_Cmd                                  0x080009bd   Thumb Code    24  stm32f10x_adc.o(i.ADC_Cmd)
    ADC_DMACmd                               0x080009d5   Thumb Code    24  stm32f10x_adc.o(i.ADC_DMACmd)
    ADC_DeInit                               0x080009ed   Thumb Code    88  stm32f10x_adc.o(i.ADC_DeInit)
    ADC_ExternalTrigConvCmd                  0x08000a51   Thumb Code    24  stm32f10x_adc.o(i.ADC_ExternalTrigConvCmd)
    ADC_GetCalibrationStatus                 0x08000a69   Thumb Code    14  stm32f10x_adc.o(i.ADC_GetCalibrationStatus)
    ADC_GetResetCalibrationStatus            0x08000a77   Thumb Code    14  stm32f10x_adc.o(i.ADC_GetResetCalibrationStatus)
    ADC_Init                                 0x08000a85   Thumb Code    62  stm32f10x_adc.o(i.ADC_Init)
    ADC_RegularChannelConfig                 0x08000acd   Thumb Code   116  stm32f10x_adc.o(i.ADC_RegularChannelConfig)
    ADC_ResetCalibration                     0x08000b41   Thumb Code    10  stm32f10x_adc.o(i.ADC_ResetCalibration)
    ADC_StartCalibration                     0x08000b4b   Thumb Code    10  stm32f10x_adc.o(i.ADC_StartCalibration)
    Alarm_Blood                              0x08000b55   Thumb Code    72  alarm.o(i.Alarm_Blood)
    Alarm_ButtomDown                         0x08000bad   Thumb Code    76  alarm.o(i.Alarm_ButtomDown)
    Alarm_CallPeople                         0x08000c09   Thumb Code    72  alarm.o(i.Alarm_CallPeople)
    Alarm_DontMove                           0x08000c61   Thumb Code    72  alarm.o(i.Alarm_DontMove)
    Alarm_Explosion                          0x08000cb9   Thumb Code    72  alarm.o(i.Alarm_Explosion)
    Alarm_Faint                              0x08000d11   Thumb Code    72  alarm.o(i.Alarm_Faint)
    Alarm_Fight                              0x08000d69   Thumb Code    72  alarm.o(i.Alarm_Fight)
    Alarm_Fire                               0x08000dc1   Thumb Code    72  alarm.o(i.Alarm_Fire)
    Alarm_GroupFight                         0x08000e19   Thumb Code    72  alarm.o(i.Alarm_GroupFight)
    Alarm_HelpMe                             0x08000e71   Thumb Code    72  alarm.o(i.Alarm_HelpMe)
    Alarm_Kidnap                             0x08000ec9   Thumb Code    72  alarm.o(i.Alarm_Kidnap)
    Alarm_Kill                               0x08000f21   Thumb Code    72  alarm.o(i.Alarm_Kill)
    Alarm_Robbery                            0x08000f79   Thumb Code    72  alarm.o(i.Alarm_Robbery)
    Alarm_StopHit                            0x08000fd5   Thumb Code    72  alarm.o(i.Alarm_StopHit)
    Alarm_Voice                              0x0800102d   Thumb Code    72  alarm.o(i.Alarm_Voice)
    App_IsRecording                          0x08001085   Thumb Code     6  main.o(i.App_IsRecording)
    App_TryStartAlarmRecording               0x08001091   Thumb Code    22  main.o(i.App_TryStartAlarmRecording)
    BusFault_Handler                         0x080011fd   Thumb Code     2  stm32f10x_it.o(i.BusFault_Handler)
    DMA1_Channel1_IRQHandler                 0x08001289   Thumb Code    44  stm32f10x_it.o(i.DMA1_Channel1_IRQHandler)
    DMA_ClearITPendingBit                    0x080012bd   Thumb Code    16  stm32f10x_dma.o(i.DMA_ClearITPendingBit)
    DMA_Cmd                                  0x080012d5   Thumb Code    26  stm32f10x_dma.o(i.DMA_Cmd)
    DMA_DeInit                               0x080012f1   Thumb Code   238  stm32f10x_dma.o(i.DMA_DeInit)
    DMA_GetITStatus                          0x080013e9   Thumb Code    26  stm32f10x_dma.o(i.DMA_GetITStatus)
    DMA_ITConfig                             0x0800140d   Thumb Code    20  stm32f10x_dma.o(i.DMA_ITConfig)
    DMA_Init                                 0x08001421   Thumb Code    58  stm32f10x_dma.o(i.DMA_Init)
    DebugMon_Handler                         0x0800145b   Thumb Code     2  stm32f10x_it.o(i.DebugMon_Handler)
    Delay_ms                                 0x0800145d   Thumb Code    24  delay.o(i.Delay_ms)
    Delay_us                                 0x08001475   Thumb Code    32  delay.o(i.Delay_us)
    ESP8266_AT_Test                          0x08001495   Thumb Code    14  esp8266.o(i.ESP8266_AT_Test)
    ESP8266_Cmd                              0x080014ad   Thumb Code    92  esp8266.o(i.ESP8266_Cmd)
    ESP8266_ExitUnvarnishSend                0x08001519   Thumb Code    30  esp8266.o(i.ESP8266_ExitUnvarnishSend)
    ESP8266_Get_RealTime                     0x08001541   Thumb Code   194  esp8266.o(i.ESP8266_Get_RealTime)
    ESP8266_Init                             0x08001681   Thumb Code     4  esp8266.o(i.ESP8266_Init)
    ESP8266_JoinAP                           0x08001685   Thumb Code    34  esp8266.o(i.ESP8266_JoinAP)
    ESP8266_Link_Server                      0x080016c1   Thumb Code   104  esp8266.o(i.ESP8266_Link_Server)
    ESP8266_Net_Mode_Choose                  0x08001851   Thumb Code    50  esp8266.o(i.ESP8266_Net_Mode_Choose)
    ESP8266_SendRawBuffer                    0x080018ad   Thumb Code    14  esp8266.o(i.ESP8266_SendRawBuffer)
    ESP8266_Send_Alarm_Time                  0x080018ed   Thumb Code    80  esp8266.o(i.ESP8266_Send_Alarm_Time)
    ESP8266_StaTcpClient                     0x08001991   Thumb Code   144  esp8266.o(i.ESP8266_StaTcpClient)
    ESP8266_UnvarnishSend                    0x08001c15   Thumb Code    14  esp8266.o(i.ESP8266_UnvarnishSend)
    ESP8266_WaitResponse                     0x08001c39   Thumb Code    92  esp8266.o(i.ESP8266_WaitResponse)
    GPIO_Init                                0x08001cf5   Thumb Code   166  stm32f10x_gpio.o(i.GPIO_Init)
    GPIO_ReadInputDataBit                    0x08001d9b   Thumb Code    14  stm32f10x_gpio.o(i.GPIO_ReadInputDataBit)
    GPIO_ResetBits                           0x08001da9   Thumb Code     4  stm32f10x_gpio.o(i.GPIO_ResetBits)
    GPIO_SetBits                             0x08001dad   Thumb Code     4  stm32f10x_gpio.o(i.GPIO_SetBits)
    General_alarm                            0x08001db1   Thumb Code    64  alarm.o(i.General_alarm)
    Get_STM32_UID                            0x08001e01   Thumb Code    32  main.o(i.Get_STM32_UID)
    HardFault_Handler                        0x08001e35   Thumb Code     2  stm32f10x_it.o(i.HardFault_Handler)
    Key_GetNum                               0x08001e39   Thumb Code    86  key.o(i.Key_GetNum)
    Key_Init                                 0x08001e95   Thumb Code    40  key.o(i.Key_Init)
    LED0_OFF                                 0x08001ec1   Thumb Code     8  led.o(i.LED0_OFF)
    LED0_ON                                  0x08001ecd   Thumb Code     8  led.o(i.LED0_ON)
    LED_Init                                 0x08001ed9   Thumb Code    48  led.o(i.LED_Init)
    MemManage_Handler                        0x08001f0d   Thumb Code     2  stm32f10x_it.o(i.MemManage_Handler)
    Month_Str_To_Num                         0x08001f11   Thumb Code   184  esp8266.o(i.Month_Str_To_Num)
    NMI_Handler                              0x08001ff9   Thumb Code     2  stm32f10x_it.o(i.NMI_Handler)
    NVIC_Init                                0x08002021   Thumb Code    96  misc.o(i.NVIC_Init)
    NVIC_PriorityGroupConfig                 0x08002085   Thumb Code    10  misc.o(i.NVIC_PriorityGroupConfig)
    Open_Penetmode                           0x08002099   Thumb Code    24  main.o(i.Open_Penetmode)
    PendSV_Handler                           0x080020d1   Thumb Code     2  stm32f10x_it.o(i.PendSV_Handler)
    ProcessMQTTSubRecv                       0x080020d5   Thumb Code   244  esp8266.o(i.ProcessMQTTSubRecv)
    RCC_ADCCLKConfig                         0x08002251   Thumb Code    14  stm32f10x_rcc.o(i.RCC_ADCCLKConfig)
    RCC_AHBPeriphClockCmd                    0x08002265   Thumb Code    22  stm32f10x_rcc.o(i.RCC_AHBPeriphClockCmd)
    RCC_APB1PeriphClockCmd                   0x08002281   Thumb Code    22  stm32f10x_rcc.o(i.RCC_APB1PeriphClockCmd)
    RCC_APB1PeriphResetCmd                   0x0800229d   Thumb Code    22  stm32f10x_rcc.o(i.RCC_APB1PeriphResetCmd)
    RCC_APB2PeriphClockCmd                   0x080022b9   Thumb Code    22  stm32f10x_rcc.o(i.RCC_APB2PeriphClockCmd)
    RCC_APB2PeriphResetCmd                   0x080022d5   Thumb Code    22  stm32f10x_rcc.o(i.RCC_APB2PeriphResetCmd)
    RCC_GetClocksFreq                        0x080022f1   Thumb Code   154  stm32f10x_rcc.o(i.RCC_GetClocksFreq)
    SD_SPI_GetSectorCount                    0x08002405   Thumb Code     6  sd_spi.o(i.SD_SPI_GetSectorCount)
    SD_SPI_Init                              0x08002419   Thumb Code   356  sd_spi.o(i.SD_SPI_Init)
    SD_SPI_ReadBlocks                        0x080025e9   Thumb Code   112  sd_spi.o(i.SD_SPI_ReadBlocks)
    SD_SPI_WriteBlocks                       0x08002689   Thumb Code   112  sd_spi.o(i.SD_SPI_WriteBlocks)
    SPI_Cmd                                  0x080026fd   Thumb Code    24  stm32f10x_spi.o(i.SPI_Cmd)
    SPI_I2S_DeInit                           0x08002715   Thumb Code    88  stm32f10x_spi.o(i.SPI_I2S_DeInit)
    SPI_I2S_GetFlagStatus                    0x08002779   Thumb Code    14  stm32f10x_spi.o(i.SPI_I2S_GetFlagStatus)
    SPI_I2S_ReceiveData                      0x08002787   Thumb Code     4  stm32f10x_spi.o(i.SPI_I2S_ReceiveData)
    SPI_I2S_SendData                         0x0800278b   Thumb Code     4  stm32f10x_spi.o(i.SPI_I2S_SendData)
    SPI_Init                                 0x0800278f   Thumb Code    56  stm32f10x_spi.o(i.SPI_Init)
    SPI_NSSInternalSoftwareConfig            0x080027c7   Thumb Code    28  stm32f10x_spi.o(i.SPI_NSSInternalSoftwareConfig)
    SVC_Handler                              0x080027e3   Thumb Code     2  stm32f10x_it.o(i.SVC_Handler)
    Serial_Init                              0x080027e5   Thumb Code   126  serial.o(i.Serial_Init)
    Serial_SendByte                          0x0800286d   Thumb Code    26  serial.o(i.Serial_SendByte)
    Serial_SendString                        0x0800288d   Thumb Code    24  serial.o(i.Serial_SendString)
    SysTick_Handler                          0x08002959   Thumb Code     2  stm32f10x_it.o(i.SysTick_Handler)
    SystemInit                               0x0800295d   Thumb Code    64  system_stm32f10x.o(i.SystemInit)
    TF_Card_Mount                            0x080029ad   Thumb Code    34  tf_card.o(i.TF_Card_Mount)
    TIM_Cmd                                  0x08002a39   Thumb Code    24  stm32f10x_tim.o(i.TIM_Cmd)
    TIM_SelectOutputTrigger                  0x08002a51   Thumb Code    16  stm32f10x_tim.o(i.TIM_SelectOutputTrigger)
    TIM_TimeBaseInit                         0x08002a61   Thumb Code   114  stm32f10x_tim.o(i.TIM_TimeBaseInit)
    Time_GenerateRecordPath                  0x08002afd   Thumb Code   144  time.o(i.Time_GenerateRecordPath)
    USART1_IRQHandler                        0x08002ba9   Thumb Code    54  stm32f10x_it.o(i.USART1_IRQHandler)
    USART2_IRQHandler                        0x08002bed   Thumb Code   304  stm32f10x_it.o(i.USART2_IRQHandler)
    USART_Cmd                                0x08002d8d   Thumb Code    24  stm32f10x_usart.o(i.USART_Cmd)
    USART_Config                             0x08002da5   Thumb Code   138  usart.o(i.USART_Config)
    USART_GetFlagStatus                      0x08002e39   Thumb Code    14  stm32f10x_usart.o(i.USART_GetFlagStatus)
    USART_GetITStatus                        0x08002e47   Thumb Code    64  stm32f10x_usart.o(i.USART_GetITStatus)
    USART_ITConfig                           0x08002e87   Thumb Code    54  stm32f10x_usart.o(i.USART_ITConfig)
    USART_Init                               0x08002ebd   Thumb Code   182  stm32f10x_usart.o(i.USART_Init)
    USART_ReceiveData                        0x08002f79   Thumb Code     8  stm32f10x_usart.o(i.USART_ReceiveData)
    USART_SendData                           0x08002f81   Thumb Code     8  stm32f10x_usart.o(i.USART_SendData)
    USART_printf                             0x08002f89   Thumb Code   230  common.o(i.USART_printf)
    UsageFault_Handler                       0x08003105   Thumb Code     2  stm32f10x_it.o(i.UsageFault_Handler)
    __0printf$8                              0x0800392d   Thumb Code    22  printf8.o(i.__0printf$8)
    __1printf$8                              0x0800392d   Thumb Code     0  printf8.o(i.__0printf$8)
    __2printf                                0x0800392d   Thumb Code     0  printf8.o(i.__0printf$8)
    __0snprintf$8                            0x0800394d   Thumb Code    48  printf8.o(i.__0snprintf$8)
    __1snprintf$8                            0x0800394d   Thumb Code     0  printf8.o(i.__0snprintf$8)
    __2snprintf                              0x0800394d   Thumb Code     0  printf8.o(i.__0snprintf$8)
    __0sprintf$8                             0x08003981   Thumb Code    34  printf8.o(i.__0sprintf$8)
    __1sprintf$8                             0x08003981   Thumb Code     0  printf8.o(i.__0sprintf$8)
    __2sprintf                               0x08003981   Thumb Code     0  printf8.o(i.__0sprintf$8)
    __scatterload_copy                       0x080039a9   Thumb Code    14  handlers.o(i.__scatterload_copy)
    __scatterload_null                       0x080039b7   Thumb Code     2  handlers.o(i.__scatterload_null)
    __scatterload_zeroinit                   0x080039b9   Thumb Code    14  handlers.o(i.__scatterload_zeroinit)
    disk_initialize                          0x080046fd   Thumb Code    46  diskio.o(i.disk_initialize)
    disk_ioctl                               0x08004731   Thumb Code    74  diskio.o(i.disk_ioctl)
    disk_read                                0x08004781   Thumb Code    48  diskio.o(i.disk_read)
    disk_status                              0x080047b5   Thumb Code    14  diskio.o(i.disk_status)
    disk_write                               0x080047c9   Thumb Code    48  diskio.o(i.disk_write)
    f_close                                  0x080047fd   Thumb Code    32  ff.o(i.f_close)
    f_lseek                                  0x0800481d   Thumb Code   352  ff.o(i.f_lseek)
    f_mount                                  0x0800497d   Thumb Code    66  ff.o(i.f_mount)
    f_open                                   0x080049c5   Thumb Code   436  ff.o(i.f_open)
    f_read                                   0x08004b7d   Thumb Code   356  ff.o(i.f_read)
    f_sync                                   0x08004ce1   Thumb Code   140  ff.o(i.f_sync)
    f_write                                  0x08004d71   Thumb Code   418  ff.o(i.f_write)
    ff_oem2uni                               0x08004f15   Thumb Code    36  ffunicode.o(i.ff_oem2uni)
    ff_uni2oem                               0x08004f3d   Thumb Code    54  ffunicode.o(i.ff_uni2oem)
    ff_wtoupper                              0x08004f79   Thumb Code   140  ffunicode.o(i.ff_wtoupper)
    fputc                                    0x080050e9   Thumb Code    30  serial.o(i.fputc)
    main                                     0x08005359   Thumb Code   568  main.o(i.main)
    __ctype_categories                       0x08006342   Data          64  ctype_c.o(.constdata)
    Region$$Table$$Base                      0x080070d8   Number         0  anon$$obj.o(Region$$Table)
    Region$$Table$$Limit                     0x080070f8   Number         0  anon$$obj.o(Region$$Table)
    SystemCoreClock                          0x20000000   Data           4  system_stm32f10x.o(.data)
    AHBPrescTable                            0x20000004   Data          16  system_stm32f10x.o(.data)
    ucTcpClosedFlag                          0x20000028   Data           1  esp8266.o(.data)
    g_ESP8266RawBusy                         0x20000029   Data           1  esp8266.o(.data)
    g_MqttConnected                          0x2000002a   Data           1  esp8266.o(.data)
    g_MqttSubRecvPending                     0x2000002b   Data           1  esp8266.o(.data)
    g_MqttTimRecvPending                     0x2000002c   Data           1  esp8266.o(.data)
    g_PassthroughMode                        0x20000030   Data           1  main.o(.data)
    uart_index                               0x20000031   Data           1  main.o(.data)
    g_AudioHalfReady                         0x20000032   Data           1  main.o(.data)
    g_AudioFullReady                         0x20000033   Data           1  main.o(.data)
    flag                                     0x20000036   Data           1  main.o(.data)
    g_sd_cmd0_r1                             0x20000069   Data           1  sd_spi.o(.data)
    g_sd_wait_ready_last                     0x2000006a   Data           1  sd_spi.o(.data)
    g_sd_select_ok                           0x2000006b   Data           1  sd_spi.o(.data)
    g_sd_sendcmd_cmd                         0x2000006c   Data           1  sd_spi.o(.data)
    g_sd_sendcmd_res                         0x2000006d   Data           1  sd_spi.o(.data)
    g_sd_cmd0_tmr                            0x20000074   Data           4  sd_spi.o(.data)
    __stdout                                 0x2000007c   Data           4  stdout.o(.data)
    g_MqttSubRecvBuf                         0x20000080   Data        1024  esp8266.o(.bss)
    g_MqttTimeRecvBuf                        0x20000480   Data        1024  esp8266.o(.bss)
    strEsp8266_Fram_Record                   0x2000119e   Data        1026  esp8266.o(.bss)
    upload_url                               0x200015a0   Data        1024  main.o(.bss)
    uart_buffer                              0x200019a0   Data          20  main.o(.bss)
    g_AudioAdcBuf                            0x200019b4   Data        1600  main.o(.bss)
    __initial_sp                             0x20003b38   Data           0  startup_stm32f10x_md.o(STACK)



==============================================================================

Memory Map of the image

  Image Entry point : 0x080000ed

  Load Region LR_IROM1 (Base: 0x08000000, Size: 0x00007178, Max: 0x00010000, ABSOLUTE)

    Execution Region ER_IROM1 (Exec base: 0x08000000, Load base: 0x08000000, Size: 0x000070f8, Max: 0x00010000, ABSOLUTE)

    Exec Addr    Load Addr    Size         Type   Attr      Idx    E Section Name        Object

    0x08000000   0x08000000   0x000000ec   Data   RO            3    RESET               startup_stm32f10x_md.o
    0x080000ec   0x080000ec   0x00000000   Code   RO         4665  * .ARM.Collect$$$$00000000  mc_w.l(entry.o)
    0x080000ec   0x080000ec   0x00000004   Code   RO         4983    .ARM.Collect$$$$00000001  mc_w.l(entry2.o)
    0x080000f0   0x080000f0   0x00000004   Code   RO         4986    .ARM.Collect$$$$00000004  mc_w.l(entry5.o)
    0x080000f4   0x080000f4   0x00000000   Code   RO         4988    .ARM.Collect$$$$00000008  mc_w.l(entry7b.o)
    0x080000f4   0x080000f4   0x00000000   Code   RO         4990    .ARM.Collect$$$$0000000A  mc_w.l(entry8b.o)
    0x080000f4   0x080000f4   0x00000008   Code   RO         4991    .ARM.Collect$$$$0000000B  mc_w.l(entry9a.o)
    0x080000fc   0x080000fc   0x00000004   Code   RO         4998    .ARM.Collect$$$$0000000E  mc_w.l(entry12b.o)
    0x08000100   0x08000100   0x00000000   Code   RO         4993    .ARM.Collect$$$$0000000F  mc_w.l(entry10a.o)
    0x08000100   0x08000100   0x00000000   Code   RO         4995    .ARM.Collect$$$$00000011  mc_w.l(entry11a.o)
    0x08000100   0x08000100   0x00000004   Code   RO         4984    .ARM.Collect$$$$00002712  mc_w.l(entry2.o)
    0x08000104   0x08000104   0x00000024   Code   RO            4    .text               startup_stm32f10x_md.o
    0x08000128   0x08000128   0x00000024   Code   RO         4668    .text               mc_w.l(memcpya.o)
    0x0800014c   0x0800014c   0x00000024   Code   RO         4670    .text               mc_w.l(memseta.o)
    0x08000170   0x08000170   0x00000024   Code   RO         4672    .text               mc_w.l(strstr.o)
    0x08000194   0x08000194   0x00000018   Code   RO         4674    .text               mc_w.l(strncpy.o)
    0x080001ac   0x080001ac   0x00000014   Code   RO         4676    .text               mc_w.l(strchr.o)
    0x080001c0   0x080001c0   0x0000000e   Code   RO         4678    .text               mc_w.l(strlen.o)
    0x080001ce   0x080001ce   0x0000001c   Code   RO         4680    .text               mc_w.l(strcmp.o)
    0x080001ea   0x080001ea   0x0000001a   Code   RO         4682    .text               mc_w.l(memcmp.o)
    0x08000204   0x08000204   0x00000038   Code   RO         4977    .text               mc_w.l(__0sscanf.o)
    0x0800023c   0x0800023c   0x0000014c   Code   RO         4979    .text               mc_w.l(_scanf_int.o)
    0x08000388   0x08000388   0x000000e0   Code   RO         4981    .text               mc_w.l(_scanf_str.o)
    0x08000468   0x08000468   0x00000062   Code   RO         5002    .text               mc_w.l(uldiv.o)
    0x080004ca   0x080004ca   0x0000001c   Code   RO         5006    .text               mc_w.l(_chval.o)
    0x080004e6   0x080004e6   0x00000002   PAD
    0x080004e8   0x080004e8   0x00000028   Code   RO         5008    .text               mc_w.l(scanf_char.o)
    0x08000510   0x08000510   0x00000040   Code   RO         5010    .text               mc_w.l(_sgetc.o)
    0x08000550   0x08000550   0x00000024   Code   RO         5023    .text               mc_w.l(init.o)
    0x08000574   0x08000574   0x0000001e   Code   RO         5025    .text               mc_w.l(llshl.o)
    0x08000592   0x08000592   0x00000020   Code   RO         5027    .text               mc_w.l(llushr.o)
    0x080005b2   0x080005b2   0x0000000a   Code   RO         5031    .text               mc_w.l(isspace_c.o)
    0x080005bc   0x080005bc   0x00000330   Code   RO         5033    .text               mc_w.l(_scanf.o)
    0x080008ec   0x080008ec   0x00000028   Code   RO         5037    .text               mc_w.l(ctype_c.o)
    0x08000914   0x08000914   0x000000a8   Code   RO         3598    i.ADC1_CH1_Init     main.o
    0x080009bc   0x080009bc   0x00000018   Code   RO         1239    i.ADC_Cmd           stm32f10x_adc.o
    0x080009d4   0x080009d4   0x00000018   Code   RO         1240    i.ADC_DMACmd        stm32f10x_adc.o
    0x080009ec   0x080009ec   0x00000064   Code   RO         1241    i.ADC_DeInit        stm32f10x_adc.o
    0x08000a50   0x08000a50   0x00000018   Code   RO         1244    i.ADC_ExternalTrigConvCmd  stm32f10x_adc.o
    0x08000a68   0x08000a68   0x0000000e   Code   RO         1247    i.ADC_GetCalibrationStatus  stm32f10x_adc.o
    0x08000a76   0x08000a76   0x0000000e   Code   RO         1253    i.ADC_GetResetCalibrationStatus  stm32f10x_adc.o
    0x08000a84   0x08000a84   0x00000048   Code   RO         1257    i.ADC_Init          stm32f10x_adc.o
    0x08000acc   0x08000acc   0x00000074   Code   RO         1261    i.ADC_RegularChannelConfig  stm32f10x_adc.o
    0x08000b40   0x08000b40   0x0000000a   Code   RO         1262    i.ADC_ResetCalibration  stm32f10x_adc.o
    0x08000b4a   0x08000b4a   0x0000000a   Code   RO         1266    i.ADC_StartCalibration  stm32f10x_adc.o
    0x08000b54   0x08000b54   0x00000058   Code   RO         4000    i.Alarm_Blood       alarm.o
    0x08000bac   0x08000bac   0x0000005c   Code   RO         4001    i.Alarm_ButtomDown  alarm.o
    0x08000c08   0x08000c08   0x00000058   Code   RO         4002    i.Alarm_CallPeople  alarm.o
    0x08000c60   0x08000c60   0x00000058   Code   RO         4003    i.Alarm_DontMove    alarm.o
    0x08000cb8   0x08000cb8   0x00000058   Code   RO         4004    i.Alarm_Explosion   alarm.o
    0x08000d10   0x08000d10   0x00000058   Code   RO         4005    i.Alarm_Faint       alarm.o
    0x08000d68   0x08000d68   0x00000058   Code   RO         4006    i.Alarm_Fight       alarm.o
    0x08000dc0   0x08000dc0   0x00000058   Code   RO         4007    i.Alarm_Fire        alarm.o
    0x08000e18   0x08000e18   0x00000058   Code   RO         4008    i.Alarm_GroupFight  alarm.o
    0x08000e70   0x08000e70   0x00000058   Code   RO         4009    i.Alarm_HelpMe      alarm.o
    0x08000ec8   0x08000ec8   0x00000058   Code   RO         4010    i.Alarm_Kidnap      alarm.o
    0x08000f20   0x08000f20   0x00000058   Code   RO         4011    i.Alarm_Kill        alarm.o
    0x08000f78   0x08000f78   0x00000058   Code   RO         4012    i.Alarm_Robbery     alarm.o
    0x08000fd0   0x08000fd0   0x00000004   Code   RO         4013    i.Alarm_StartRecordAfterSend  alarm.o
    0x08000fd4   0x08000fd4   0x00000058   Code   RO         4014    i.Alarm_StopHit     alarm.o
    0x0800102c   0x0800102c   0x00000058   Code   RO         4015    i.Alarm_Voice       alarm.o
    0x08001084   0x08001084   0x0000000c   Code   RO         3599    i.App_IsRecording   main.o
    0x08001090   0x08001090   0x0000001c   Code   RO         3600    i.App_TryStartAlarmRecording  main.o
    0x080010ac   0x080010ac   0x00000034   Code   RO         3601    i.Audio_Capture_Start  main.o
    0x080010e0   0x080010e0   0x00000054   Code   RO         3602    i.Audio_Capture_Stop  main.o
    0x08001134   0x08001134   0x000000c8   Code   RO         3603    i.Audio_ToWav_WriteHalf  main.o
    0x080011fc   0x080011fc   0x00000002   Code   RO         3734    i.BusFault_Handler  stm32f10x_it.o
    0x080011fe   0x080011fe   0x00000002   PAD
    0x08001200   0x08001200   0x00000088   Code   RO         3604    i.DMA1_Channel1_ADC1_Init  main.o
    0x08001288   0x08001288   0x00000034   Code   RO         3735    i.DMA1_Channel1_IRQHandler  stm32f10x_it.o
    0x080012bc   0x080012bc   0x00000018   Code   RO          685    i.DMA_ClearITPendingBit  stm32f10x_dma.o
    0x080012d4   0x080012d4   0x0000001a   Code   RO          686    i.DMA_Cmd           stm32f10x_dma.o
    0x080012ee   0x080012ee   0x00000002   PAD
    0x080012f0   0x080012f0   0x000000f8   Code   RO          687    i.DMA_DeInit        stm32f10x_dma.o
    0x080013e8   0x080013e8   0x00000024   Code   RO          690    i.DMA_GetITStatus   stm32f10x_dma.o
    0x0800140c   0x0800140c   0x00000014   Code   RO          691    i.DMA_ITConfig      stm32f10x_dma.o
    0x08001420   0x08001420   0x0000003a   Code   RO          692    i.DMA_Init          stm32f10x_dma.o
    0x0800145a   0x0800145a   0x00000002   Code   RO         3736    i.DebugMon_Handler  stm32f10x_it.o
    0x0800145c   0x0800145c   0x00000018   Code   RO         3196    i.Delay_ms          delay.o
    0x08001474   0x08001474   0x00000020   Code   RO         3198    i.Delay_us          delay.o
    0x08001494   0x08001494   0x00000018   Code   RO         3271    i.ESP8266_AT_Test   esp8266.o
    0x080014ac   0x080014ac   0x0000006c   Code   RO         3272    i.ESP8266_Cmd       esp8266.o
    0x08001518   0x08001518   0x00000028   Code   RO         3273    i.ESP8266_ExitUnvarnishSend  esp8266.o
    0x08001540   0x08001540   0x00000140   Code   RO         3274    i.ESP8266_Get_RealTime  esp8266.o
    0x08001680   0x08001680   0x00000004   Code   RO         3275    i.ESP8266_Init      esp8266.o
    0x08001684   0x08001684   0x0000003c   Code   RO         3276    i.ESP8266_JoinAP    esp8266.o
    0x080016c0   0x080016c0   0x000000b8   Code   RO         3277    i.ESP8266_Link_Server  esp8266.o
    0x08001778   0x08001778   0x000000d8   Code   RO         3278    i.ESP8266_MQTTConnectReady  esp8266.o
    0x08001850   0x08001850   0x0000005c   Code   RO         3279    i.ESP8266_Net_Mode_Choose  esp8266.o
    0x080018ac   0x080018ac   0x0000000e   Code   RO         3283    i.ESP8266_SendRawBuffer  esp8266.o
    0x080018ba   0x080018ba   0x00000002   PAD
    0x080018bc   0x080018bc   0x00000030   Code   RO         3284    i.ESP8266_SendRawBytes  esp8266.o
    0x080018ec   0x080018ec   0x000000a4   Code   RO         3286    i.ESP8266_Send_Alarm_Time  esp8266.o
    0x08001990   0x08001990   0x000001c0   Code   RO         3288    i.ESP8266_StaTcpClient  esp8266.o
    0x08001b50   0x08001b50   0x0000009c   Code   RO         3289    i.ESP8266_USART_Config  esp8266.o
    0x08001bec   0x08001bec   0x00000028   Code   RO         3290    i.ESP8266_USART_NVIC_Configuration  esp8266.o
    0x08001c14   0x08001c14   0x00000024   Code   RO         3291    i.ESP8266_UnvarnishSend  esp8266.o
    0x08001c38   0x08001c38   0x00000060   Code   RO         3292    i.ESP8266_WaitResponse  esp8266.o
    0x08001c98   0x08001c98   0x0000005c   Code   RO         3293    i.ESP8266_WaitRxQuiet  esp8266.o
    0x08001cf4   0x08001cf4   0x000000a6   Code   RO         1122    i.GPIO_Init         stm32f10x_gpio.o
    0x08001d9a   0x08001d9a   0x0000000e   Code   RO         1126    i.GPIO_ReadInputDataBit  stm32f10x_gpio.o
    0x08001da8   0x08001da8   0x00000004   Code   RO         1129    i.GPIO_ResetBits    stm32f10x_gpio.o
    0x08001dac   0x08001dac   0x00000004   Code   RO         1130    i.GPIO_SetBits      stm32f10x_gpio.o
    0x08001db0   0x08001db0   0x00000050   Code   RO         4016    i.General_alarm     alarm.o
    0x08001e00   0x08001e00   0x00000034   Code   RO         3605    i.Get_STM32_UID     main.o
    0x08001e34   0x08001e34   0x00000002   Code   RO         3737    i.HardFault_Handler  stm32f10x_it.o
    0x08001e36   0x08001e36   0x00000002   PAD
    0x08001e38   0x08001e38   0x0000005c   Code   RO         3250    i.Key_GetNum        key.o
    0x08001e94   0x08001e94   0x0000002c   Code   RO         3251    i.Key_Init          key.o
    0x08001ec0   0x08001ec0   0x0000000c   Code   RO         3220    i.LED0_OFF          led.o
    0x08001ecc   0x08001ecc   0x0000000c   Code   RO         3221    i.LED0_ON           led.o
    0x08001ed8   0x08001ed8   0x00000034   Code   RO         3223    i.LED_Init          led.o
    0x08001f0c   0x08001f0c   0x00000002   Code   RO         3738    i.MemManage_Handler  stm32f10x_it.o
    0x08001f0e   0x08001f0e   0x00000002   PAD
    0x08001f10   0x08001f10   0x000000e8   Code   RO         3294    i.Month_Str_To_Num  esp8266.o
    0x08001ff8   0x08001ff8   0x00000002   Code   RO         3739    i.NMI_Handler       stm32f10x_it.o
    0x08001ffa   0x08001ffa   0x00000026   Code   RO         3474    i.NVIC_Configuration  usart.o
    0x08002020   0x08002020   0x00000064   Code   RO          137    i.NVIC_Init         misc.o
    0x08002084   0x08002084   0x00000014   Code   RO          138    i.NVIC_PriorityGroupConfig  misc.o
    0x08002098   0x08002098   0x00000038   Code   RO         3606    i.Open_Penetmode    main.o
    0x080020d0   0x080020d0   0x00000002   Code   RO         3740    i.PendSV_Handler    stm32f10x_it.o
    0x080020d2   0x080020d2   0x00000002   PAD
    0x080020d4   0x080020d4   0x0000017c   Code   RO         3295    i.ProcessMQTTSubRecv  esp8266.o
    0x08002250   0x08002250   0x00000014   Code   RO         1773    i.RCC_ADCCLKConfig  stm32f10x_rcc.o
    0x08002264   0x08002264   0x0000001c   Code   RO         1774    i.RCC_AHBPeriphClockCmd  stm32f10x_rcc.o
    0x08002280   0x08002280   0x0000001c   Code   RO         1775    i.RCC_APB1PeriphClockCmd  stm32f10x_rcc.o
    0x0800229c   0x0800229c   0x0000001c   Code   RO         1776    i.RCC_APB1PeriphResetCmd  stm32f10x_rcc.o
    0x080022b8   0x080022b8   0x0000001c   Code   RO         1777    i.RCC_APB2PeriphClockCmd  stm32f10x_rcc.o
    0x080022d4   0x080022d4   0x0000001c   Code   RO         1778    i.RCC_APB2PeriphResetCmd  stm32f10x_rcc.o
    0x080022f0   0x080022f0   0x000000ac   Code   RO         1785    i.RCC_GetClocksFreq  stm32f10x_rcc.o
    0x0800239c   0x0800239c   0x00000068   Code   RO         4518    i.SD_SPI_GPIO_Init  sd_spi.o
    0x08002404   0x08002404   0x0000000c   Code   RO         4519    i.SD_SPI_GetSectorCount  sd_spi.o
    0x08002410   0x08002410   0x00000006   Code   RO         4520    i.SD_SPI_HighSpeed  sd_spi.o
    0x08002416   0x08002416   0x00000002   PAD
    0x08002418   0x08002418   0x0000016c   Code   RO         4521    i.SD_SPI_Init       sd_spi.o
    0x08002584   0x08002584   0x00000006   Code   RO         4522    i.SD_SPI_LowSpeed   sd_spi.o
    0x0800258a   0x0800258a   0x00000002   PAD
    0x0800258c   0x0800258c   0x0000005c   Code   RO         4523    i.SD_SPI_Peripheral_Init  sd_spi.o
    0x080025e8   0x080025e8   0x00000074   Code   RO         4524    i.SD_SPI_ReadBlocks  sd_spi.o
    0x0800265c   0x0800265c   0x0000002c   Code   RO         4525    i.SD_SPI_SetPrescaler  sd_spi.o
    0x08002688   0x08002688   0x00000074   Code   RO         4526    i.SD_SPI_WriteBlocks  sd_spi.o
    0x080026fc   0x080026fc   0x00000018   Code   RO         2263    i.SPI_Cmd           stm32f10x_spi.o
    0x08002714   0x08002714   0x00000064   Code   RO         2270    i.SPI_I2S_DeInit    stm32f10x_spi.o
    0x08002778   0x08002778   0x0000000e   Code   RO         2271    i.SPI_I2S_GetFlagStatus  stm32f10x_spi.o
    0x08002786   0x08002786   0x00000004   Code   RO         2274    i.SPI_I2S_ReceiveData  stm32f10x_spi.o
    0x0800278a   0x0800278a   0x00000004   Code   RO         2275    i.SPI_I2S_SendData  stm32f10x_spi.o
    0x0800278e   0x0800278e   0x00000038   Code   RO         2276    i.SPI_Init          stm32f10x_spi.o
    0x080027c6   0x080027c6   0x0000001c   Code   RO         2277    i.SPI_NSSInternalSoftwareConfig  stm32f10x_spi.o
    0x080027e2   0x080027e2   0x00000002   Code   RO         3741    i.SVC_Handler       stm32f10x_it.o
    0x080027e4   0x080027e4   0x00000088   Code   RO         3537    i.Serial_Init       serial.o
    0x0800286c   0x0800286c   0x00000020   Code   RO         3540    i.Serial_SendByte   serial.o
    0x0800288c   0x0800288c   0x00000018   Code   RO         3542    i.Serial_SendString  serial.o
    0x080028a4   0x080028a4   0x00000004   Code   RO           24    i.SetSysClock       system_stm32f10x.o
    0x080028a8   0x080028a8   0x000000b0   Code   RO           25    i.SetSysClockTo72   system_stm32f10x.o
    0x08002958   0x08002958   0x00000002   Code   RO         3742    i.SysTick_Handler   stm32f10x_it.o
    0x0800295a   0x0800295a   0x00000002   PAD
    0x0800295c   0x0800295c   0x00000050   Code   RO           27    i.SystemInit        system_stm32f10x.o
    0x080029ac   0x080029ac   0x00000030   Code   RO         4133    i.TF_Card_Mount     tf_card.o
    0x080029dc   0x080029dc   0x0000005c   Code   RO         3607    i.TIM3_TRGO_Init    main.o
    0x08002a38   0x08002a38   0x00000018   Code   RO         2421    i.TIM_Cmd           stm32f10x_tim.o
    0x08002a50   0x08002a50   0x00000010   Code   RO         2478    i.TIM_SelectOutputTrigger  stm32f10x_tim.o
    0x08002a60   0x08002a60   0x0000009c   Code   RO         2492    i.TIM_TimeBaseInit  stm32f10x_tim.o
    0x08002afc   0x08002afc   0x000000ac   Code   RO         4111    i.Time_GenerateRecordPath  time.o
    0x08002ba8   0x08002ba8   0x00000044   Code   RO         3743    i.USART1_IRQHandler  stm32f10x_it.o
    0x08002bec   0x08002bec   0x000001a0   Code   RO         3744    i.USART2_IRQHandler  stm32f10x_it.o
    0x08002d8c   0x08002d8c   0x00000018   Code   RO         2960    i.USART_Cmd         stm32f10x_usart.o
    0x08002da4   0x08002da4   0x00000094   Code   RO         3475    i.USART_Config      usart.o
    0x08002e38   0x08002e38   0x0000000e   Code   RO         2963    i.USART_GetFlagStatus  stm32f10x_usart.o
    0x08002e46   0x08002e46   0x00000040   Code   RO         2964    i.USART_GetITStatus  stm32f10x_usart.o
    0x08002e86   0x08002e86   0x00000036   Code   RO         2966    i.USART_ITConfig    stm32f10x_usart.o
    0x08002ebc   0x08002ebc   0x000000bc   Code   RO         2967    i.USART_Init        stm32f10x_usart.o
    0x08002f78   0x08002f78   0x00000008   Code   RO         2974    i.USART_ReceiveData  stm32f10x_usart.o
    0x08002f80   0x08002f80   0x00000008   Code   RO         2977    i.USART_SendData    stm32f10x_usart.o
    0x08002f88   0x08002f88   0x000000e6   Code   RO         3451    i.USART_printf      common.o
    0x0800306e   0x0800306e   0x00000002   PAD
    0x08003070   0x08003070   0x00000094   Code   RO         3296    i.UTF8_To_UnicodeEscaped  esp8266.o
    0x08003104   0x08003104   0x00000002   Code   RO         3745    i.UsageFault_Handler  stm32f10x_it.o
    0x08003106   0x08003106   0x00000002   PAD
    0x08003108   0x08003108   0x00000078   Code   RO         3608    i.Wav_BuildOssObjectKey  main.o
    0x08003180   0x08003180   0x00000124   Code   RO         3609    i.Wav_Start         main.o
    0x080032a4   0x080032a4   0x000000b0   Code   RO         3610    i.Wav_Stop          main.o
    0x08003354   0x08003354   0x00000458   Code   RO         3611    i.Wav_UploadToOss   main.o
    0x080037ac   0x080037ac   0x00000180   Code   RO         3612    i.Wav_WriteHeader   main.o
    0x0800392c   0x0800392c   0x00000020   Code   RO         4895    i.__0printf$8       mc_w.l(printf8.o)
    0x0800394c   0x0800394c   0x00000034   Code   RO         4896    i.__0snprintf$8     mc_w.l(printf8.o)
    0x08003980   0x08003980   0x00000028   Code   RO         4897    i.__0sprintf$8      mc_w.l(printf8.o)
    0x080039a8   0x080039a8   0x0000000e   Code   RO         5042    i.__scatterload_copy  mc_w.l(handlers.o)
    0x080039b6   0x080039b6   0x00000002   Code   RO         5043    i.__scatterload_null  mc_w.l(handlers.o)
    0x080039b8   0x080039b8   0x0000000e   Code   RO         5044    i.__scatterload_zeroinit  mc_w.l(handlers.o)
    0x080039c6   0x080039c6   0x00000002   PAD
    0x080039c8   0x080039c8   0x00000404   Code   RO         4902    i._printf_core      mc_w.l(printf8.o)
    0x08003dcc   0x08003dcc   0x00000024   Code   RO         4903    i._printf_post_padding  mc_w.l(printf8.o)
    0x08003df0   0x08003df0   0x0000002e   Code   RO         4904    i._printf_pre_padding  mc_w.l(printf8.o)
    0x08003e1e   0x08003e1e   0x00000016   Code   RO         4905    i._snputc           mc_w.l(printf8.o)
    0x08003e34   0x08003e34   0x0000000a   Code   RO         4906    i._sputc            mc_w.l(printf8.o)
    0x08003e3e   0x08003e3e   0x00000002   PAD
    0x08003e40   0x08003e40   0x000000d4   Code   RO         4165    i.check_fs          ff.o
    0x08003f14   0x08003f14   0x00000018   Code   RO         4166    i.clst2sect         ff.o
    0x08003f2c   0x08003f2c   0x00000094   Code   RO         4167    i.cmp_lfn           ff.o
    0x08003fc0   0x08003fc0   0x000000ee   Code   RO         4168    i.create_chain      ff.o
    0x080040ae   0x080040ae   0x00000002   PAD
    0x080040b0   0x080040b0   0x00000238   Code   RO         4169    i.create_name       ff.o
    0x080042e8   0x080042e8   0x0000000c   Code   RO         4171    i.dbc_1st           ff.o
    0x080042f4   0x080042f4   0x0000000c   Code   RO         4172    i.dbc_2nd           ff.o
    0x08004300   0x08004300   0x0000004a   Code   RO         4173    i.dir_alloc         ff.o
    0x0800434a   0x0800434a   0x0000005c   Code   RO         4174    i.dir_clear         ff.o
    0x080043a6   0x080043a6   0x000000d2   Code   RO         4175    i.dir_find          ff.o
    0x08004478   0x08004478   0x000000c6   Code   RO         4176    i.dir_next          ff.o
    0x0800453e   0x0800453e   0x00000128   Code   RO         4178    i.dir_register      ff.o
    0x08004666   0x08004666   0x00000094   Code   RO         4180    i.dir_sdi           ff.o
    0x080046fa   0x080046fa   0x00000002   PAD
    0x080046fc   0x080046fc   0x00000034   Code   RO         4624    i.disk_initialize   diskio.o
    0x08004730   0x08004730   0x00000050   Code   RO         4625    i.disk_ioctl        diskio.o
    0x08004780   0x08004780   0x00000034   Code   RO         4626    i.disk_read         diskio.o
    0x080047b4   0x080047b4   0x00000014   Code   RO         4627    i.disk_status       diskio.o
    0x080047c8   0x080047c8   0x00000034   Code   RO         4628    i.disk_write        diskio.o
    0x080047fc   0x080047fc   0x00000020   Code   RO         4181    i.f_close           ff.o
    0x0800481c   0x0800481c   0x00000160   Code   RO         4184    i.f_lseek           ff.o
    0x0800497c   0x0800497c   0x00000048   Code   RO         4187    i.f_mount           ff.o
    0x080049c4   0x080049c4   0x000001b8   Code   RO         4188    i.f_open            ff.o
    0x08004b7c   0x08004b7c   0x00000164   Code   RO         4190    i.f_read            ff.o
    0x08004ce0   0x08004ce0   0x00000090   Code   RO         4194    i.f_sync            ff.o
    0x08004d70   0x08004d70   0x000001a2   Code   RO         4197    i.f_write           ff.o
    0x08004f12   0x08004f12   0x00000002   PAD
    0x08004f14   0x08004f14   0x00000028   Code   RO         4486    i.ff_oem2uni        ffunicode.o
    0x08004f3c   0x08004f3c   0x0000003c   Code   RO         4487    i.ff_uni2oem        ffunicode.o
    0x08004f78   0x08004f78   0x00000094   Code   RO         4488    i.ff_wtoupper       ffunicode.o
    0x0800500c   0x0800500c   0x00000062   Code   RO         4198    i.find_volume       ff.o
    0x0800506e   0x0800506e   0x0000007a   Code   RO         4199    i.follow_path       ff.o
    0x080050e8   0x080050e8   0x00000024   Code   RO         3544    i.fputc             serial.o
    0x0800510c   0x0800510c   0x000000a4   Code   RO         4200    i.gen_numname       ff.o
    0x080051b0   0x080051b0   0x000000c4   Code   RO         4201    i.get_fat           ff.o
    0x08005274   0x08005274   0x00000040   Code   RO         4203    i.get_ldnumber      ff.o
    0x080052b4   0x080052b4   0x0000005c   Code   RO         3452    i.itoa              common.o
    0x08005310   0x08005310   0x00000026   Code   RO         4204    i.ld_clust          ff.o
    0x08005336   0x08005336   0x00000016   Code   RO         4205    i.ld_dword          ff.o
    0x0800534c   0x0800534c   0x0000000a   Code   RO         4206    i.ld_word           ff.o
    0x08005356   0x08005356   0x00000002   PAD
    0x08005358   0x08005358   0x000002e4   Code   RO         3613    i.main              main.o
    0x0800563c   0x0800563c   0x0000024c   Code   RO         4207    i.mount_volume      ff.o
    0x08005888   0x08005888   0x00000034   Code   RO         4208    i.move_window       ff.o
    0x080058bc   0x080058bc   0x000000fa   Code   RO         4210    i.put_fat           ff.o
    0x080059b6   0x080059b6   0x00000002   PAD
    0x080059b8   0x080059b8   0x00000074   Code   RO         4211    i.put_lfn           ff.o
    0x08005a2c   0x08005a2c   0x00000078   Code   RO         4213    i.remove_chain      ff.o
    0x08005aa4   0x08005aa4   0x00000018   Code   RO         4527    i.sd_deselect       sd_spi.o
    0x08005abc   0x08005abc   0x00000090   Code   RO         4528    i.sd_get_sector_count_from_csd  sd_spi.o
    0x08005b4c   0x08005b4c   0x00000044   Code   RO         4529    i.sd_recv_datablock  sd_spi.o
    0x08005b90   0x08005b90   0x00000028   Code   RO         4530    i.sd_select         sd_spi.o
    0x08005bb8   0x08005bb8   0x00000094   Code   RO         4531    i.sd_send_cmd       sd_spi.o
    0x08005c4c   0x08005c4c   0x00000024   Code   RO         4532    i.sd_send_dummy_clocks  sd_spi.o
    0x08005c70   0x08005c70   0x00000024   Code   RO         4533    i.sd_wait_ready     sd_spi.o
    0x08005c94   0x08005c94   0x00000064   Code   RO         4534    i.sd_xmit_datablock  sd_spi.o
    0x08005cf8   0x08005cf8   0x00000034   Code   RO         4535    i.spi_txrx          sd_spi.o
    0x08005d2c   0x08005d2c   0x00000028   Code   RO         4214    i.st_clust          ff.o
    0x08005d54   0x08005d54   0x00000010   Code   RO         4215    i.st_dword          ff.o
    0x08005d64   0x08005d64   0x00000008   Code   RO         4216    i.st_word           ff.o
    0x08005d6c   0x08005d6c   0x0000001a   Code   RO         4217    i.sum_sfn           ff.o
    0x08005d86   0x08005d86   0x00000002   PAD
    0x08005d88   0x08005d88   0x00000088   Code   RO         4218    i.sync_fs           ff.o
    0x08005e10   0x08005e10   0x00000048   Code   RO         4219    i.sync_window       ff.o
    0x08005e58   0x08005e58   0x0000004a   Code   RO         4220    i.tchar2uni         ff.o
    0x08005ea2   0x08005ea2   0x00000036   Code   RO         4221    i.validate          ff.o
    0x08005ed8   0x08005ed8   0x000000bc   Data   RO         4223    .constdata          ff.o
    0x08005f94   0x08005f94   0x000003ae   Data   RO         4489    .constdata          ffunicode.o
    0x08006342   0x08006342   0x00000040   Data   RO         5038    .constdata          mc_w.l(ctype_c.o)
    0x08006382   0x08006382   0x00000002   PAD
    0x08006384   0x08006384   0x00000283   Data   RO         3299    .conststring        esp8266.o
    0x08006607   0x08006607   0x00000001   PAD
    0x08006608   0x08006608   0x000000e9   Data   RO         3615    .conststring        main.o
    0x080066f1   0x080066f1   0x00000003   PAD
    0x080066f4   0x080066f4   0x000009e4   Data   RO         4017    .conststring        alarm.o
    0x080070d8   0x080070d8   0x00000020   Data   RO         5040    Region$$Table       anon$$obj.o


    Execution Region RW_IRAM1 (Exec base: 0x20000000, Load base: 0x080070f8, Size: 0x00003b38, Max: 0x00005000, ABSOLUTE)

    Exec Addr    Load Addr    Size         Type   Attr      Idx    E Section Name        Object

    0x20000000   0x080070f8   0x00000014   Data   RW           28    .data               system_stm32f10x.o
    0x20000014   0x0800710c   0x00000014   Data   RW         1805    .data               stm32f10x_rcc.o
    0x20000028   0x08007120   0x00000001   Data   RW         3300    .data               esp8266.o
    0x20000029   0x08007121   0x00000001   Data   RW         3301    .data               esp8266.o
    0x2000002a   0x08007122   0x00000003   Data   RW         3302    .data               esp8266.o
    0x2000002d   0x08007125   0x00000003   PAD
    0x20000030   0x08007128   0x0000000c   Data   RW         3616    .data               main.o
    0x2000003c   0x08007134   0x00000022   Data   RW         4112    .data               time.o
    0x2000005e   0x08007156   0x00000001   Data   RW         4136    .data               tf_card.o
    0x2000005f   0x08007157   0x00000001   PAD
    0x20000060   0x08007158   0x00000008   Data   RW         4224    .data               ff.o
    0x20000068   0x08007160   0x00000010   Data   RW         4536    .data               sd_spi.o
    0x20000078   0x08007170   0x00000001   Data   RW         4629    .data               diskio.o
    0x20000079   0x08007171   0x00000003   PAD
    0x2000007c   0x08007174   0x00000004   Data   RW         4999    .data               mc_w.l(stdout.o)
    0x20000080        -       0x00001520   Zero   RW         3297    .bss                esp8266.o
    0x200015a0        -       0x00001164   Zero   RW         3614    .bss                main.o
    0x20002704        -       0x00000234   Zero   RW         4135    .bss                tf_card.o
    0x20002938        -       0x00000200   Zero   RW         4222    .bss                ff.o
    0x20002b38        -       0x00001000   Zero   RW            1    STACK               startup_stm32f10x_md.o


==============================================================================

Image component sizes


      Code (inc. data)   RO Data    RW Data    ZI Data      Debug   Object Name

      1408        256       2532          0          0       9380   alarm.o
       322          0          0          0          0       2843   common.o
         0          0          0          0          0       4532   core_cm3.o
        56          0          0          0          0        978   delay.o
       256         26          0          1          0       3886   diskio.o
      2902       1018        643          5       5408      19475   esp8266.o
      6312        104        188          8        512      56316   ff.o
       248         28        942          0          0       2888   ffunicode.o
       136         10          0          0          0       1068   key.o
        76         12          0          0          0       1312   led.o
      3704       1228        233         12       4452      25134   main.o
       120         14          0          0          0     206611   misc.o
      1508         76          0         16          0      12690   sd_spi.o
       228         22          0          0          0       4068   serial.o
        36          8        236          0       4096        824   startup_stm32f10x_md.o
       408         22          0          0          0      17333   stm32f10x_adc.o
         0          0          0          0          0       1740   stm32f10x_bkp.o
       412         28          0          0          0      15259   stm32f10x_dma.o
       188          0          0          0          0      12072   stm32f10x_gpio.o
       554        134          0          0          0       5873   stm32f10x_it.o
       332         54          0         20          0      15591   stm32f10x_rcc.o
       230         12          0          0          0      12031   stm32f10x_spi.o
       196         42          0          0          0      22759   stm32f10x_tim.o
       360          6          0          0          0      12477   stm32f10x_usart.o
       260         26          0         20          0      62789   system_stm32f10x.o
        48         14          0          1        564        808   tf_card.o
       172         28          0         34          0       1014   time.o
       186         10          0          0          0       1087   usart.o

    ----------------------------------------------------------------------
     20692       3178       4810        124      15032     532838   Object Totals
         0          0         32          0          0          0   (incl. Generated)
        34          0          4          7          0          0   (incl. Padding)

    ----------------------------------------------------------------------

      Code (inc. data)   RO Data    RW Data    ZI Data      Debug   Library Member Name

        56          8          0          0          0         84   __0sscanf.o
        28          0          0          0          0         68   _chval.o
       816          6          0          0          0        112   _scanf.o
       332          0          0          0          0         96   _scanf_int.o
       224          0          0          0          0         96   _scanf_str.o
        64          0          0          0          0         84   _sgetc.o
        40          6         64          0          0         68   ctype_c.o
         0          0          0          0          0          0   entry.o
         0          0          0          0          0          0   entry10a.o
         0          0          0          0          0          0   entry11a.o
         4          0          0          0          0          0   entry12b.o
         8          4          0          0          0          0   entry2.o
         4          0          0          0          0          0   entry5.o
         0          0          0          0          0          0   entry7b.o
         0          0          0          0          0          0   entry8b.o
         8          4          0          0          0          0   entry9a.o
        30          0          0          0          0          0   handlers.o
        36          8          0          0          0         68   init.o
        10          0          0          0          0         68   isspace_c.o
        30          0          0          0          0         68   llshl.o
        32          0          0          0          0         68   llushr.o
        26          0          0          0          0         80   memcmp.o
        36          0          0          0          0         68   memcpya.o
        36          0          0          0          0        108   memseta.o
      1266         64          0          0          0        660   printf8.o
        40          8          0          0          0         84   scanf_char.o
         0          0          0          4          0          0   stdout.o
        20          0          0          0          0         68   strchr.o
        28          0          0          0          0         76   strcmp.o
        14          0          0          0          0         68   strlen.o
        24          0          0          0          0         76   strncpy.o
        36          0          0          0          0         80   strstr.o
        98          0          0          0          0         92   uldiv.o

    ----------------------------------------------------------------------
      3352        108         66          4          0       2340   Library Totals
         6          0          2          0          0          0   (incl. Padding)

    ----------------------------------------------------------------------

      Code (inc. data)   RO Data    RW Data    ZI Data      Debug   Library Name

      3346        108         64          4          0       2340   mc_w.l

    ----------------------------------------------------------------------
      3352        108         66          4          0       2340   Library Totals

    ----------------------------------------------------------------------

==============================================================================


      Code (inc. data)   RO Data    RW Data    ZI Data      Debug   

     24044       3286       4876        128      15032     523890   Grand Totals
     24044       3286       4876        128      15032     523890   ELF Image Totals
     24044       3286       4876        128          0          0   ROM Totals

==============================================================================

    Total RO  Size (Code + RO Data)                28920 (  28.24kB)
    Total RW  Size (RW Data + ZI Data)             15160 (  14.80kB)
    Total ROM Size (Code + RO Data + RW Data)      29048 (  28.37kB)

==============================================================================

