Component: ARM Compiler 5.06 update 7 (build 960) Tool: armlink [4d3601]

==============================================================================

Section Cross References

    startup_stm32f10x_md.o(RESET) refers to startup_stm32f10x_md.o(STACK) for __initial_sp
    startup_stm32f10x_md.o(RESET) refers to startup_stm32f10x_md.o(.text) for Reset_Handler
    startup_stm32f10x_md.o(RESET) refers to stm32f10x_it.o(i.NMI_Handler) for NMI_Handler
    startup_stm32f10x_md.o(RESET) refers to stm32f10x_it.o(i.HardFault_Handler) for HardFault_Handler
    startup_stm32f10x_md.o(RESET) refers to stm32f10x_it.o(i.MemManage_Handler) for MemManage_Handler
    startup_stm32f10x_md.o(RESET) refers to stm32f10x_it.o(i.BusFault_Handler) for BusFault_Handler
    startup_stm32f10x_md.o(RESET) refers to stm32f10x_it.o(i.UsageFault_Handler) for UsageFault_Handler
    startup_stm32f10x_md.o(RESET) refers to stm32f10x_it.o(i.SVC_Handler) for SVC_Handler
    startup_stm32f10x_md.o(RESET) refers to stm32f10x_it.o(i.DebugMon_Handler) for DebugMon_Handler
    startup_stm32f10x_md.o(RESET) refers to stm32f10x_it.o(i.PendSV_Handler) for PendSV_Handler
    startup_stm32f10x_md.o(RESET) refers to stm32f10x_it.o(i.SysTick_Handler) for SysTick_Handler
    startup_stm32f10x_md.o(RESET) refers to stm32f10x_it.o(i.DMA1_Channel1_IRQHandler) for DMA1_Channel1_IRQHandler
    startup_stm32f10x_md.o(RESET) refers to bsp_timer.o(i.TIM4_IRQHandler) for TIM4_IRQHandler
    startup_stm32f10x_md.o(RESET) refers to stm32f10x_it.o(i.USART1_IRQHandler) for USART1_IRQHandler
    startup_stm32f10x_md.o(RESET) refers to stm32f10x_it.o(i.USART2_IRQHandler) for USART2_IRQHandler
    startup_stm32f10x_md.o(.text) refers to system_stm32f10x.o(i.SystemInit) for SystemInit
    startup_stm32f10x_md.o(.text) refers to entry.o(.ARM.Collect$$$$00000000) for __main
    system_stm32f10x.o(i.SetSysClock) refers to system_stm32f10x.o(i.SetSysClockTo72) for SetSysClockTo72
    system_stm32f10x.o(i.SystemCoreClockUpdate) refers to system_stm32f10x.o(.data) for .data
    system_stm32f10x.o(i.SystemInit) refers to system_stm32f10x.o(i.SetSysClock) for SetSysClock
    stm32f10x_bkp.o(i.BKP_DeInit) refers to stm32f10x_rcc.o(i.RCC_BackupResetCmd) for RCC_BackupResetCmd
    stm32f10x_can.o(i.CAN_DeInit) refers to stm32f10x_rcc.o(i.RCC_APB1PeriphResetCmd) for RCC_APB1PeriphResetCmd
    stm32f10x_can.o(i.CAN_GetITStatus) refers to stm32f10x_can.o(i.CheckITStatus) for CheckITStatus
    stm32f10x_cec.o(i.CEC_DeInit) refers to stm32f10x_rcc.o(i.RCC_APB1PeriphResetCmd) for RCC_APB1PeriphResetCmd
    stm32f10x_dac.o(i.DAC_DeInit) refers to stm32f10x_rcc.o(i.RCC_APB1PeriphResetCmd) for RCC_APB1PeriphResetCmd
    stm32f10x_flash.o(i.FLASH_EnableWriteProtection) refers to stm32f10x_flash.o(i.FLASH_WaitForLastOperation) for FLASH_WaitForLastOperation
    stm32f10x_flash.o(i.FLASH_EraseAllBank1Pages) refers to stm32f10x_flash.o(i.FLASH_WaitForLastBank1Operation) for FLASH_WaitForLastBank1Operation
    stm32f10x_flash.o(i.FLASH_EraseAllPages) refers to stm32f10x_flash.o(i.FLASH_WaitForLastOperation) for FLASH_WaitForLastOperation
    stm32f10x_flash.o(i.FLASH_EraseOptionBytes) refers to stm32f10x_flash.o(i.FLASH_GetReadOutProtectionStatus) for FLASH_GetReadOutProtectionStatus
    stm32f10x_flash.o(i.FLASH_EraseOptionBytes) refers to stm32f10x_flash.o(i.FLASH_WaitForLastOperation) for FLASH_WaitForLastOperation
    stm32f10x_flash.o(i.FLASH_ErasePage) refers to stm32f10x_flash.o(i.FLASH_WaitForLastOperation) for FLASH_WaitForLastOperation
    stm32f10x_flash.o(i.FLASH_ProgramHalfWord) refers to stm32f10x_flash.o(i.FLASH_WaitForLastOperation) for FLASH_WaitForLastOperation
    stm32f10x_flash.o(i.FLASH_ProgramOptionByteData) refers to stm32f10x_flash.o(i.FLASH_WaitForLastOperation) for FLASH_WaitForLastOperation
    stm32f10x_flash.o(i.FLASH_ProgramWord) refers to stm32f10x_flash.o(i.FLASH_WaitForLastOperation) for FLASH_WaitForLastOperation
    stm32f10x_flash.o(i.FLASH_ReadOutProtection) refers to stm32f10x_flash.o(i.FLASH_WaitForLastOperation) for FLASH_WaitForLastOperation
    stm32f10x_flash.o(i.FLASH_UserOptionByteConfig) refers to stm32f10x_flash.o(i.FLASH_WaitForLastOperation) for FLASH_WaitForLastOperation
    stm32f10x_flash.o(i.FLASH_WaitForLastBank1Operation) refers to stm32f10x_flash.o(i.FLASH_GetBank1Status) for FLASH_GetBank1Status
    stm32f10x_flash.o(i.FLASH_WaitForLastOperation) refers to stm32f10x_flash.o(i.FLASH_GetBank1Status) for FLASH_GetBank1Status
    stm32f10x_gpio.o(i.GPIO_AFIODeInit) refers to stm32f10x_rcc.o(i.RCC_APB2PeriphResetCmd) for RCC_APB2PeriphResetCmd
    stm32f10x_gpio.o(i.GPIO_DeInit) refers to stm32f10x_rcc.o(i.RCC_APB2PeriphResetCmd) for RCC_APB2PeriphResetCmd
    stm32f10x_adc.o(i.ADC_DeInit) refers to stm32f10x_rcc.o(i.RCC_APB2PeriphResetCmd) for RCC_APB2PeriphResetCmd
    stm32f10x_i2c.o(i.I2C_DeInit) refers to stm32f10x_rcc.o(i.RCC_APB1PeriphResetCmd) for RCC_APB1PeriphResetCmd
[...]
    i.__0printf$8                            0x08004918   Section        0  printf8.o(i.__0printf$8)
    i.__0snprintf$8                          0x08004938   Section        0  printf8.o(i.__0snprintf$8)
    i.__0sprintf$8                           0x0800496c   Section        0  printf8.o(i.__0sprintf$8)
    i.__aeabi_errno_addr                     0x08004994   Section        0  errno.o(i.__aeabi_errno_addr)
    i.__scatterload_copy                     0x0800499c   Section       14  handlers.o(i.__scatterload_copy)
    i.__scatterload_null                     0x080049aa   Section        2  handlers.o(i.__scatterload_null)
    i.__scatterload_zeroinit                 0x080049ac   Section       14  handlers.o(i.__scatterload_zeroinit)
    i._printf_core                           0x080049bc   Section        0  printf8.o(i._printf_core)
    _printf_core                             0x080049bd   Thumb Code   984  printf8.o(i._printf_core)
    i._printf_post_padding                   0x08004dc0   Section        0  printf8.o(i._printf_post_padding)
    _printf_post_padding                     0x08004dc1   Thumb Code    36  printf8.o(i._printf_post_padding)
    i._printf_pre_padding                    0x08004de4   Section        0  printf8.o(i._printf_pre_padding)
    _printf_pre_padding                      0x08004de5   Thumb Code    46  printf8.o(i._printf_pre_padding)
    i._snputc                                0x08004e12   Section        0  printf8.o(i._snputc)
    _snputc                                  0x08004e13   Thumb Code    22  printf8.o(i._snputc)
    i._sputc                                 0x08004e28   Section        0  printf8.o(i._sputc)
    _sputc                                   0x08004e29   Thumb Code    10  printf8.o(i._sputc)
    i.check_fs                               0x08004e34   Section        0  ff.o(i.check_fs)
    check_fs                                 0x08004e35   Thumb Code   198  ff.o(i.check_fs)
    i.clst2sect                              0x08004f08   Section        0  ff.o(i.clst2sect)
    clst2sect                                0x08004f09   Thumb Code    24  ff.o(i.clst2sect)
    i.cmp_lfn                                0x08004f20   Section        0  ff.o(i.cmp_lfn)
    cmp_lfn                                  0x08004f21   Thumb Code   142  ff.o(i.cmp_lfn)
    i.create_chain                           0x08004fb4   Section        0  ff.o(i.create_chain)
    create_chain                             0x08004fb5   Thumb Code   238  ff.o(i.create_chain)
    i.create_name                            0x080050a4   Section        0  ff.o(i.create_name)
    create_name                              0x080050a5   Thumb Code   542  ff.o(i.create_name)
    i.dbc_1st                                0x080052dc   Section        0  ff.o(i.dbc_1st)
    dbc_1st                                  0x080052dd   Thumb Code    12  ff.o(i.dbc_1st)
    i.dbc_2nd                                0x080052e8   Section        0  ff.o(i.dbc_2nd)
    dbc_2nd                                  0x080052e9   Thumb Code    12  ff.o(i.dbc_2nd)
    i.dir_alloc                              0x080052f4   Section        0  ff.o(i.dir_alloc)
    dir_alloc                                0x080052f5   Thumb Code    74  ff.o(i.dir_alloc)
    i.dir_clear                              0x0800533e   Section        0  ff.o(i.dir_clear)
    dir_clear                                0x0800533f   Thumb Code    92  ff.o(i.dir_clear)
    i.dir_find                               0x0800539a   Section        0  ff.o(i.dir_find)
    dir_find                                 0x0800539b   Thumb Code   210  ff.o(i.dir_find)
    i.dir_next                               0x0800546c   Section        0  ff.o(i.dir_next)
    dir_next                                 0x0800546d   Thumb Code   198  ff.o(i.dir_next)
    i.dir_register                           0x08005532   Section        0  ff.o(i.dir_register)
    dir_register                             0x08005533   Thumb Code   296  ff.o(i.dir_register)
    i.dir_sdi                                0x0800565a   Section        0  ff.o(i.dir_sdi)
    dir_sdi                                  0x0800565b   Thumb Code   148  ff.o(i.dir_sdi)
    i.disk_initialize                        0x080056f0   Section        0  diskio.o(i.disk_initialize)
    i.disk_ioctl                             0x08005724   Section        0  diskio.o(i.disk_ioctl)
    i.disk_read                              0x08005774   Section        0  diskio.o(i.disk_read)
    i.disk_status                            0x080057a8   Section        0  diskio.o(i.disk_status)
    i.disk_write                             0x080057bc   Section        0  diskio.o(i.disk_write)
    i.f_close                                0x080057f0   Section        0  ff.o(i.f_close)
    i.f_lseek                                0x08005810   Section        0  ff.o(i.f_lseek)
    i.f_mount                                0x08005970   Section        0  ff.o(i.f_mount)
    i.f_open                                 0x080059b8   Section        0  ff.o(i.f_open)
    i.f_read                                 0x08005b70   Section        0  ff.o(i.f_read)
    i.f_sync                                 0x08005cd4   Section        0  ff.o(i.f_sync)
    i.f_write                                0x08005d64   Section        0  ff.o(i.f_write)
    i.ff_oem2uni                             0x08005f08   Section        0  ffunicode.o(i.ff_oem2uni)
    i.ff_uni2oem                             0x08005f30   Section        0  ffunicode.o(i.ff_uni2oem)
    i.ff_wtoupper                            0x08005f6c   Section        0  ffunicode.o(i.ff_wtoupper)
    i.find_volume                            0x08006000   Section        0  ff.o(i.find_volume)
    find_volume                              0x08006001   Thumb Code    98  ff.o(i.find_volume)
    i.follow_path                            0x08006062   Section        0  ff.o(i.follow_path)
    follow_path                              0x08006063   Thumb Code   122  ff.o(i.follow_path)
    i.fputc                                  0x080060dc   Section        0  serial.o(i.fputc)
    i.gen_numname                            0x08006100   Section        0  ff.o(i.gen_numname)
    gen_numname                              0x08006101   Thumb Code   158  ff.o(i.gen_numname)
    i.get_fat                                0x080061a4   Section        0  ff.o(i.get_fat)
    get_fat                                  0x080061a5   Thumb Code   196  ff.o(i.get_fat)
    i.get_ldnumber                           0x08006268   Section        0  ff.o(i.get_ldnumber)
    get_ldnumber                             0x08006269   Thumb Code    64  ff.o(i.get_ldnumber)
    i.itoa                                   0x080062a8   Section        0  common.o(i.itoa)
    itoa                                     0x080062a9   Thumb Code    92  common.o(i.itoa)
    i.ld_clust                               0x08006304   Section        0  ff.o(i.ld_clust)
    ld_clust                                 0x08006305   Thumb Code    38  ff.o(i.ld_clust)
    i.ld_dword                               0x0800632a   Section        0  ff.o(i.ld_dword)
    ld_dword                                 0x0800632b   Thumb Code    22  ff.o(i.ld_dword)
    i.ld_word                                0x08006340   Section        0  ff.o(i.ld_word)
    ld_word                                  0x08006341   Thumb Code    10  ff.o(i.ld_word)
    i.main                                   0x0800634c   Section        0  main.o(i.main)
    i.mount_volume                           0x080066f4   Section        0  ff.o(i.mount_volume)
    mount_volume                             0x080066f5   Thumb Code   566  ff.o(i.mount_volume)
    i.move_window                            0x08006940   Section        0  ff.o(i.move_window)
    move_window                              0x08006941   Thumb Code    52  ff.o(i.move_window)
    i.put_fat                                0x08006974   Section        0  ff.o(i.put_fat)
    put_fat                                  0x08006975   Thumb Code   250  ff.o(i.put_fat)
    i.put_lfn                                0x08006a70   Section        0  ff.o(i.put_lfn)
    put_lfn                                  0x08006a71   Thumb Code   110  ff.o(i.put_lfn)
    i.remove_chain                           0x08006ae4   Section        0  ff.o(i.remove_chain)
    remove_chain                             0x08006ae5   Thumb Code   120  ff.o(i.remove_chain)
    i.sd_deselect                            0x08006b5c   Section        0  sd_spi.o(i.sd_deselect)
    sd_deselect                              0x08006b5d   Thumb Code    20  sd_spi.o(i.sd_deselect)
    i.sd_get_sector_count_from_csd           0x08006b74   Section        0  sd_spi.o(i.sd_get_sector_count_from_csd)
    sd_get_sector_count_from_csd             0x08006b75   Thumb Code   144  sd_spi.o(i.sd_get_sector_count_from_csd)
    i.sd_recv_datablock                      0x08006c04   Section        0  sd_spi.o(i.sd_recv_datablock)
    sd_recv_datablock                        0x08006c05   Thumb Code    64  sd_spi.o(i.sd_recv_datablock)
    i.sd_select                              0x08006c48   Section        0  sd_spi.o(i.sd_select)
    sd_select                                0x08006c49   Thumb Code    32  sd_spi.o(i.sd_select)
    i.sd_send_cmd                            0x08006c70   Section        0  sd_spi.o(i.sd_send_cmd)
    sd_send_cmd                              0x08006c71   Thumb Code   142  sd_spi.o(i.sd_send_cmd)
    i.sd_send_dummy_clocks                   0x08006d04   Section        0  sd_spi.o(i.sd_send_dummy_clocks)
    sd_send_dummy_clocks                     0x08006d05   Thumb Code    32  sd_spi.o(i.sd_send_dummy_clocks)
    i.sd_wait_ready                          0x08006d28   Section        0  sd_spi.o(i.sd_wait_ready)
    sd_wait_ready                            0x08006d29   Thumb Code    30  sd_spi.o(i.sd_wait_ready)
    i.sd_xmit_datablock                      0x08006d4c   Section        0  sd_spi.o(i.sd_xmit_datablock)
    sd_xmit_datablock                        0x08006d4d   Thumb Code    96  sd_spi.o(i.sd_xmit_datablock)
    i.spi_txrx                               0x08006db0   Section        0  sd_spi.o(i.spi_txrx)
    spi_txrx                                 0x08006db1   Thumb Code    82  sd_spi.o(i.spi_txrx)
    i.st_clust                               0x08006e0c   Section        0  ff.o(i.st_clust)
    st_clust                                 0x08006e0d   Thumb Code    40  ff.o(i.st_clust)
    i.st_dword                               0x08006e34   Section        0  ff.o(i.st_dword)
    st_dword                                 0x08006e35   Thumb Code    16  ff.o(i.st_dword)
    i.st_word                                0x08006e44   Section        0  ff.o(i.st_word)
    st_word                                  0x08006e45   Thumb Code     8  ff.o(i.st_word)
    i.sum_sfn                                0x08006e4c   Section        0  ff.o(i.sum_sfn)
    sum_sfn                                  0x08006e4d   Thumb Code    26  ff.o(i.sum_sfn)
    i.sync_fs                                0x08006e68   Section        0  ff.o(i.sync_fs)
    sync_fs                                  0x08006e69   Thumb Code   126  ff.o(i.sync_fs)
    i.sync_window                            0x08006ef0   Section        0  ff.o(i.sync_window)
    sync_window                              0x08006ef1   Thumb Code    72  ff.o(i.sync_window)
    i.tchar2uni                              0x08006f38   Section        0  ff.o(i.tchar2uni)
    tchar2uni                                0x08006f39   Thumb Code    74  ff.o(i.tchar2uni)
    i.validate                               0x08006f82   Section        0  ff.o(i.validate)
    validate                                 0x08006f83   Thumb Code    54  ff.o(i.validate)
    .constdata                               0x08006fb8   Section       24  time.o(.constdata)
    days_before_month                        0x08006fb8   Data          24  time.o(.constdata)
    .constdata                               0x08006fd0   Section      188  ff.o(.constdata)
    LfnOfs                                   0x08006fd0   Data          13  ff.o(.constdata)
    ExCvt                                    0x08006fdd   Data         128  ff.o(.constdata)
    cst                                      0x0800705e   Data          14  ff.o(.constdata)
    cst32                                    0x0800706c   Data          14  ff.o(.constdata)
    defopt                                   0x0800707c   Data          16  ff.o(.constdata)
    .constdata                               0x0800708c   Section      942  ffunicode.o(.constdata)
    uc437                                    0x0800708c   Data         256  ffunicode.o(.constdata)
    cvt1                                     0x0800718c   Data         498  ffunicode.o(.constdata)
    cvt2                                     0x0800737e   Data         188  ffunicode.o(.constdata)
    .constdata                               0x0800743a   Section      129  ctype_o.o(.constdata)
    .constdata                               0x080074bc   Section        4  ctype_o.o(.constdata)
    table                                    0x080074bc   Data           4  ctype_o.o(.constdata)
    .conststring                             0x080074c0   Section       72  esp8266.o(.conststring)
    .conststring                             0x08007508   Section      442  campus_mqtt.o(.conststring)
    .data                                    0x20000000   Section       20  system_stm32f10x.o(.data)
    .data                                    0x20000014   Section       20  stm32f10x_rcc.o(.data)
    ADCPrescTable                            0x20000014   Data           4  stm32f10x_rcc.o(.data)
    APBAHBPrescTable                         0x20000018   Data          16  stm32f10x_rcc.o(.data)
    .data                                    0x20000028   Section        4  bsp_timer.o(.data)
    g_AppMillis                              0x20000028   Data           4  bsp_timer.o(.data)
    .data                                    0x2000002c   Section        1  esp8266.o(.data)
    .data                                    0x2000002d   Section        1  esp8266.o(.data)
    .data                                    0x2000002e   Section        5  esp8266.o(.data)
    s_ntp_configured                         0x20000030   Data           1  esp8266.o(.data)
    s_fail_printed                           0x20000031   Data           1  esp8266.o(.data)
    s_wait_printed                           0x20000032   Data           1  esp8266.o(.data)
    .data                                    0x20000033   Section        1  esp8266.o(.data)
    .data                                    0x20000034   Section       20  campus_mqtt.o(.data)
    g_DedupCursor                            0x20000034   Data           1  campus_mqtt.o(.data)
    g_MsgCounter                             0x20000038   Data           4  campus_mqtt.o(.data)
    s_nextOnlineMs                           0x2000003c   Data           4  campus_mqtt.o(.data)
    g_UploadPort                             0x20000040   Data           8  campus_mqtt.o(.data)
    .data                                    0x20000048   Section       12  main.o(.data)
    g_WavRecording                           0x2000004c   Data           1  main.o(.data)
    g_AudioCaptureRunning                    0x2000004d   Data           1  main.o(.data)
    g_WavDataBytes                           0x20000050   Data           4  main.o(.data)
    .data                                    0x20000054   Section       44  time.o(.data)
    s_time_valid                             0x20000054   Data           1  time.o(.data)
    record_index                             0x20000056   Data           2  time.o(.data)
    s_epoch_seconds                          0x20000058   Data           4  time.o(.data)
    s_epoch_base_ms                          0x2000005c   Data           4  time.o(.data)
    last_time_fmt                            0x20000060   Data          32  time.o(.data)
    .data                                    0x20000080   Section        1  tf_card.o(.data)
    s_mounted                                0x20000080   Data           1  tf_card.o(.data)
    .data                                    0x20000084   Section        8  ff.o(.data)
    Fsid                                     0x20000084   Data           2  ff.o(.data)
    FatFs                                    0x20000088   Data           4  ff.o(.data)
    .data                                    0x2000008c   Section       16  sd_spi.o(.data)
    s_sd_type                                0x2000008c   Data           1  sd_spi.o(.data)
    s_sector_count                           0x20000094   Data           4  sd_spi.o(.data)
    .data                                    0x2000009c   Section        1  diskio.o(.data)
    s_sd_stat                                0x2000009c   Data           1  diskio.o(.data)
    .data                                    0x200000a0   Section        4  stdout.o(.data)
    .data                                    0x200000a4   Section        4  errno.o(.data)
    _errno                                   0x200000a4   Data           4  errno.o(.data)
    .bss                                     0x200000a8   Section     1024  esp8266.o(.bss)
    .bss                                     0x200004a8   Section     2082  esp8266.o(.bss)
    g_MqttTimeStrBuf                         0x200008a8   Data          32  esp8266.o(.bss)
    .bss                                     0x20000ccc   Section     7668  campus_mqtt.o(.bss)
    g_DedupCache                             0x20000ccc   Data        1650  campus_mqtt.o(.bss)
    g_AlarmCtx                               0x20001340   Data         184  campus_mqtt.o(.bss)
    g_PayloadBuf                             0x200013f8   Data         512  campus_mqtt.o(.bss)
    g_MqttCmdBuf                             0x200015f8   Data        1024  campus_mqtt.o(.bss)
    g_UploadHost                             0x200019f8   Data          96  campus_mqtt.o(.bss)
    g_UploadHostHeader                       0x20001a58   Data         104  campus_mqtt.o(.bss)
    g_UploadPath                             0x20001ac0   Data         768  campus_mqtt.o(.bss)
    g_HttpHead                               0x20001dc0   Data        1024  campus_mqtt.o(.bss)
    g_UploadBuf                              0x200021c0   Data         512  campus_mqtt.o(.bss)
    g_UploadUrl                              0x200023c0   Data         768  campus_mqtt.o(.bss)
    g_SubPayload                             0x200026c0   Data        1024  campus_mqtt.o(.bss)
    .bss                                     0x20002ac0   Section     2236  main.o(.bss)
    g_WavFile                                0x20003114   Data         552  main.o(.bss)
    g_WavPath                                0x2000333c   Data          64  main.o(.bss)
    .bss                                     0x2000337c   Section      564  tf_card.o(.bss)
    s_fs                                     0x2000337c   Data         564  tf_card.o(.bss)
    .bss                                     0x200035b0   Section      512  ff.o(.bss)
    LfnBuf                                   0x200035b0   Data         512  ff.o(.bss)
    STACK                                    0x200037b0   Section     4096  startup_stm32f10x_md.o(STACK)

    Global Symbols

    Symbol Name                              Value     Ov Type        Size  Object(Section)

    BuildAttributes$$THM_ISAv4$P$D$K$B$S$PE$A:L22UL41UL21$X:L11$S22US41US21$IEEE1$IW$USESV6$~STKCKD$USESV7$~SHL$OSPACE$ROPI$EBA8$MICROLIB$REQ8$PRES8$EABIv2 0x00000000   Number         0  anon$$obj.o ABSOLUTE
    __ARM_use_no_argv                        0x00000000   Number         0  main.o ABSOLUTE
    _printf_a                                0x00000000   Number         0  stubs.o ABSOLUTE
    _printf_c                                0x00000000   Number         0  stubs.o ABSOLUTE
    _printf_charcount                        0x00000000   Number         0  stubs.o ABSOLUTE
    _printf_d                                0x00000000   Number         0  stubs.o ABSOLUTE
    _printf_e                                0x00000000   Number         0  stubs.o ABSOLUTE
    _printf_f                                0x00000000   Number         0  stubs.o ABSOLUTE
    _printf_flags                            0x00000000   Number         0  stubs.o ABSOLUTE
    _printf_fp_dec                           0x00000000   Number         0  stubs.o ABSOLUTE
    _printf_fp_hex                           0x00000000   Number         0  stubs.o ABSOLUTE
    _printf_g                                0x00000000   Number         0  stubs.o ABSOLUTE
    _printf_i                                0x00000000   Number         0  stubs.o ABSOLUTE
    _printf_int_dec                          0x00000000   Number         0  stubs.o ABSOLUTE
    _printf_l                                0x00000000   Number         0  stubs.o ABSOLUTE
    _printf_lc                               0x00000000   Number         0  stubs.o ABSOLUTE
    _printf_ll                               0x00000000   Number         0  stubs.o ABSOLUTE
    _printf_lld                              0x00000000   Number         0  stubs.o ABSOLUTE
    _printf_lli                              0x00000000   Number         0  stubs.o ABSOLUTE
    _printf_llo                              0x00000000   Number         0  stubs.o ABSOLUTE
    _printf_llu                              0x00000000   Number         0  stubs.o ABSOLUTE
    _printf_llx                              0x00000000   Number         0  stubs.o ABSOLUTE
    _printf_longlong_dec                     0x00000000   Number         0  stubs.o ABSOLUTE
    _printf_longlong_hex                     0x00000000   Number         0  stubs.o ABSOLUTE
    _printf_longlong_oct                     0x00000000   Number         0  stubs.o ABSOLUTE
    _printf_ls                               0x00000000   Number         0  stubs.o ABSOLUTE
    _printf_mbtowc                           0x00000000   Number         0  stubs.o ABSOLUTE
    _printf_n                                0x00000000   Number         0  stubs.o ABSOLUTE
    _printf_o                                0x00000000   Number         0  stubs.o ABSOLUTE
    _printf_p                                0x00000000   Number         0  stubs.o ABSOLUTE
    _printf_percent                          0x00000000   Number         0  stubs.o ABSOLUTE
    _printf_pre_padding                      0x00000000   Number         0  stubs.o ABSOLUTE
    _printf_return_value                     0x00000000   Number         0  stubs.o ABSOLUTE
    _printf_s                                0x00000000   Number         0  stubs.o ABSOLUTE
    _printf_sizespec                         0x00000000   Number         0  stubs.o ABSOLUTE
    _printf_str                              0x00000000   Number         0  stubs.o ABSOLUTE
    _printf_truncate_signed                  0x00000000   Number         0  stubs.o ABSOLUTE
    _printf_truncate_unsigned                0x00000000   Number         0  stubs.o ABSOLUTE
    _printf_u                                0x00000000   Number         0  stubs.o ABSOLUTE
    _printf_wc                               0x00000000   Number         0  stubs.o ABSOLUTE
    _printf_wctomb                           0x00000000   Number         0  stubs.o ABSOLUTE
    _printf_widthprec                        0x00000000   Number         0  stubs.o ABSOLUTE
    _printf_x                                0x00000000   Number         0  stubs.o ABSOLUTE
    __arm_fini_                               - Undefined Weak Reference
    __cpp_initialize__aeabi_                  - Undefined Weak Reference
    __cxa_finalize                            - Undefined Weak Reference
    __decompress                              - Undefined Weak Reference
    _clock_init                               - Undefined Weak Reference
    _microlib_exit                            - Undefined Weak Reference
    _scanf_longlong                           - Undefined Weak Reference
    _scanf_real                               - Undefined Weak Reference
    __Vectors_Size                           0x000000ec   Number         0  startup_stm32f10x_md.o ABSOLUTE
    __Vectors                                0x08000000   Data           4  startup_stm32f10x_md.o(RESET)
    __Vectors_End                            0x080000ec   Data           0  startup_stm32f10x_md.o(RESET)
    __main                                   0x080000ed   Thumb Code     0  entry.o(.ARM.Collect$$$$00000000)
    _main_stk                                0x080000ed   Thumb Code     0  entry2.o(.ARM.Collect$$$$00000001)
    _main_scatterload                        0x080000f1   Thumb Code     0  entry5.o(.ARM.Collect$$$$00000004)
    __main_after_scatterload                 0x080000f5   Thumb Code     0  entry5.o(.ARM.Collect$$$$00000004)
    _main_clock                              0x080000f5   Thumb Code     0  entry7b.o(.ARM.Collect$$$$00000008)
    _main_cpp_init                           0x080000f5   Thumb Code     0  entry8b.o(.ARM.Collect$$$$0000000A)
    _main_init                               0x080000f5   Thumb Code     0  entry9a.o(.ARM.Collect$$$$0000000B)
    __rt_lib_shutdown_fini                   0x080000fd   Thumb Code     0  entry12b.o(.ARM.Collect$$$$0000000E)
    __rt_final_cpp                           0x08000101   Thumb Code     0  entry10a.o(.ARM.Collect$$$$0000000F)
    __rt_final_exit                          0x08000101   Thumb Code     0  entry11a.o(.ARM.Collect$$$$00000011)
    Reset_Handler                            0x08000105   Thumb Code     8  startup_stm32f10x_md.o(.text)
    ADC1_2_IRQHandler                        0x0800011f   Thumb Code     0  startup_stm32f10x_md.o(.text)
    CAN1_RX1_IRQHandler                      0x0800011f   Thumb Code     0  startup_stm32f10x_md.o(.text)
    CAN1_SCE_IRQHandler                      0x0800011f   Thumb Code     0  startup_stm32f10x_md.o(.text)
    DMA1_Channel2_IRQHandler                 0x0800011f   Thumb Code     0  startup_stm32f10x_md.o(.text)
    DMA1_Channel3_IRQHandler                 0x0800011f   Thumb Code     0  startup_stm32f10x_md.o(.text)
    DMA1_Channel4_IRQHandler                 0x0800011f   Thumb Code     0  startup_stm32f10x_md.o(.text)
    DMA1_Channel5_IRQHandler                 0x0800011f   Thumb Code     0  startup_stm32f10x_md.o(.text)
    DMA1_Channel6_IRQHandler                 0x0800011f   Thumb Code     0  startup_stm32f10x_md.o(.text)
    DMA1_Channel7_IRQHandler                 0x0800011f   Thumb Code     0  startup_stm32f10x_md.o(.text)
    EXTI0_IRQHandler                         0x0800011f   Thumb Code     0  startup_stm32f10x_md.o(.text)
    EXTI15_10_IRQHandler                     0x0800011f   Thumb Code     0  startup_stm32f10x_md.o(.text)
    EXTI1_IRQHandler                         0x0800011f   Thumb Code     0  startup_stm32f10x_md.o(.text)
    EXTI2_IRQHandler                         0x0800011f   Thumb Code     0  startup_stm32f10x_md.o(.text)
    EXTI3_IRQHandler                         0x0800011f   Thumb Code     0  startup_stm32f10x_md.o(.text)
    EXTI4_IRQHandler                         0x0800011f   Thumb Code     0  startup_stm32f10x_md.o(.text)
    EXTI9_5_IRQHandler                       0x0800011f   Thumb Code     0  startup_stm32f10x_md.o(.text)
    FLASH_IRQHandler                         0x0800011f   Thumb Code     0  startup_stm32f10x_md.o(.text)
    I2C1_ER_IRQHandler                       0x0800011f   Thumb Code     0  startup_stm32f10x_md.o(.text)
    I2C1_EV_IRQHandler                       0x0800011f   Thumb Code     0  startup_stm32f10x_md.o(.text)
    I2C2_ER_IRQHandler                       0x0800011f   Thumb Code     0  startup_stm32f10x_md.o(.text)
    I2C2_EV_IRQHandler                       0x0800011f   Thumb Code     0  startup_stm32f10x_md.o(.text)
    PVD_IRQHandler                           0x0800011f   Thumb Code     0  startup_stm32f10x_md.o(.text)
    RCC_IRQHandler                           0x0800011f   Thumb Code     0  startup_stm32f10x_md.o(.text)
    RTCAlarm_IRQHandler                      0x0800011f   Thumb Code     0  startup_stm32f10x_md.o(.text)
    RTC_IRQHandler                           0x0800011f   Thumb Code     0  startup_stm32f10x_md.o(.text)
    SPI1_IRQHandler                          0x0800011f   Thumb Code     0  startup_stm32f10x_md.o(.text)
    SPI2_IRQHandler                          0x0800011f   Thumb Code     0  startup_stm32f10x_md.o(.text)
    TAMPER_IRQHandler                        0x0800011f   Thumb Code     0  startup_stm32f10x_md.o(.text)
    TIM1_BRK_IRQHandler                      0x0800011f   Thumb Code     0  startup_stm32f10x_md.o(.text)
    TIM1_CC_IRQHandler                       0x0800011f   Thumb Code     0  startup_stm32f10x_md.o(.text)
    TIM1_TRG_COM_IRQHandler                  0x0800011f   Thumb Code     0  startup_stm32f10x_md.o(.text)
    TIM1_UP_IRQHandler                       0x0800011f   Thumb Code     0  startup_stm32f10x_md.o(.text)
    TIM2_IRQHandler                          0x0800011f   Thumb Code     0  startup_stm32f10x_md.o(.text)
    TIM3_IRQHandler                          0x0800011f   Thumb Code     0  startup_stm32f10x_md.o(.text)
    USART3_IRQHandler                        0x0800011f   Thumb Code     0  startup_stm32f10x_md.o(.text)
    USBWakeUp_IRQHandler                     0x0800011f   Thumb Code     0  startup_stm32f10x_md.o(.text)
    USB_HP_CAN1_TX_IRQHandler                0x0800011f   Thumb Code     0  startup_stm32f10x_md.o(.text)
    USB_LP_CAN1_RX0_IRQHandler               0x0800011f   Thumb Code     0  startup_stm32f10x_md.o(.text)
    WWDG_IRQHandler                          0x0800011f   Thumb Code     0  startup_stm32f10x_md.o(.text)
    __aeabi_uldivmod                         0x08000129   Thumb Code    98  uldiv.o(.text)
    ___aeabi_memcpy8$move                    0x0800018b   Thumb Code     0  memmovea.o(.text)
    __aeabi_memcpy                           0x0800018b   Thumb Code    64  memmovea.o(.text)
    __aeabi_memcpy4                          0x0800018b   Thumb Code     0  memmovea.o(.text)
    __aeabi_memmove                          0x0800018b   Thumb Code     0  memmovea.o(.text)
    __aeabi_memmove4                         0x0800018b   Thumb Code     0  memmovea.o(.text)
    __aeabi_memmove8                         0x0800018b   Thumb Code     0  memmovea.o(.text)
    __aeabi_memset                           0x080001cb   Thumb Code    14  memseta.o(.text)
    __aeabi_memset4                          0x080001cb   Thumb Code     0  memseta.o(.text)
    __aeabi_memset8                          0x080001cb   Thumb Code     0  memseta.o(.text)
    __aeabi_memclr                           0x080001d9   Thumb Code     4  memseta.o(.text)
    __aeabi_memclr4                          0x080001d9   Thumb Code     0  memseta.o(.text)
    __aeabi_memclr8                          0x080001d9   Thumb Code     0  memseta.o(.text)
    _memset$wrapper                          0x080001dd   Thumb Code    18  memseta.o(.text)
    strstr                                   0x080001ef   Thumb Code    36  strstr.o(.text)
    strncpy                                  0x08000213   Thumb Code    24  strncpy.o(.text)
    strchr                                   0x0800022b   Thumb Code    20  strchr.o(.text)
    strlen                                   0x0800023f   Thumb Code    14  strlen.o(.text)
    strcmp                                   0x0800024d   Thumb Code    28  strcmp.o(.text)
    memcmp                                   0x08000269   Thumb Code    26  memcmp.o(.text)
    strncmp                                  0x08000283   Thumb Code    30  strncmp.o(.text)
    strrchr                                  0x080002a1   Thumb Code    22  strrchr.o(.text)
    __0sscanf                                0x080002b9   Thumb Code    48  __0sscanf.o(.text)
    _scanf_int                               0x080002f1   Thumb Code   332  _scanf_int.o(.text)
    _scanf_string                            0x0800043d   Thumb Code   224  _scanf_str.o(.text)
    atoi                                     0x0800051d   Thumb Code    26  atoi.o(.text)
    __aeabi_llsl                             0x08000537   Thumb Code    30  llshl.o(.text)
    _ll_shift_l                              0x08000537   Thumb Code     0  llshl.o(.text)
    __aeabi_llsr                             0x08000555   Thumb Code    32  llushr.o(.text)
    _ll_ushift_r                             0x08000555   Thumb Code     0  llushr.o(.text)
    _chval                                   0x08000575   Thumb Code    28  _chval.o(.text)
    __vfscanf_char                           0x0800059d   Thumb Code    20  scanf_char.o(.text)
    _sgetc                                   0x080005b9   Thumb Code    30  _sgetc.o(.text)
    _sbackspace                              0x080005d7   Thumb Code    34  _sgetc.o(.text)
    strtol                                   0x080005f9   Thumb Code   112  strtol.o(.text)
    __scatterload                            0x08000669   Thumb Code    28  init.o(.text)
    __scatterload_rt2                        0x08000669   Thumb Code     0  init.o(.text)
    __rt_ctype_table                         0x0800068d   Thumb Code     4  ctype_o.o(.text)
    isspace                                  0x08000695   Thumb Code    18  isspace_o.o(.text)
    __vfscanf                                0x080006a9   Thumb Code   810  _scanf.o(.text)
    _strtoul                                 0x080009d9   Thumb Code   158  _strtoul.o(.text)
    ADC_Cmd                                  0x08000b21   Thumb Code    24  stm32f10x_adc.o(i.ADC_Cmd)
    ADC_DMACmd                               0x08000b39   Thumb Code    24  stm32f10x_adc.o(i.ADC_DMACmd)
    ADC_DeInit                               0x08000b51   Thumb Code    88  stm32f10x_adc.o(i.ADC_DeInit)
    ADC_ExternalTrigConvCmd                  0x08000bb5   Thumb Code    24  stm32f10x_adc.o(i.ADC_ExternalTrigConvCmd)
    ADC_GetCalibrationStatus                 0x08000bcd   Thumb Code    14  stm32f10x_adc.o(i.ADC_GetCalibrationStatus)
    ADC_GetResetCalibrationStatus            0x08000bdb   Thumb Code    14  stm32f10x_adc.o(i.ADC_GetResetCalibrationStatus)
    ADC_Init                                 0x08000be9   Thumb Code    62  stm32f10x_adc.o(i.ADC_Init)
    ADC_RegularChannelConfig                 0x08000c31   Thumb Code   116  stm32f10x_adc.o(i.ADC_RegularChannelConfig)
    ADC_ResetCalibration                     0x08000ca5   Thumb Code    10  stm32f10x_adc.o(i.ADC_ResetCalibration)
    ADC_StartCalibration                     0x08000caf   Thumb Code    10  stm32f10x_adc.o(i.ADC_StartCalibration)
    Alarm_Blood                              0x08000cb9   Thumb Code     8  alarm.o(i.Alarm_Blood)
    Alarm_ButtomDown                         0x08000cd1   Thumb Code    14  alarm.o(i.Alarm_ButtomDown)
    Alarm_CallPeople                         0x08000cf9   Thumb Code     8  alarm.o(i.Alarm_CallPeople)
    Alarm_DontMove                           0x08000d15   Thumb Code     8  alarm.o(i.Alarm_DontMove)
    Alarm_Explosion                          0x08000d31   Thumb Code     8  alarm.o(i.Alarm_Explosion)
    Alarm_Faint                              0x08000d4d   Thumb Code     8  alarm.o(i.Alarm_Faint)
    Alarm_Fight                              0x08000d65   Thumb Code     8  alarm.o(i.Alarm_Fight)
    Alarm_Fire                               0x08000d7d   Thumb Code     8  alarm.o(i.Alarm_Fire)
    Alarm_GroupFight                         0x08000d95   Thumb Code     8  alarm.o(i.Alarm_GroupFight)
    Alarm_HelpMe                             0x08000db1   Thumb Code     8  alarm.o(i.Alarm_HelpMe)
    Alarm_Kidnap                             0x08000dc9   Thumb Code     8  alarm.o(i.Alarm_Kidnap)
    Alarm_Kill                               0x08000de1   Thumb Code     8  alarm.o(i.Alarm_Kill)
    Alarm_Robbery                            0x08000df9   Thumb Code     8  alarm.o(i.Alarm_Robbery)
    Alarm_StopHit                            0x08000e3d   Thumb Code     8  alarm.o(i.Alarm_StopHit)
    Alarm_Voice                              0x08000e59   Thumb Code     8  alarm.o(i.Alarm_Voice)
    App_IsRecording                          0x08000e75   Thumb Code     6  main.o(i.App_IsRecording)
    App_Millis                               0x08000e81   Thumb Code     6  bsp_timer.o(i.App_Millis)
    App_TryStartAlarmRecording               0x08000e95   Thumb Code    22  main.o(i.App_TryStartAlarmRecording)
    BusFault_Handler                         0x08001001   Thumb Code     2  stm32f10x_it.o(i.BusFault_Handler)
    Campus_MQTT_OnConnected                  0x08001561   Thumb Code     4  campus_mqtt.o(i.Campus_MQTT_OnConnected)
    Campus_MQTT_PostAlarmForFile             0x08001565   Thumb Code   202  campus_mqtt.o(i.Campus_MQTT_PostAlarmForFile)
    Campus_MQTT_ProcessSubRecv               0x080016c9   Thumb Code   310  campus_mqtt.o(i.Campus_MQTT_ProcessSubRecv)
    Campus_MQTT_PublishOnline                0x08001c79   Thumb Code    58  campus_mqtt.o(i.Campus_MQTT_PublishOnline)
    Campus_MQTT_Service                      0x08001d01   Thumb Code    58  campus_mqtt.o(i.Campus_MQTT_Service)
    Campus_MQTT_SetPendingAlarm              0x08001d49   Thumb Code    56  campus_mqtt.o(i.Campus_MQTT_SetPendingAlarm)
    DMA1_Channel1_IRQHandler                 0x08001ffd   Thumb Code    44  stm32f10x_it.o(i.DMA1_Channel1_IRQHandler)
    DMA_ClearITPendingBit                    0x08002031   Thumb Code    16  stm32f10x_dma.o(i.DMA_ClearITPendingBit)
    DMA_Cmd                                  0x08002049   Thumb Code    26  stm32f10x_dma.o(i.DMA_Cmd)
    DMA_DeInit                               0x08002065   Thumb Code   238  stm32f10x_dma.o(i.DMA_DeInit)
    DMA_GetITStatus                          0x0800215d   Thumb Code    26  stm32f10x_dma.o(i.DMA_GetITStatus)
    DMA_ITConfig                             0x08002181   Thumb Code    20  stm32f10x_dma.o(i.DMA_ITConfig)
    DMA_Init                                 0x08002195   Thumb Code    58  stm32f10x_dma.o(i.DMA_Init)
    DebugMon_Handler                         0x080021cf   Thumb Code     2  stm32f10x_it.o(i.DebugMon_Handler)
    Delay_ms                                 0x080021d1   Thumb Code    24  delay.o(i.Delay_ms)
    Delay_us                                 0x080021e9   Thumb Code    32  delay.o(i.Delay_us)
    ESP8266_AT_Ready                         0x08002209   Thumb Code    80  esp8266.o(i.ESP8266_AT_Ready)
    ESP8266_AT_Test                          0x080022a1   Thumb Code     4  esp8266.o(i.ESP8266_AT_Test)
    ESP8266_Cmd                              0x080022a5   Thumb Code    92  esp8266.o(i.ESP8266_Cmd)
    ESP8266_Get_RealTime                     0x08002311   Thumb Code   190  esp8266.o(i.ESP8266_Get_RealTime)
    ESP8266_Init                             0x0800243d   Thumb Code     4  esp8266.o(i.ESP8266_Init)
    ESP8266_JoinAP                           0x08002441   Thumb Code   278  esp8266.o(i.ESP8266_JoinAP)
    ESP8266_Link_Server                      0x08002635   Thumb Code   104  esp8266.o(i.ESP8266_Link_Server)
    ESP8266_Net_Mode_Choose                  0x080027c1   Thumb Code    50  esp8266.o(i.ESP8266_Net_Mode_Choose)
    ESP8266_SendBuffer                       0x0800281d   Thumb Code   330  esp8266.o(i.ESP8266_SendBuffer)
    ESP8266_SendRawBuffer                    0x08002a91   Thumb Code    14  esp8266.o(i.ESP8266_SendRawBuffer)
    ESP8266_StaTcpClient                     0x08002ad1   Thumb Code   196  esp8266.o(i.ESP8266_StaTcpClient)
    ESP8266_SyncTime                         0x08002cf5   Thumb Code   120  esp8266.o(i.ESP8266_SyncTime)
    ESP8266_WaitResponse                     0x08002eb1   Thumb Code    92  esp8266.o(i.ESP8266_WaitResponse)
    GENERAL_TIM_Init                         0x08002f6d   Thumb Code    14  bsp_timer.o(i.GENERAL_TIM_Init)
    GPIO_Init                                0x08002ff5   Thumb Code   166  stm32f10x_gpio.o(i.GPIO_Init)
    GPIO_ReadInputDataBit                    0x0800309b   Thumb Code    14  stm32f10x_gpio.o(i.GPIO_ReadInputDataBit)
    GPIO_ResetBits                           0x080030a9   Thumb Code     4  stm32f10x_gpio.o(i.GPIO_ResetBits)
    GPIO_SetBits                             0x080030ad   Thumb Code     4  stm32f10x_gpio.o(i.GPIO_SetBits)
    General_alarm                            0x080030b1   Thumb Code     8  alarm.o(i.General_alarm)
    Get_STM32_UID                            0x080030d1   Thumb Code    32  main.o(i.Get_STM32_UID)
    HardFault_Handler                        0x08003105   Thumb Code     2  stm32f10x_it.o(i.HardFault_Handler)
    Key_GetNum                               0x08003109   Thumb Code    86  key.o(i.Key_GetNum)
    Key_Init                                 0x08003165   Thumb Code    40  key.o(i.Key_Init)
    LED0_OFF                                 0x08003191   Thumb Code     8  led.o(i.LED0_OFF)
    LED0_ON                                  0x0800319d   Thumb Code     8  led.o(i.LED0_ON)
    LED_Init                                 0x080031a9   Thumb Code    48  led.o(i.LED_Init)
    MemManage_Handler                        0x080031dd   Thumb Code     2  stm32f10x_it.o(i.MemManage_Handler)
    Month_Str_To_Num                         0x080031e1   Thumb Code   184  esp8266.o(i.Month_Str_To_Num)
    NMI_Handler                              0x080032c9   Thumb Code     2  stm32f10x_it.o(i.NMI_Handler)
    NVIC_Init                                0x080032f1   Thumb Code    96  misc.o(i.NVIC_Init)
    NVIC_PriorityGroupConfig                 0x08003355   Thumb Code    10  misc.o(i.NVIC_PriorityGroupConfig)
    Open_Penetmode                           0x08003369   Thumb Code    24  main.o(i.Open_Penetmode)
    PendSV_Handler                           0x080033a1   Thumb Code     2  stm32f10x_it.o(i.PendSV_Handler)
    ProcessMQTTSubRecv                       0x080033a3   Thumb Code     4  esp8266.o(i.ProcessMQTTSubRecv)
    RCC_ADCCLKConfig                         0x080033a9   Thumb Code    14  stm32f10x_rcc.o(i.RCC_ADCCLKConfig)
    RCC_AHBPeriphClockCmd                    0x080033bd   Thumb Code    22  stm32f10x_rcc.o(i.RCC_AHBPeriphClockCmd)
    RCC_APB1PeriphClockCmd                   0x080033d9   Thumb Code    22  stm32f10x_rcc.o(i.RCC_APB1PeriphClockCmd)
    RCC_APB1PeriphResetCmd                   0x080033f5   Thumb Code    22  stm32f10x_rcc.o(i.RCC_APB1PeriphResetCmd)
    RCC_APB2PeriphClockCmd                   0x08003411   Thumb Code    22  stm32f10x_rcc.o(i.RCC_APB2PeriphClockCmd)
    RCC_APB2PeriphResetCmd                   0x0800342d   Thumb Code    22  stm32f10x_rcc.o(i.RCC_APB2PeriphResetCmd)
    RCC_GetClocksFreq                        0x08003449   Thumb Code   154  stm32f10x_rcc.o(i.RCC_GetClocksFreq)
    SD_SPI_GetSectorCount                    0x0800355d   Thumb Code     6  sd_spi.o(i.SD_SPI_GetSectorCount)
    SD_SPI_Init                              0x08003571   Thumb Code   356  sd_spi.o(i.SD_SPI_Init)
    SD_SPI_ReadBlocks                        0x08003741   Thumb Code   112  sd_spi.o(i.SD_SPI_ReadBlocks)
    SD_SPI_WriteBlocks                       0x080037e1   Thumb Code   112  sd_spi.o(i.SD_SPI_WriteBlocks)
    SPI_Cmd                                  0x08003855   Thumb Code    24  stm32f10x_spi.o(i.SPI_Cmd)
    SPI_I2S_DeInit                           0x0800386d   Thumb Code    88  stm32f10x_spi.o(i.SPI_I2S_DeInit)
    SPI_I2S_GetFlagStatus                    0x080038d1   Thumb Code    14  stm32f10x_spi.o(i.SPI_I2S_GetFlagStatus)
    SPI_I2S_ReceiveData                      0x080038df   Thumb Code     4  stm32f10x_spi.o(i.SPI_I2S_ReceiveData)
    SPI_I2S_SendData                         0x080038e3   Thumb Code     4  stm32f10x_spi.o(i.SPI_I2S_SendData)
    SPI_Init                                 0x080038e7   Thumb Code    56  stm32f10x_spi.o(i.SPI_Init)
    SPI_NSSInternalSoftwareConfig            0x0800391f   Thumb Code    28  stm32f10x_spi.o(i.SPI_NSSInternalSoftwareConfig)
    SVC_Handler                              0x0800393b   Thumb Code     2  stm32f10x_it.o(i.SVC_Handler)
    Serial_Init                              0x0800393d   Thumb Code   126  serial.o(i.Serial_Init)
    Serial_SendByte                          0x080039c5   Thumb Code    26  serial.o(i.Serial_SendByte)
    Serial_SendString                        0x080039e5   Thumb Code    24  serial.o(i.Serial_SendString)
    SysTick_Handler                          0x08003ab1   Thumb Code     2  stm32f10x_it.o(i.SysTick_Handler)
    SystemInit                               0x08003ab5   Thumb Code    64  system_stm32f10x.o(i.SystemInit)
    TF_Card_Mount                            0x08003b05   Thumb Code    34  tf_card.o(i.TF_Card_Mount)
    TF_Card_Unmount                          0x08003b35   Thumb Code    36  tf_card.o(i.TF_Card_Unmount)
    TIM4_IRQHandler                          0x08003bbd   Thumb Code    34  bsp_timer.o(i.TIM4_IRQHandler)
    TIM_ClearFlag                            0x08003be9   Thumb Code     6  stm32f10x_tim.o(i.TIM_ClearFlag)
    TIM_ClearITPendingBit                    0x08003bef   Thumb Code     6  stm32f10x_tim.o(i.TIM_ClearITPendingBit)
    TIM_Cmd                                  0x08003bf5   Thumb Code    24  stm32f10x_tim.o(i.TIM_Cmd)
    TIM_GetITStatus                          0x08003c0d   Thumb Code    24  stm32f10x_tim.o(i.TIM_GetITStatus)
    TIM_ITConfig                             0x08003c25   Thumb Code    20  stm32f10x_tim.o(i.TIM_ITConfig)
    TIM_SelectOutputTrigger                  0x08003c39   Thumb Code    16  stm32f10x_tim.o(i.TIM_SelectOutputTrigger)
    TIM_TimeBaseInit                         0x08003c49   Thumb Code   114  stm32f10x_tim.o(i.TIM_TimeBaseInit)
    Time_GenerateRecordPath                  0x08003d15   Thumb Code   148  time.o(i.Time_GenerateRecordPath)
    Time_GetTimestampMsText                  0x08003dc5   Thumb Code    74  time.o(i.Time_GetTimestampMsText)
    Time_IsValid                             0x08003e3d   Thumb Code     6  time.o(i.Time_IsValid)
    Time_UpdateFromString                    0x08003f71   Thumb Code   112  time.o(i.Time_UpdateFromString)
    USART1_IRQHandler                        0x08003ff9   Thumb Code    54  stm32f10x_it.o(i.USART1_IRQHandler)
    USART2_IRQHandler                        0x0800403d   Thumb Code   378  stm32f10x_it.o(i.USART2_IRQHandler)
    USART_Cmd                                0x08004229   Thumb Code    24  stm32f10x_usart.o(i.USART_Cmd)
    USART_Config                             0x08004241   Thumb Code   138  usart.o(i.USART_Config)
    USART_GetFlagStatus                      0x080042d5   Thumb Code    14  stm32f10x_usart.o(i.USART_GetFlagStatus)
    USART_GetITStatus                        0x080042e3   Thumb Code    64  stm32f10x_usart.o(i.USART_GetITStatus)
    USART_ITConfig                           0x08004323   Thumb Code    54  stm32f10x_usart.o(i.USART_ITConfig)
    USART_Init                               0x08004359   Thumb Code   182  stm32f10x_usart.o(i.USART_Init)
    USART_ReceiveData                        0x08004415   Thumb Code     8  stm32f10x_usart.o(i.USART_ReceiveData)
    USART_SendData                           0x0800441d   Thumb Code     8  stm32f10x_usart.o(i.USART_SendData)
    USART_printf                             0x08004425   Thumb Code   230  common.o(i.USART_printf)
    UsageFault_Handler                       0x0800450b   Thumb Code     2  stm32f10x_it.o(i.UsageFault_Handler)
    __0printf$8                              0x08004919   Thumb Code    22  printf8.o(i.__0printf$8)
    __1printf$8                              0x08004919   Thumb Code     0  printf8.o(i.__0printf$8)
    __2printf                                0x08004919   Thumb Code     0  printf8.o(i.__0printf$8)
    __0snprintf$8                            0x08004939   Thumb Code    48  printf8.o(i.__0snprintf$8)
    __1snprintf$8                            0x08004939   Thumb Code     0  printf8.o(i.__0snprintf$8)
    __2snprintf                              0x08004939   Thumb Code     0  printf8.o(i.__0snprintf$8)
    __0sprintf$8                             0x0800496d   Thumb Code    34  printf8.o(i.__0sprintf$8)
    __1sprintf$8                             0x0800496d   Thumb Code     0  printf8.o(i.__0sprintf$8)
    __2sprintf                               0x0800496d   Thumb Code     0  printf8.o(i.__0sprintf$8)
    __aeabi_errno_addr                       0x08004995   Thumb Code     4  errno.o(i.__aeabi_errno_addr)
    __rt_errno_addr                          0x08004995   Thumb Code     0  errno.o(i.__aeabi_errno_addr)
    __scatterload_copy                       0x0800499d   Thumb Code    14  handlers.o(i.__scatterload_copy)
    __scatterload_null                       0x080049ab   Thumb Code     2  handlers.o(i.__scatterload_null)
    __scatterload_zeroinit                   0x080049ad   Thumb Code    14  handlers.o(i.__scatterload_zeroinit)
    disk_initialize                          0x080056f1   Thumb Code    46  diskio.o(i.disk_initialize)
    disk_ioctl                               0x08005725   Thumb Code    74  diskio.o(i.disk_ioctl)
    disk_read                                0x08005775   Thumb Code    48  diskio.o(i.disk_read)
    disk_status                              0x080057a9   Thumb Code    14  diskio.o(i.disk_status)
    disk_write                               0x080057bd   Thumb Code    48  diskio.o(i.disk_write)
    f_close                                  0x080057f1   Thumb Code    32  ff.o(i.f_close)
    f_lseek                                  0x08005811   Thumb Code   352  ff.o(i.f_lseek)
    f_mount                                  0x08005971   Thumb Code    66  ff.o(i.f_mount)
    f_open                                   0x080059b9   Thumb Code   436  ff.o(i.f_open)
    f_read                                   0x08005b71   Thumb Code   356  ff.o(i.f_read)
    f_sync                                   0x08005cd5   Thumb Code   140  ff.o(i.f_sync)
    f_write                                  0x08005d65   Thumb Code   418  ff.o(i.f_write)
    ff_oem2uni                               0x08005f09   Thumb Code    36  ffunicode.o(i.ff_oem2uni)
    ff_uni2oem                               0x08005f31   Thumb Code    54  ffunicode.o(i.ff_uni2oem)
    ff_wtoupper                              0x08005f6d   Thumb Code   140  ffunicode.o(i.ff_wtoupper)
    fputc                                    0x080060dd   Thumb Code    30  serial.o(i.fputc)
    main                                     0x0800634d   Thumb Code   724  main.o(i.main)
    __ctype_table                            0x0800743a   Data         129  ctype_o.o(.constdata)
    Region$$Table$$Base                      0x080076c4   Number         0  anon$$obj.o(Region$$Table)
    Region$$Table$$Limit                     0x080076e4   Number         0  anon$$obj.o(Region$$Table)
    SystemCoreClock                          0x20000000   Data           4  system_stm32f10x.o(.data)
    AHBPrescTable                            0x20000004   Data          16  system_stm32f10x.o(.data)
    ucTcpClosedFlag                          0x2000002c   Data           1  esp8266.o(.data)
    g_ESP8266RawBusy                         0x2000002d   Data           1  esp8266.o(.data)
    g_MqttConnected                          0x2000002e   Data           1  esp8266.o(.data)
    g_MqttTimRecvPending                     0x2000002f   Data           1  esp8266.o(.data)
    g_MqttSubRecvPending                     0x20000033   Data           1  esp8266.o(.data)
    g_PassthroughMode                        0x20000048   Data           1  main.o(.data)
    uart_index                               0x20000049   Data           1  main.o(.data)
    g_AudioHalfReady                         0x2000004a   Data           1  main.o(.data)
    g_AudioFullReady                         0x2000004b   Data           1  main.o(.data)
    flag                                     0x2000004e   Data           1  main.o(.data)
    g_sd_cmd0_r1                             0x2000008d   Data           1  sd_spi.o(.data)
    g_sd_wait_ready_last                     0x2000008e   Data           1  sd_spi.o(.data)
    g_sd_select_ok                           0x2000008f   Data           1  sd_spi.o(.data)
    g_sd_sendcmd_cmd                         0x20000090   Data           1  sd_spi.o(.data)
    g_sd_sendcmd_res                         0x20000091   Data           1  sd_spi.o(.data)
    g_sd_cmd0_tmr                            0x20000098   Data           4  sd_spi.o(.data)
    __stdout                                 0x200000a0   Data           4  stdout.o(.data)
    g_MqttSubRecvBuf                         0x200000a8   Data        1024  esp8266.o(.bss)
    g_MqttTimeRecvBuf                        0x200004a8   Data        1024  esp8266.o(.bss)
    strEsp8266_Fram_Record                   0x200008c8   Data        1026  esp8266.o(.bss)
    uart_buffer                              0x20002ac0   Data          20  main.o(.bss)
    g_AudioAdcBuf                            0x20002ad4   Data        1600  main.o(.bss)
    __initial_sp                             0x200047b0   Data           0  startup_stm32f10x_md.o(STACK)



==============================================================================

Memory Map of the image

  Image Entry point : 0x080000ed

  Load Region LR_IROM1 (Base: 0x08000000, Size: 0x0000778c, Max: 0x00010000, ABSOLUTE)

    Execution Region ER_IROM1 (Exec base: 0x08000000, Load base: 0x08000000, Size: 0x000076e4, Max: 0x00010000, ABSOLUTE)

    Exec Addr    Load Addr    Size         Type   Attr      Idx    E Section Name        Object

    0x08000000   0x08000000   0x000000ec   Data   RO            3    RESET               startup_stm32f10x_md.o
    0x080000ec   0x080000ec   0x00000000   Code   RO         4701  * .ARM.Collect$$$$00000000  mc_w.l(entry.o)
    0x080000ec   0x080000ec   0x00000004   Code   RO         5001    .ARM.Collect$$$$00000001  mc_w.l(entry2.o)
    0x080000f0   0x080000f0   0x00000004   Code   RO         5004    .ARM.Collect$$$$00000004  mc_w.l(entry5.o)
    0x080000f4   0x080000f4   0x00000000   Code   RO         5006    .ARM.Collect$$$$00000008  mc_w.l(entry7b.o)
    0x080000f4   0x080000f4   0x00000000   Code   RO         5008    .ARM.Collect$$$$0000000A  mc_w.l(entry8b.o)
    0x080000f4   0x080000f4   0x00000008   Code   RO         5009    .ARM.Collect$$$$0000000B  mc_w.l(entry9a.o)
    0x080000fc   0x080000fc   0x00000004   Code   RO         5016    .ARM.Collect$$$$0000000E  mc_w.l(entry12b.o)
    0x08000100   0x08000100   0x00000000   Code   RO         5011    .ARM.Collect$$$$0000000F  mc_w.l(entry10a.o)
    0x08000100   0x08000100   0x00000000   Code   RO         5013    .ARM.Collect$$$$00000011  mc_w.l(entry11a.o)
    0x08000100   0x08000100   0x00000004   Code   RO         5002    .ARM.Collect$$$$00002712  mc_w.l(entry2.o)
    0x08000104   0x08000104   0x00000024   Code   RO            4    .text               startup_stm32f10x_md.o
    0x08000128   0x08000128   0x00000062   Code   RO         4704    .text               mc_w.l(uldiv.o)
    0x0800018a   0x0800018a   0x00000040   Code   RO         4708    .text               mc_w.l(memmovea.o)
    0x080001ca   0x080001ca   0x00000024   Code   RO         4710    .text               mc_w.l(memseta.o)
    0x080001ee   0x080001ee   0x00000024   Code   RO         4712    .text               mc_w.l(strstr.o)
    0x08000212   0x08000212   0x00000018   Code   RO         4714    .text               mc_w.l(strncpy.o)
    0x0800022a   0x0800022a   0x00000014   Code   RO         4716    .text               mc_w.l(strchr.o)
    0x0800023e   0x0800023e   0x0000000e   Code   RO         4718    .text               mc_w.l(strlen.o)
    0x0800024c   0x0800024c   0x0000001c   Code   RO         4720    .text               mc_w.l(strcmp.o)
    0x08000268   0x08000268   0x0000001a   Code   RO         4722    .text               mc_w.l(memcmp.o)
    0x08000282   0x08000282   0x0000001e   Code   RO         4724    .text               mc_w.l(strncmp.o)
    0x080002a0   0x080002a0   0x00000016   Code   RO         4726    .text               mc_w.l(strrchr.o)
    0x080002b6   0x080002b6   0x00000002   PAD
    0x080002b8   0x080002b8   0x00000038   Code   RO         4993    .text               mc_w.l(__0sscanf.o)
    0x080002f0   0x080002f0   0x0000014c   Code   RO         4995    .text               mc_w.l(_scanf_int.o)
    0x0800043c   0x0800043c   0x000000e0   Code   RO         4997    .text               mc_w.l(_scanf_str.o)
    0x0800051c   0x0800051c   0x0000001a   Code   RO         4999    .text               mc_w.l(atoi.o)
    0x08000536   0x08000536   0x0000001e   Code   RO         5020    .text               mc_w.l(llshl.o)
    0x08000554   0x08000554   0x00000020   Code   RO         5022    .text               mc_w.l(llushr.o)
    0x08000574   0x08000574   0x0000001c   Code   RO         5031    .text               mc_w.l(_chval.o)
    0x08000590   0x08000590   0x00000028   Code   RO         5033    .text               mc_w.l(scanf_char.o)
    0x080005b8   0x080005b8   0x00000040   Code   RO         5035    .text               mc_w.l(_sgetc.o)
    0x080005f8   0x080005f8   0x00000070   Code   RO         5037    .text               mc_w.l(strtol.o)
    0x08000668   0x08000668   0x00000024   Code   RO         5050    .text               mc_w.l(init.o)
    0x0800068c   0x0800068c   0x00000008   Code   RO         5056    .text               mc_w.l(ctype_o.o)
    0x08000694   0x08000694   0x00000012   Code   RO         5078    .text               mc_w.l(isspace_o.o)
    0x080006a6   0x080006a6   0x00000002   PAD
    0x080006a8   0x080006a8   0x00000330   Code   RO         5084    .text               mc_w.l(_scanf.o)
    0x080009d8   0x080009d8   0x0000009e   Code   RO         5086    .text               mc_w.l(_strtoul.o)
    0x08000a76   0x08000a76   0x00000002   PAD
    0x08000a78   0x08000a78   0x000000a8   Code   RO         3781    i.ADC1_CH1_Init     main.o
    0x08000b20   0x08000b20   0x00000018   Code   RO         1239    i.ADC_Cmd           stm32f10x_adc.o
    0x08000b38   0x08000b38   0x00000018   Code   RO         1240    i.ADC_DMACmd        stm32f10x_adc.o
    0x08000b50   0x08000b50   0x00000064   Code   RO         1241    i.ADC_DeInit        stm32f10x_adc.o
    0x08000bb4   0x08000bb4   0x00000018   Code   RO         1244    i.ADC_ExternalTrigConvCmd  stm32f10x_adc.o
    0x08000bcc   0x08000bcc   0x0000000e   Code   RO         1247    i.ADC_GetCalibrationStatus  stm32f10x_adc.o
    0x08000bda   0x08000bda   0x0000000e   Code   RO         1253    i.ADC_GetResetCalibrationStatus  stm32f10x_adc.o
    0x08000be8   0x08000be8   0x00000048   Code   RO         1257    i.ADC_Init          stm32f10x_adc.o
    0x08000c30   0x08000c30   0x00000074   Code   RO         1261    i.ADC_RegularChannelConfig  stm32f10x_adc.o
    0x08000ca4   0x08000ca4   0x0000000a   Code   RO         1262    i.ADC_ResetCalibration  stm32f10x_adc.o
    0x08000cae   0x08000cae   0x0000000a   Code   RO         1266    i.ADC_StartCalibration  stm32f10x_adc.o
    0x08000cb8   0x08000cb8   0x00000018   Code   RO         3994    i.Alarm_Blood       alarm.o
    0x08000cd0   0x08000cd0   0x00000028   Code   RO         3995    i.Alarm_ButtomDown  alarm.o
    0x08000cf8   0x08000cf8   0x0000001c   Code   RO         3996    i.Alarm_CallPeople  alarm.o
    0x08000d14   0x08000d14   0x0000001c   Code   RO         3997    i.Alarm_DontMove    alarm.o
    0x08000d30   0x08000d30   0x0000001c   Code   RO         3998    i.Alarm_Explosion   alarm.o
    0x08000d4c   0x08000d4c   0x00000018   Code   RO         3999    i.Alarm_Faint       alarm.o
    0x08000d64   0x08000d64   0x00000018   Code   RO         4000    i.Alarm_Fight       alarm.o
    0x08000d7c   0x08000d7c   0x00000018   Code   RO         4001    i.Alarm_Fire        alarm.o
    0x08000d94   0x08000d94   0x0000001c   Code   RO         4002    i.Alarm_GroupFight  alarm.o
    0x08000db0   0x08000db0   0x00000018   Code   RO         4003    i.Alarm_HelpMe      alarm.o
    0x08000dc8   0x08000dc8   0x00000018   Code   RO         4004    i.Alarm_Kidnap      alarm.o
    0x08000de0   0x08000de0   0x00000018   Code   RO         4005    i.Alarm_Kill        alarm.o
    0x08000df8   0x08000df8   0x00000018   Code   RO         4006    i.Alarm_Robbery     alarm.o
    0x08000e10   0x08000e10   0x0000002c   Code   RO         4007    i.Alarm_StartRecord  alarm.o
    0x08000e3c   0x08000e3c   0x0000001c   Code   RO         4008    i.Alarm_StopHit     alarm.o
    0x08000e58   0x08000e58   0x0000001c   Code   RO         4009    i.Alarm_Voice       alarm.o
    0x08000e74   0x08000e74   0x0000000c   Code   RO         3782    i.App_IsRecording   main.o
    0x08000e80   0x08000e80   0x0000000c   Code   RO         3220    i.App_Millis        bsp_timer.o
    0x08000e8c   0x08000e8c   0x00000008   Code   RO         3783    i.App_TimeDue       main.o
    0x08000e94   0x08000e94   0x0000001c   Code   RO         3784    i.App_TryStartAlarmRecording  main.o
    0x08000eb0   0x08000eb0   0x00000034   Code   RO         3785    i.Audio_Capture_Start  main.o
    0x08000ee4   0x08000ee4   0x00000054   Code   RO         3786    i.Audio_Capture_Stop  main.o
    0x08000f38   0x08000f38   0x000000c8   Code   RO         3787    i.Audio_ToWav_WriteHalf  main.o
    0x08001000   0x08001000   0x00000002   Code   RO         3902    i.BusFault_Handler  stm32f10x_it.o
    0x08001002   0x08001002   0x00000002   PAD
    0x08001004   0x08001004   0x0000008c   Code   RO         3508    i.Campus_BuildMsgId  campus_mqtt.o
    0x08001090   0x08001090   0x0000000e   Code   RO         3509    i.Campus_BuildTimestamp  campus_mqtt.o
    0x0800109e   0x0800109e   0x00000002   PAD
    0x080010a0   0x080010a0   0x0000004c   Code   RO         3510    i.Campus_DedupFind  campus_mqtt.o
    0x080010ec   0x080010ec   0x00000074   Code   RO         3511    i.Campus_DedupRemember  campus_mqtt.o
    0x08001160   0x08001160   0x000000e8   Code   RO         3512    i.Campus_ExtractMqttSubPayload  campus_mqtt.o
    0x08001248   0x08001248   0x0000029c   Code   RO         3513    i.Campus_HttpPutFile  campus_mqtt.o
    0x080014e4   0x080014e4   0x0000007c   Code   RO         3514    i.Campus_JsonGetString  campus_mqtt.o
    0x08001560   0x08001560   0x00000004   Code   RO         3515    i.Campus_MQTT_OnConnected  campus_mqtt.o
    0x08001564   0x08001564   0x00000164   Code   RO         3516    i.Campus_MQTT_PostAlarmForFile  campus_mqtt.o
    0x080016c8   0x080016c8   0x00000250   Code   RO         3517    i.Campus_MQTT_ProcessSubRecv  campus_mqtt.o
    0x08001918   0x08001918   0x000000d0   Code   RO         3518    i.Campus_MQTT_PublishConfirm  campus_mqtt.o
    0x080019e8   0x080019e8   0x00000290   Code   RO         3519    i.Campus_MQTT_PublishJson  campus_mqtt.o
    0x08001c78   0x08001c78   0x00000088   Code   RO         3520    i.Campus_MQTT_PublishOnline  campus_mqtt.o
    0x08001d00   0x08001d00   0x00000048   Code   RO         3521    i.Campus_MQTT_Service  campus_mqtt.o
    0x08001d48   0x08001d48   0x0000003c   Code   RO         3522    i.Campus_MQTT_SetPendingAlarm  campus_mqtt.o
    0x08001d84   0x08001d84   0x00000174   Code   RO         3523    i.Campus_ParseHttpUrl  campus_mqtt.o
    0x08001ef8   0x08001ef8   0x0000007c   Code   RO         3524    i.Campus_SaveSubRecvFromRaw  campus_mqtt.o
    0x08001f74   0x08001f74   0x00000088   Code   RO         3788    i.DMA1_Channel1_ADC1_Init  main.o
    0x08001ffc   0x08001ffc   0x00000034   Code   RO         3903    i.DMA1_Channel1_IRQHandler  stm32f10x_it.o
    0x08002030   0x08002030   0x00000018   Code   RO          685    i.DMA_ClearITPendingBit  stm32f10x_dma.o
    0x08002048   0x08002048   0x0000001a   Code   RO          686    i.DMA_Cmd           stm32f10x_dma.o
    0x08002062   0x08002062   0x00000002   PAD
    0x08002064   0x08002064   0x000000f8   Code   RO          687    i.DMA_DeInit        stm32f10x_dma.o
    0x0800215c   0x0800215c   0x00000024   Code   RO          690    i.DMA_GetITStatus   stm32f10x_dma.o
    0x08002180   0x08002180   0x00000014   Code   RO          691    i.DMA_ITConfig      stm32f10x_dma.o
    0x08002194   0x08002194   0x0000003a   Code   RO          692    i.DMA_Init          stm32f10x_dma.o
    0x080021ce   0x080021ce   0x00000002   Code   RO         3904    i.DebugMon_Handler  stm32f10x_it.o
    0x080021d0   0x080021d0   0x00000018   Code   RO         3196    i.Delay_ms          delay.o
    0x080021e8   0x080021e8   0x00000020   Code   RO         3198    i.Delay_us          delay.o
    0x08002208   0x08002208   0x00000098   Code   RO         3310    i.ESP8266_AT_Ready  esp8266.o
    0x080022a0   0x080022a0   0x00000004   Code   RO         3311    i.ESP8266_AT_Test   esp8266.o
    0x080022a4   0x080022a4   0x0000006c   Code   RO         3312    i.ESP8266_Cmd       esp8266.o
    0x08002310   0x08002310   0x0000012c   Code   RO         3314    i.ESP8266_Get_RealTime  esp8266.o
    0x0800243c   0x0800243c   0x00000004   Code   RO         3315    i.ESP8266_Init      esp8266.o
    0x08002440   0x08002440   0x000001f4   Code   RO         3316    i.ESP8266_JoinAP    esp8266.o
    0x08002634   0x08002634   0x000000b8   Code   RO         3317    i.ESP8266_Link_Server  esp8266.o
    0x080026ec   0x080026ec   0x000000d4   Code   RO         3318    i.ESP8266_MQTTConnectReady  esp8266.o
    0x080027c0   0x080027c0   0x0000005c   Code   RO         3319    i.ESP8266_Net_Mode_Choose  esp8266.o
    0x0800281c   0x0800281c   0x00000274   Code   RO         3322    i.ESP8266_SendBuffer  esp8266.o
    0x08002a90   0x08002a90   0x0000000e   Code   RO         3323    i.ESP8266_SendRawBuffer  esp8266.o
    0x08002a9e   0x08002a9e   0x00000002   PAD
    0x08002aa0   0x08002aa0   0x00000030   Code   RO         3324    i.ESP8266_SendRawBytes  esp8266.o
    0x08002ad0   0x08002ad0   0x00000224   Code   RO         3328    i.ESP8266_StaTcpClient  esp8266.o
    0x08002cf4   0x08002cf4   0x000000f8   Code   RO         3329    i.ESP8266_SyncTime  esp8266.o
    0x08002dec   0x08002dec   0x0000009c   Code   RO         3330    i.ESP8266_USART_Config  esp8266.o
    0x08002e88   0x08002e88   0x00000028   Code   RO         3331    i.ESP8266_USART_NVIC_Configuration  esp8266.o
    0x08002eb0   0x08002eb0   0x00000060   Code   RO         3333    i.ESP8266_WaitResponse  esp8266.o
    0x08002f10   0x08002f10   0x0000005c   Code   RO         3334    i.ESP8266_WaitRxQuiet  esp8266.o
    0x08002f6c   0x08002f6c   0x0000000e   Code   RO         3221    i.GENERAL_TIM_Init  bsp_timer.o
    0x08002f7a   0x08002f7a   0x00000002   PAD
    0x08002f7c   0x08002f7c   0x00000050   Code   RO         3222    i.GENERAL_TIM_Mode_Config  bsp_timer.o
    0x08002fcc   0x08002fcc   0x00000028   Code   RO         3223    i.GENERAL_TIM_NVIC_Config  bsp_timer.o
    0x08002ff4   0x08002ff4   0x000000a6   Code   RO         1122    i.GPIO_Init         stm32f10x_gpio.o
    0x0800309a   0x0800309a   0x0000000e   Code   RO         1126    i.GPIO_ReadInputDataBit  stm32f10x_gpio.o
    0x080030a8   0x080030a8   0x00000004   Code   RO         1129    i.GPIO_ResetBits    stm32f10x_gpio.o
    0x080030ac   0x080030ac   0x00000004   Code   RO         1130    i.GPIO_SetBits      stm32f10x_gpio.o
    0x080030b0   0x080030b0   0x00000020   Code   RO         4010    i.General_alarm     alarm.o
    0x080030d0   0x080030d0   0x00000034   Code   RO         3789    i.Get_STM32_UID     main.o
    0x08003104   0x08003104   0x00000002   Code   RO         3905    i.HardFault_Handler  stm32f10x_it.o
    0x08003106   0x08003106   0x00000002   PAD
    0x08003108   0x08003108   0x0000005c   Code   RO         3289    i.Key_GetNum        key.o
    0x08003164   0x08003164   0x0000002c   Code   RO         3290    i.Key_Init          key.o
    0x08003190   0x08003190   0x0000000c   Code   RO         3259    i.LED0_OFF          led.o
    0x0800319c   0x0800319c   0x0000000c   Code   RO         3260    i.LED0_ON           led.o
    0x080031a8   0x080031a8   0x00000034   Code   RO         3262    i.LED_Init          led.o
    0x080031dc   0x080031dc   0x00000002   Code   RO         3906    i.MemManage_Handler  stm32f10x_it.o
    0x080031de   0x080031de   0x00000002   PAD
    0x080031e0   0x080031e0   0x000000e8   Code   RO         3335    i.Month_Str_To_Num  esp8266.o
    0x080032c8   0x080032c8   0x00000002   Code   RO         3907    i.NMI_Handler       stm32f10x_it.o
    0x080032ca   0x080032ca   0x00000026   Code   RO         3657    i.NVIC_Configuration  usart.o
    0x080032f0   0x080032f0   0x00000064   Code   RO          137    i.NVIC_Init         misc.o
    0x08003354   0x08003354   0x00000014   Code   RO          138    i.NVIC_PriorityGroupConfig  misc.o
    0x08003368   0x08003368   0x00000038   Code   RO         3790    i.Open_Penetmode    main.o
    0x080033a0   0x080033a0   0x00000002   Code   RO         3908    i.PendSV_Handler    stm32f10x_it.o
    0x080033a2   0x080033a2   0x00000004   Code   RO         3336    i.ProcessMQTTSubRecv  esp8266.o
    0x080033a6   0x080033a6   0x00000002   PAD
    0x080033a8   0x080033a8   0x00000014   Code   RO         1773    i.RCC_ADCCLKConfig  stm32f10x_rcc.o
    0x080033bc   0x080033bc   0x0000001c   Code   RO         1774    i.RCC_AHBPeriphClockCmd  stm32f10x_rcc.o
    0x080033d8   0x080033d8   0x0000001c   Code   RO         1775    i.RCC_APB1PeriphClockCmd  stm32f10x_rcc.o
    0x080033f4   0x080033f4   0x0000001c   Code   RO         1776    i.RCC_APB1PeriphResetCmd  stm32f10x_rcc.o
    0x08003410   0x08003410   0x0000001c   Code   RO         1777    i.RCC_APB2PeriphClockCmd  stm32f10x_rcc.o
    0x0800342c   0x0800342c   0x0000001c   Code   RO         1778    i.RCC_APB2PeriphResetCmd  stm32f10x_rcc.o
    0x08003448   0x08003448   0x000000ac   Code   RO         1785    i.RCC_GetClocksFreq  stm32f10x_rcc.o
    0x080034f4   0x080034f4   0x00000068   Code   RO         4554    i.SD_SPI_GPIO_Init  sd_spi.o
    0x0800355c   0x0800355c   0x0000000c   Code   RO         4555    i.SD_SPI_GetSectorCount  sd_spi.o
    0x08003568   0x08003568   0x00000006   Code   RO         4556    i.SD_SPI_HighSpeed  sd_spi.o
    0x0800356e   0x0800356e   0x00000002   PAD
    0x08003570   0x08003570   0x0000016c   Code   RO         4557    i.SD_SPI_Init       sd_spi.o
    0x080036dc   0x080036dc   0x00000006   Code   RO         4558    i.SD_SPI_LowSpeed   sd_spi.o
    0x080036e2   0x080036e2   0x00000002   PAD
    0x080036e4   0x080036e4   0x0000005c   Code   RO         4559    i.SD_SPI_Peripheral_Init  sd_spi.o
    0x08003740   0x08003740   0x00000074   Code   RO         4560    i.SD_SPI_ReadBlocks  sd_spi.o
    0x080037b4   0x080037b4   0x0000002c   Code   RO         4561    i.SD_SPI_SetPrescaler  sd_spi.o
    0x080037e0   0x080037e0   0x00000074   Code   RO         4562    i.SD_SPI_WriteBlocks  sd_spi.o
    0x08003854   0x08003854   0x00000018   Code   RO         2263    i.SPI_Cmd           stm32f10x_spi.o
    0x0800386c   0x0800386c   0x00000064   Code   RO         2270    i.SPI_I2S_DeInit    stm32f10x_spi.o
    0x080038d0   0x080038d0   0x0000000e   Code   RO         2271    i.SPI_I2S_GetFlagStatus  stm32f10x_spi.o
    0x080038de   0x080038de   0x00000004   Code   RO         2274    i.SPI_I2S_ReceiveData  stm32f10x_spi.o
    0x080038e2   0x080038e2   0x00000004   Code   RO         2275    i.SPI_I2S_SendData  stm32f10x_spi.o
    0x080038e6   0x080038e6   0x00000038   Code   RO         2276    i.SPI_Init          stm32f10x_spi.o
    0x0800391e   0x0800391e   0x0000001c   Code   RO         2277    i.SPI_NSSInternalSoftwareConfig  stm32f10x_spi.o
    0x0800393a   0x0800393a   0x00000002   Code   RO         3909    i.SVC_Handler       stm32f10x_it.o
    0x0800393c   0x0800393c   0x00000088   Code   RO         3720    i.Serial_Init       serial.o
    0x080039c4   0x080039c4   0x00000020   Code   RO         3723    i.Serial_SendByte   serial.o
    0x080039e4   0x080039e4   0x00000018   Code   RO         3725    i.Serial_SendString  serial.o
    0x080039fc   0x080039fc   0x00000004   Code   RO           24    i.SetSysClock       system_stm32f10x.o
    0x08003a00   0x08003a00   0x000000b0   Code   RO           25    i.SetSysClockTo72   system_stm32f10x.o
    0x08003ab0   0x08003ab0   0x00000002   Code   RO         3910    i.SysTick_Handler   stm32f10x_it.o
    0x08003ab2   0x08003ab2   0x00000002   PAD
    0x08003ab4   0x08003ab4   0x00000050   Code   RO           27    i.SystemInit        system_stm32f10x.o
    0x08003b04   0x08003b04   0x00000030   Code   RO         4169    i.TF_Card_Mount     tf_card.o
    0x08003b34   0x08003b34   0x0000002c   Code   RO         4170    i.TF_Card_Unmount   tf_card.o
    0x08003b60   0x08003b60   0x0000005c   Code   RO         3791    i.TIM3_TRGO_Init    main.o
    0x08003bbc   0x08003bbc   0x0000002c   Code   RO         3224    i.TIM4_IRQHandler   bsp_timer.o
    0x08003be8   0x08003be8   0x00000006   Code   RO         2415    i.TIM_ClearFlag     stm32f10x_tim.o
    0x08003bee   0x08003bee   0x00000006   Code   RO         2416    i.TIM_ClearITPendingBit  stm32f10x_tim.o
    0x08003bf4   0x08003bf4   0x00000018   Code   RO         2421    i.TIM_Cmd           stm32f10x_tim.o
    0x08003c0c   0x08003c0c   0x00000018   Code   RO         2442    i.TIM_GetITStatus   stm32f10x_tim.o
    0x08003c24   0x08003c24   0x00000014   Code   RO         2446    i.TIM_ITConfig      stm32f10x_tim.o
    0x08003c38   0x08003c38   0x00000010   Code   RO         2478    i.TIM_SelectOutputTrigger  stm32f10x_tim.o
    0x08003c48   0x08003c48   0x0000009c   Code   RO         2492    i.TIM_TimeBaseInit  stm32f10x_tim.o
    0x08003ce4   0x08003ce4   0x00000030   Code   RO         4104    i.Time_DaysBeforeMonth  time.o
    0x08003d14   0x08003d14   0x000000b0   Code   RO         4105    i.Time_GenerateRecordPath  time.o
    0x08003dc4   0x08003dc4   0x00000050   Code   RO         4106    i.Time_GetTimestampMsText  time.o
    0x08003e14   0x08003e14   0x00000026   Code   RO         4107    i.Time_IsLeapYear   time.o
    0x08003e3a   0x08003e3a   0x00000002   PAD
    0x08003e3c   0x08003e3c   0x0000000c   Code   RO         4108    i.Time_IsValid      time.o
    0x08003e48   0x08003e48   0x000000b4   Code   RO         4109    i.Time_ToEpochSeconds  time.o
    0x08003efc   0x08003efc   0x00000074   Code   RO         4110    i.Time_Uint64ToText  time.o
    0x08003f70   0x08003f70   0x00000088   Code   RO         4111    i.Time_UpdateFromString  time.o
    0x08003ff8   0x08003ff8   0x00000044   Code   RO         3911    i.USART1_IRQHandler  stm32f10x_it.o
    0x0800403c   0x0800403c   0x000001ec   Code   RO         3912    i.USART2_IRQHandler  stm32f10x_it.o
    0x08004228   0x08004228   0x00000018   Code   RO         2960    i.USART_Cmd         stm32f10x_usart.o
    0x08004240   0x08004240   0x00000094   Code   RO         3658    i.USART_Config      usart.o
    0x080042d4   0x080042d4   0x0000000e   Code   RO         2963    i.USART_GetFlagStatus  stm32f10x_usart.o
    0x080042e2   0x080042e2   0x00000040   Code   RO         2964    i.USART_GetITStatus  stm32f10x_usart.o
    0x08004322   0x08004322   0x00000036   Code   RO         2966    i.USART_ITConfig    stm32f10x_usart.o
    0x08004358   0x08004358   0x000000bc   Code   RO         2967    i.USART_Init        stm32f10x_usart.o
    0x08004414   0x08004414   0x00000008   Code   RO         2974    i.USART_ReceiveData  stm32f10x_usart.o
    0x0800441c   0x0800441c   0x00000008   Code   RO         2977    i.USART_SendData    stm32f10x_usart.o
    0x08004424   0x08004424   0x000000e6   Code   RO         3634    i.USART_printf      common.o
    0x0800450a   0x0800450a   0x00000002   Code   RO         3913    i.UsageFault_Handler  stm32f10x_it.o
    0x0800450c   0x0800450c   0x000001c0   Code   RO         3792    i.Wav_Start         main.o
    0x080046cc   0x080046cc   0x000000cc   Code   RO         3793    i.Wav_Stop          main.o
    0x08004798   0x08004798   0x00000180   Code   RO         3794    i.Wav_WriteHeader   main.o
    0x08004918   0x08004918   0x00000020   Code   RO         4939    i.__0printf$8       mc_w.l(printf8.o)
    0x08004938   0x08004938   0x00000034   Code   RO         4940    i.__0snprintf$8     mc_w.l(printf8.o)
    0x0800496c   0x0800496c   0x00000028   Code   RO         4941    i.__0sprintf$8      mc_w.l(printf8.o)
    0x08004994   0x08004994   0x00000008   Code   RO         5024    i.__aeabi_errno_addr  mc_w.l(errno.o)
    0x0800499c   0x0800499c   0x0000000e   Code   RO         5095    i.__scatterload_copy  mc_w.l(handlers.o)
    0x080049aa   0x080049aa   0x00000002   Code   RO         5096    i.__scatterload_null  mc_w.l(handlers.o)
    0x080049ac   0x080049ac   0x0000000e   Code   RO         5097    i.__scatterload_zeroinit  mc_w.l(handlers.o)
    0x080049ba   0x080049ba   0x00000002   PAD
    0x080049bc   0x080049bc   0x00000404   Code   RO         4946    i._printf_core      mc_w.l(printf8.o)
    0x08004dc0   0x08004dc0   0x00000024   Code   RO         4947    i._printf_post_padding  mc_w.l(printf8.o)
    0x08004de4   0x08004de4   0x0000002e   Code   RO         4948    i._printf_pre_padding  mc_w.l(printf8.o)
    0x08004e12   0x08004e12   0x00000016   Code   RO         4949    i._snputc           mc_w.l(printf8.o)
    0x08004e28   0x08004e28   0x0000000a   Code   RO         4950    i._sputc            mc_w.l(printf8.o)
    0x08004e32   0x08004e32   0x00000002   PAD
    0x08004e34   0x08004e34   0x000000d4   Code   RO         4201    i.check_fs          ff.o
    0x08004f08   0x08004f08   0x00000018   Code   RO         4202    i.clst2sect         ff.o
    0x08004f20   0x08004f20   0x00000094   Code   RO         4203    i.cmp_lfn           ff.o
    0x08004fb4   0x08004fb4   0x000000ee   Code   RO         4204    i.create_chain      ff.o
    0x080050a2   0x080050a2   0x00000002   PAD
    0x080050a4   0x080050a4   0x00000238   Code   RO         4205    i.create_name       ff.o
    0x080052dc   0x080052dc   0x0000000c   Code   RO         4207    i.dbc_1st           ff.o
    0x080052e8   0x080052e8   0x0000000c   Code   RO         4208    i.dbc_2nd           ff.o
    0x080052f4   0x080052f4   0x0000004a   Code   RO         4209    i.dir_alloc         ff.o
    0x0800533e   0x0800533e   0x0000005c   Code   RO         4210    i.dir_clear         ff.o
    0x0800539a   0x0800539a   0x000000d2   Code   RO         4211    i.dir_find          ff.o
    0x0800546c   0x0800546c   0x000000c6   Code   RO         4212    i.dir_next          ff.o
    0x08005532   0x08005532   0x00000128   Code   RO         4214    i.dir_register      ff.o
    0x0800565a   0x0800565a   0x00000094   Code   RO         4216    i.dir_sdi           ff.o
    0x080056ee   0x080056ee   0x00000002   PAD
    0x080056f0   0x080056f0   0x00000034   Code   RO         4660    i.disk_initialize   diskio.o
    0x08005724   0x08005724   0x00000050   Code   RO         4661    i.disk_ioctl        diskio.o
    0x08005774   0x08005774   0x00000034   Code   RO         4662    i.disk_read         diskio.o
    0x080057a8   0x080057a8   0x00000014   Code   RO         4663    i.disk_status       diskio.o
    0x080057bc   0x080057bc   0x00000034   Code   RO         4664    i.disk_write        diskio.o
    0x080057f0   0x080057f0   0x00000020   Code   RO         4217    i.f_close           ff.o
    0x08005810   0x08005810   0x00000160   Code   RO         4220    i.f_lseek           ff.o
    0x08005970   0x08005970   0x00000048   Code   RO         4223    i.f_mount           ff.o
    0x080059b8   0x080059b8   0x000001b8   Code   RO         4224    i.f_open            ff.o
    0x08005b70   0x08005b70   0x00000164   Code   RO         4226    i.f_read            ff.o
    0x08005cd4   0x08005cd4   0x00000090   Code   RO         4230    i.f_sync            ff.o
    0x08005d64   0x08005d64   0x000001a2   Code   RO         4233    i.f_write           ff.o
    0x08005f06   0x08005f06   0x00000002   PAD
    0x08005f08   0x08005f08   0x00000028   Code   RO         4522    i.ff_oem2uni        ffunicode.o
    0x08005f30   0x08005f30   0x0000003c   Code   RO         4523    i.ff_uni2oem        ffunicode.o
    0x08005f6c   0x08005f6c   0x00000094   Code   RO         4524    i.ff_wtoupper       ffunicode.o
    0x08006000   0x08006000   0x00000062   Code   RO         4234    i.find_volume       ff.o
    0x08006062   0x08006062   0x0000007a   Code   RO         4235    i.follow_path       ff.o
    0x080060dc   0x080060dc   0x00000024   Code   RO         3727    i.fputc             serial.o
    0x08006100   0x08006100   0x000000a4   Code   RO         4236    i.gen_numname       ff.o
    0x080061a4   0x080061a4   0x000000c4   Code   RO         4237    i.get_fat           ff.o
    0x08006268   0x08006268   0x00000040   Code   RO         4239    i.get_ldnumber      ff.o
    0x080062a8   0x080062a8   0x0000005c   Code   RO         3635    i.itoa              common.o
    0x08006304   0x08006304   0x00000026   Code   RO         4240    i.ld_clust          ff.o
    0x0800632a   0x0800632a   0x00000016   Code   RO         4241    i.ld_dword          ff.o
    0x08006340   0x08006340   0x0000000a   Code   RO         4242    i.ld_word           ff.o
    0x0800634a   0x0800634a   0x00000002   PAD
    0x0800634c   0x0800634c   0x000003a8   Code   RO         3795    i.main              main.o
    0x080066f4   0x080066f4   0x0000024c   Code   RO         4243    i.mount_volume      ff.o
    0x08006940   0x08006940   0x00000034   Code   RO         4244    i.move_window       ff.o
    0x08006974   0x08006974   0x000000fa   Code   RO         4246    i.put_fat           ff.o
    0x08006a6e   0x08006a6e   0x00000002   PAD
    0x08006a70   0x08006a70   0x00000074   Code   RO         4247    i.put_lfn           ff.o
    0x08006ae4   0x08006ae4   0x00000078   Code   RO         4249    i.remove_chain      ff.o
    0x08006b5c   0x08006b5c   0x00000018   Code   RO         4563    i.sd_deselect       sd_spi.o
    0x08006b74   0x08006b74   0x00000090   Code   RO         4564    i.sd_get_sector_count_from_csd  sd_spi.o
    0x08006c04   0x08006c04   0x00000044   Code   RO         4565    i.sd_recv_datablock  sd_spi.o
    0x08006c48   0x08006c48   0x00000028   Code   RO         4566    i.sd_select         sd_spi.o
    0x08006c70   0x08006c70   0x00000094   Code   RO         4567    i.sd_send_cmd       sd_spi.o
    0x08006d04   0x08006d04   0x00000024   Code   RO         4568    i.sd_send_dummy_clocks  sd_spi.o
    0x08006d28   0x08006d28   0x00000024   Code   RO         4569    i.sd_wait_ready     sd_spi.o
    0x08006d4c   0x08006d4c   0x00000064   Code   RO         4570    i.sd_xmit_datablock  sd_spi.o
    0x08006db0   0x08006db0   0x0000005c   Code   RO         4571    i.spi_txrx          sd_spi.o
    0x08006e0c   0x08006e0c   0x00000028   Code   RO         4250    i.st_clust          ff.o
    0x08006e34   0x08006e34   0x00000010   Code   RO         4251    i.st_dword          ff.o
    0x08006e44   0x08006e44   0x00000008   Code   RO         4252    i.st_word           ff.o
    0x08006e4c   0x08006e4c   0x0000001a   Code   RO         4253    i.sum_sfn           ff.o
    0x08006e66   0x08006e66   0x00000002   PAD
    0x08006e68   0x08006e68   0x00000088   Code   RO         4254    i.sync_fs           ff.o
    0x08006ef0   0x08006ef0   0x00000048   Code   RO         4255    i.sync_window       ff.o
    0x08006f38   0x08006f38   0x0000004a   Code   RO         4256    i.tchar2uni         ff.o
    0x08006f82   0x08006f82   0x00000036   Code   RO         4257    i.validate          ff.o
    0x08006fb8   0x08006fb8   0x00000018   Data   RO         4112    .constdata          time.o
    0x08006fd0   0x08006fd0   0x000000bc   Data   RO         4259    .constdata          ff.o
    0x0800708c   0x0800708c   0x000003ae   Data   RO         4525    .constdata          ffunicode.o
    0x0800743a   0x0800743a   0x00000081   Data   RO         5057    .constdata          mc_w.l(ctype_o.o)
    0x080074bb   0x080074bb   0x00000001   PAD
    0x080074bc   0x080074bc   0x00000004   Data   RO         5058    .constdata          mc_w.l(ctype_o.o)
    0x080074c0   0x080074c0   0x00000048   Data   RO         3340    .conststring        esp8266.o
    0x08007508   0x08007508   0x000001ba   Data   RO         3526    .conststring        campus_mqtt.o
    0x080076c2   0x080076c2   0x00000002   PAD
    0x080076c4   0x080076c4   0x00000020   Data   RO         5093    Region$$Table       anon$$obj.o


    Execution Region RW_IRAM1 (Exec base: 0x20000000, Load base: 0x080076e4, Size: 0x000047b0, Max: 0x00005000, ABSOLUTE)

    Exec Addr    Load Addr    Size         Type   Attr      Idx    E Section Name        Object

    0x20000000   0x080076e4   0x00000014   Data   RW           28    .data               system_stm32f10x.o
    0x20000014   0x080076f8   0x00000014   Data   RW         1805    .data               stm32f10x_rcc.o
    0x20000028   0x0800770c   0x00000004   Data   RW         3225    .data               bsp_timer.o
    0x2000002c   0x08007710   0x00000001   Data   RW         3341    .data               esp8266.o
    0x2000002d   0x08007711   0x00000001   Data   RW         3342    .data               esp8266.o
    0x2000002e   0x08007712   0x00000005   Data   RW         3343    .data               esp8266.o
    0x20000033   0x08007717   0x00000001   Data   RW         3344    .data               esp8266.o
    0x20000034   0x08007718   0x00000014   Data   RW         3527    .data               campus_mqtt.o
    0x20000048   0x0800772c   0x0000000c   Data   RW         3797    .data               main.o
    0x20000054   0x08007738   0x0000002c   Data   RW         4113    .data               time.o
    0x20000080   0x08007764   0x00000001   Data   RW         4172    .data               tf_card.o
    0x20000081   0x08007765   0x00000003   PAD
    0x20000084   0x08007768   0x00000008   Data   RW         4260    .data               ff.o
    0x2000008c   0x08007770   0x00000010   Data   RW         4572    .data               sd_spi.o
    0x2000009c   0x08007780   0x00000001   Data   RW         4665    .data               diskio.o
    0x2000009d   0x08007781   0x00000003   PAD
    0x200000a0   0x08007784   0x00000004   Data   RW         5017    .data               mc_w.l(stdout.o)
    0x200000a4   0x08007788   0x00000004   Data   RW         5027    .data               mc_w.l(errno.o)
    0x200000a8        -       0x00000400   Zero   RW         3337    .bss                esp8266.o
    0x200004a8        -       0x00000822   Zero   RW         3338    .bss                esp8266.o
    0x20000cca   0x0800778c   0x00000002   PAD
    0x20000ccc        -       0x00001df4   Zero   RW         3525    .bss                campus_mqtt.o
    0x20002ac0        -       0x000008bc   Zero   RW         3796    .bss                main.o
    0x2000337c        -       0x00000234   Zero   RW         4171    .bss                tf_card.o
    0x200035b0        -       0x00000200   Zero   RW         4258    .bss                ff.o
    0x200037b0        -       0x00001000   Zero   RW            1    STACK               startup_stm32f10x_md.o


==============================================================================

Image component sizes


      Code (inc. data)   RO Data    RW Data    ZI Data      Debug   Object Name

       476        298          0          0          0       7340   alarm.o
       190         20          0          4          0       2894   bsp_timer.o
      3950       1414        442         20       7668      18734   campus_mqtt.o
       322          0          0          0          0       2843   common.o
         0          0          0          0          0       4532   core_cm3.o
        56          0          0          0          0        970   delay.o
       256         26          0          1          0       3886   diskio.o
      3662       1470         72          8       3106      17684   esp8266.o
      6312        104        188          8        512      56256   ff.o
       248         28        942          0          0       2880   ffunicode.o
       136         10          0          0          0       1068   key.o
        76         12          0          0          0       1312   led.o
      2860        780          0         12       2236      20755   main.o
       120         14          0          0          0     206611   misc.o
      1548         82          0         16          0      12870   sd_spi.o
       228         22          0          0          0       4060   serial.o
        36          8        236          0       4096        820   startup_stm32f10x_md.o
       408         22          0          0          0      17317   stm32f10x_adc.o
         0          0          0          0          0       1736   stm32f10x_bkp.o
       412         28          0          0          0      15255   stm32f10x_dma.o
       188          0          0          0          0      12068   stm32f10x_gpio.o
       630        136          0          0          0       5997   stm32f10x_it.o
       332         54          0         20          0      15583   stm32f10x_rcc.o
       230         12          0          0          0      12023   stm32f10x_spi.o
       252         42          0          0          0      25096   stm32f10x_tim.o
       360          6          0          0          0      12453   stm32f10x_usart.o
       260         26          0         20          0      62773   system_stm32f10x.o
        92         22          0          1        564       1390   tf_card.o
       786         76         24         44          0       6855   time.o
       186         10          0          0          0       1087   usart.o

    ----------------------------------------------------------------------
     24648       4722       1938        160      18184     555148   Object Totals
         0          0         32          0          0          0   (incl. Generated)
        36          0          2          6          2          0   (incl. Padding)

    ----------------------------------------------------------------------

      Code (inc. data)   RO Data    RW Data    ZI Data      Debug   Library Member Name

        56          8          0          0          0         84   __0sscanf.o
        28          0          0          0          0         68   _chval.o
       816          6          0          0          0        112   _scanf.o
       332          0          0          0          0         96   _scanf_int.o
       224          0          0          0          0         96   _scanf_str.o
        64          0          0          0          0         84   _sgetc.o
       158          0          0          0          0         92   _strtoul.o
        26          0          0          0          0         80   atoi.o
         8          4        133          0          0         68   ctype_o.o
         0          0          0          0          0          0   entry.o
         0          0          0          0          0          0   entry10a.o
         0          0          0          0          0          0   entry11a.o
         4          0          0          0          0          0   entry12b.o
         8          4          0          0          0          0   entry2.o
         4          0          0          0          0          0   entry5.o
         0          0          0          0          0          0   entry7b.o
         0          0          0          0          0          0   entry8b.o
         8          4          0          0          0          0   entry9a.o
         8          4          0          4          0         68   errno.o
        30          0          0          0          0          0   handlers.o
        36          8          0          0          0         68   init.o
        18          0          0          0          0         76   isspace_o.o
        30          0          0          0          0         68   llshl.o
        32          0          0          0          0         68   llushr.o
        26          0          0          0          0         80   memcmp.o
        64          0          0          0          0         76   memmovea.o
        36          0          0          0          0        108   memseta.o
      1266         64          0          0          0        660   printf8.o
        40          8          0          0          0         84   scanf_char.o
         0          0          0          4          0          0   stdout.o
        20          0          0          0          0         68   strchr.o
        28          0          0          0          0         76   strcmp.o
        14          0          0          0          0         68   strlen.o
        30          0          0          0          0         80   strncmp.o
        24          0          0          0          0         76   strncpy.o
        22          0          0          0          0         68   strrchr.o
        36          0          0          0          0         80   strstr.o
       112          0          0          0          0         88   strtol.o
        98          0          0          0          0         92   uldiv.o

    ----------------------------------------------------------------------
      3716        110        134          8          0       2832   Library Totals
        10          0          1          0          0          0   (incl. Padding)

    ----------------------------------------------------------------------

      Code (inc. data)   RO Data    RW Data    ZI Data      Debug   Library Name

      3706        110        133          8          0       2832   mc_w.l

    ----------------------------------------------------------------------
      3716        110        134          8          0       2832   Library Totals

    ----------------------------------------------------------------------

==============================================================================


      Code (inc. data)   RO Data    RW Data    ZI Data      Debug   

     28364       4832       2072        168      18184     544768   Grand Totals
     28364       4832       2072        168      18184     544768   ELF Image Totals
     28364       4832       2072        168          0          0   ROM Totals

==============================================================================

    Total RO  Size (Code + RO Data)                30436 (  29.72kB)
    Total RW  Size (RW Data + ZI Data)             18352 (  17.92kB)
    Total ROM Size (Code + RO Data + RW Data)      30604 (  29.89kB)

==============================================================================

